--------- beginning of main
09-28 17:36:27.079  7310  7310 W libprocessgroup: JoinCgroup: controller schedtune is not found
09-28 17:36:27.093  7252  7293 I CameraManagerGlobal: Connecting to camera service
09-28 17:36:27.109  7252  7328 D CameraManager2: GotArray:0
09-28 17:36:27.109  7252  7328 D CameraManager2: GotArray:1
09-28 17:36:27.109  7252  7328 D CameraManager2: GotArray:2
09-28 17:36:27.109  7252  7328 D CameraManager2: GotArray:3
09-28 17:36:27.109  7252  7328 D CameraManager2: GotArray:4
09-28 17:36:27.109  7252  7328 D CameraManager2: GotArray:5
09-28 17:36:27.111  7252  7331 D CameraManager2: GotArray:0
09-28 17:36:27.111  7252  7331 D CameraManager2: GotArray:1
09-28 17:36:27.111  7252  7331 D CameraManager2: GotArray:2
09-28 17:36:27.111  7252  7331 D CameraManager2: GotArray:3
09-28 17:36:27.111  7252  7331 D CameraManager2: GotArray:4
09-28 17:36:27.111  7252  7331 D CameraManager2: GotArray:5
09-28 17:36:27.122  7252  7331 D CameraManager2: GotArray:0
09-28 17:36:27.122  7252  7331 D CameraManager2: GotArray:1
09-28 17:36:27.122  7252  7331 D CameraManager2: GotArray:2
09-28 17:36:27.122  7252  7331 D CameraManager2: GotArray:3
09-28 17:36:27.122  7252  7331 D CameraManager2: GotArray:4
09-28 17:36:27.122  7252  7331 D CameraManager2: GotArray:5
09-28 17:36:27.135  7252  7331 D CameraManager2: GotArray:0
09-28 17:36:27.135  7252  7331 D CameraManager2: GotArray:1
09-28 17:36:27.135  7252  7331 D CameraManager2: GotArray:2
09-28 17:36:27.135  7252  7331 D CameraManager2: GotArray:3
09-28 17:36:27.135  7252  7331 D CameraManager2: GotArray:4
09-28 17:36:27.135  7252  7331 D CameraManager2: GotArray:5
09-28 17:36:27.135  7252  7325 W VideoCapabilities: Unsupported mime image/vnd.android.heic
09-28 17:36:27.135  7252  7325 W VideoCapabilities: Unsupported mime image/vnd.android.heic
09-28 17:36:27.140  7252  7331 D CameraManager2: GotArray:0
09-28 17:36:27.140  7252  7331 D CameraManager2: GotArray:1
09-28 17:36:27.140  7252  7331 D CameraManager2: GotArray:2
09-28 17:36:27.140  7252  7331 D CameraManager2: GotArray:3
09-28 17:36:27.140  7252  7331 D CameraManager2: GotArray:4
09-28 17:36:27.140  7252  7331 D CameraManager2: GotArray:5
09-28 17:36:27.148  7252  7252 D Zoran Log: : ZFlash State is : true
09-28 17:36:27.162  7252  7252 D Zoran Log: : ZFlash State is : true
09-28 17:36:27.165  7252  7325 D CameraManager2: GotArray:0
09-28 17:36:27.165  7252  7325 D CameraManager2: GotArray:1
09-28 17:36:27.165  7252  7325 D CameraManager2: GotArray:2
09-28 17:36:27.165  7252  7325 D CameraManager2: GotArray:3
09-28 17:36:27.165  7252  7325 D CameraManager2: GotArray:4
09-28 17:36:27.165  7252  7325 D CameraManager2: GotArray:5
09-28 17:36:27.178  7252  7252 I DeezNuts: MSG: SLIDER 1 FOCUS: 1.0E-4
09-28 17:36:27.178  7252  7252 I ProReC  : setprogres0
09-28 17:36:27.179  7252  7252 I DeezNuts: MSG: SLIDER 0 IDX: 0
09-28 17:36:27.179  7252  7252 I ProReC  : setprogres_iso0
09-28 17:36:27.179  7252  7252 I za.defcomk.prorec.cust2.RotSeek: setprogres_iso0
09-28 17:36:27.203  7252  7325 W CAM_A   : Build number (2ca1c2-18a86) is not a number. Ignoring version check for b/149569689.
09-28 17:36:27.199  7252  7252 W CriticalPath: type=1400 audit(0.0:117349): avc:  denied  { read } for  name="u:object_r:vendor_display_prop:s0" dev="tmpfs" ino=1948 scontext=u:r:untrusted_app_29:s0:c90,c257,c512,c768 tcontext=u:object_r:vendor_display_prop:s0 tclass=file permissive=0 app=com.google.android.GoogleCameraEngR18F1
09-28 17:36:27.207  7252  7331 W libc    : Access denied finding property "vendor.display.enable_optimal_refresh_rate"
09-28 17:36:27.203  7252  7252 W CriticalPath: type=1400 audit(0.0:117350): avc:  denied  { read } for  name="u:object_r:vendor_display_prop:s0" dev="tmpfs" ino=1948 scontext=u:r:untrusted_app_29:s0:c90,c257,c512,c768 tcontext=u:object_r:vendor_display_prop:s0 tclass=file permissive=0 app=com.google.android.GoogleCameraEngR18F1
09-28 17:36:27.221  7252  7252 W HWUI    : Unknown dataspace 0
09-28 17:36:27.251  7252  7252 W eCameraEngR18F1: type=1400 audit(0.0:117351): avc:  denied  { read } for  name="u:object_r:vendor_display_prop:s0" dev="tmpfs" ino=1948 scontext=u:r:untrusted_app_29:s0:c90,c257,c512,c768 tcontext=u:object_r:vendor_display_prop:s0 tclass=file permissive=0 app=com.google.android.GoogleCameraEngR18F1
09-28 17:36:27.257  7252  7252 W libc    : Access denied finding property "vendor.display.enable_optimal_refresh_rate"
09-28 17:36:27.258  7252  7300 I AdrenoGLES-0: QUALCOMM build                   : 923a446bf8, I23d7d7df15
09-28 17:36:27.258  7252  7300 I AdrenoGLES-0: Build Date                       : 09/05/24
09-28 17:36:27.258  7252  7300 I AdrenoGLES-0: OpenGL ES Shader Compiler Version: EV031.35.01.12
09-28 17:36:27.258  7252  7300 I AdrenoGLES-0: Local Branch                     : 
09-28 17:36:27.258  7252  7300 I AdrenoGLES-0: Remote Branch                    : refs/tags/AU_LINUX_ANDROID_LA.UM.9.14.11.00.00.571.148
09-28 17:36:27.258  7252  7300 I AdrenoGLES-0: Remote Branch                    : NONE
09-28 17:36:27.258  7252  7300 I AdrenoGLES-0: Reconstruct Branch               : NOTHING
09-28 17:36:27.258  7252  7300 I AdrenoGLES-0: Build Config                     : S P 10.0.7 AArch64
09-28 17:36:27.259  7252  7300 I AdrenoGLES-0: Driver Path                      : /vendor/lib64/egl/libGLESv2_adreno.so
09-28 17:36:27.269  7252  7300 I AdrenoGLES-0: PFP: 0x016ee201, ME: 0x00000000
09-28 17:36:27.294  7252  7300 I HWUI    : setGrContext nullptr-->validptr
09-28 17:36:27.330  7252  7252 W CAM_A   : Was already registered as ThermalStatusListener on AppStart
09-28 17:36:27.353  7252  7252 D CameraManager2: GotArray:0
09-28 17:36:27.353  7252  7252 D CameraManager2: GotArray:1
09-28 17:36:27.353  7252  7252 D CameraManager2: GotArray:2
09-28 17:36:27.353  7252  7252 D CameraManager2: GotArray:3
09-28 17:36:27.353  7252  7252 D CameraManager2: GotArray:4
09-28 17:36:27.353  7252  7252 D CameraManager2: GotArray:5
09-28 17:36:27.574  7252  7293 W System  : Attempt to load writable file: /data/user/0/com.google.android.GoogleCameraEngR18F1/files/libpatched_jni.so. This will throw on a future Android version
09-28 17:36:27.571  7252  7252 W GcaGeneric-1: type=1400 audit(0.0:117352): avc:  granted  { execute } for  path="/data/user/0/com.google.android.GoogleCameraEngR18F1/files/libpatched_jni.so" dev="dm-51" ino=355953 scontext=u:r:untrusted_app_29:s0:c90,c257,c512,c768 tcontext=u:object_r:app_data_file:s0:c90,c257,c512,c768 tclass=file app=com.google.android.GoogleCameraEngR18F1
09-28 17:36:27.581  7252  7293 D nativeloader: Load /data/user/0/com.google.android.GoogleCameraEngR18F1/files/libpatched_jni.so using class loader ns clns-7 (caller=/data/app/~~a9wSP1_7Mh4guBjRSfWJ0g==/com.google.android.GoogleCameraEngR18F1-bL_BM-ubZWzVdyQdTxFqBA==/base.apk): ok
09-28 17:36:27.582  7252  7293 D nativeloader: Load /data/app/~~a9wSP1_7Mh4guBjRSfWJ0g==/com.google.android.GoogleCameraEngR18F1-bL_BM-ubZWzVdyQdTxFqBA==/lib/arm64/libpairipcoreX.so using class loader ns clns-7 (caller=/data/app/~~a9wSP1_7Mh4guBjRSfWJ0g==/com.google.android.GoogleCameraEngR18F1-bL_BM-ubZWzVdyQdTxFqBA==/base.apk!classes2.dex): ok
09-28 17:36:27.592  7252  7252 D CameraManager2: GotArray:0
09-28 17:36:27.592  7252  7252 D CameraManager2: GotArray:1
09-28 17:36:27.592  7252  7252 D CameraManager2: GotArray:2
09-28 17:36:27.592  7252  7252 D CameraManager2: GotArray:3
09-28 17:36:27.592  7252  7252 D CameraManager2: GotArray:4
09-28 17:36:27.592  7252  7252 D CameraManager2: GotArray:5
09-28 17:36:27.597  7252  7252 D nativeloader: Load /data/app/~~a9wSP1_7Mh4guBjRSfWJ0g==/com.google.android.GoogleCameraEngR18F1-bL_BM-ubZWzVdyQdTxFqBA==/lib/arm64/libagc.so using class loader ns clns-7 (caller=/data/app/~~a9wSP1_7Mh4guBjRSfWJ0g==/com.google.android.GoogleCameraEngR18F1-bL_BM-ubZWzVdyQdTxFqBA==/base.apk!classes2.dex): ok
09-28 17:36:27.618  7252  7252 D CameraManager2: GotArray:0
09-28 17:36:27.618  7252  7252 D CameraManager2: GotArray:1
09-28 17:36:27.618  7252  7252 D CameraManager2: GotArray:2
09-28 17:36:27.618  7252  7252 D CameraManager2: GotArray:3
09-28 17:36:27.618  7252  7252 D CameraManager2: GotArray:4
09-28 17:36:27.618  7252  7252 D CameraManager2: GotArray:5
09-28 17:36:27.631  7252  7252 D CameraManager2: GotArray:0
09-28 17:36:27.631  7252  7252 D CameraManager2: GotArray:1
09-28 17:36:27.631  7252  7252 D CameraManager2: GotArray:2
09-28 17:36:27.631  7252  7252 D CameraManager2: GotArray:3
09-28 17:36:27.631  7252  7252 D CameraManager2: GotArray:4
09-28 17:36:27.631  7252  7252 D CameraManager2: GotArray:5
09-28 17:36:27.647  7252  7252 D CameraManager2: GotArray:0
09-28 17:36:27.647  7252  7252 D CameraManager2: GotArray:1
09-28 17:36:27.647  7252  7252 D CameraManager2: GotArray:2
09-28 17:36:27.647  7252  7252 D CameraManager2: GotArray:3
09-28 17:36:27.647  7252  7252 D CameraManager2: GotArray:4
09-28 17:36:27.647  7252  7252 D CameraManager2: GotArray:5
09-28 17:36:27.648  7252  7252 D CameraManager2: GotArray:0
09-28 17:36:27.649  7252  7252 D CameraManager2: GotArray:1
09-28 17:36:27.649  7252  7252 D CameraManager2: GotArray:2
09-28 17:36:27.649  7252  7252 D CameraManager2: GotArray:3
09-28 17:36:27.649  7252  7252 D CameraManager2: GotArray:4
09-28 17:36:27.649  7252  7252 D CameraManager2: GotArray:5
09-28 17:36:27.650  7252  7252 D CameraManager2: GotArray:0
09-28 17:36:27.650  7252  7252 D CameraManager2: GotArray:1
09-28 17:36:27.650  7252  7252 D CameraManager2: GotArray:2
09-28 17:36:27.650  7252  7252 D CameraManager2: GotArray:3
09-28 17:36:27.650  7252  7252 D CameraManager2: GotArray:4
09-28 17:36:27.650  7252  7252 D CameraManager2: GotArray:5
09-28 17:36:27.651  7252  7252 D CameraManager2: GotArray:0
09-28 17:36:27.651  7252  7252 D CameraManager2: GotArray:1
09-28 17:36:27.651  7252  7252 D CameraManager2: GotArray:2
09-28 17:36:27.651  7252  7252 D CameraManager2: GotArray:3
09-28 17:36:27.651  7252  7252 D CameraManager2: GotArray:4
09-28 17:36:27.651  7252  7252 D CameraManager2: GotArray:5
09-28 17:36:27.652  7252  7331 W CAM_A   : UI view not yet initialized
09-28 17:36:27.653  7252  7252 W FontsContract: Platform version of downloadable fonts is deprecated. Please use androidx version instead.
09-28 17:36:27.688  7252  7252 D CameraManager2: GotArray:0
09-28 17:36:27.688  7252  7252 D CameraManager2: GotArray:1
09-28 17:36:27.688  7252  7252 D CameraManager2: GotArray:2
09-28 17:36:27.688  7252  7252 D CameraManager2: GotArray:3
09-28 17:36:27.688  7252  7252 D CameraManager2: GotArray:4
09-28 17:36:27.688  7252  7252 D CameraManager2: GotArray:5
09-28 17:36:27.704  7252  7252 D CameraManager2: GotArray:0
09-28 17:36:27.704  7252  7252 D CameraManager2: GotArray:1
09-28 17:36:27.704  7252  7252 D CameraManager2: GotArray:2
09-28 17:36:27.704  7252  7252 D CameraManager2: GotArray:3
09-28 17:36:27.704  7252  7252 D CameraManager2: GotArray:4
09-28 17:36:27.704  7252  7252 D CameraManager2: GotArray:5
09-28 17:36:27.705  7252  7252 D CameraManager2: GotArray:0
09-28 17:36:27.705  7252  7252 D CameraManager2: GotArray:1
09-28 17:36:27.705  7252  7252 D CameraManager2: GotArray:2
09-28 17:36:27.705  7252  7252 D CameraManager2: GotArray:3
09-28 17:36:27.705  7252  7252 D CameraManager2: GotArray:4
09-28 17:36:27.705  7252  7252 D CameraManager2: GotArray:5
09-28 17:36:27.706  7252  7252 D CameraManager2: GotArray:0
09-28 17:36:27.706  7252  7252 D CameraManager2: GotArray:1
09-28 17:36:27.706  7252  7252 D CameraManager2: GotArray:2
09-28 17:36:27.706  7252  7252 D CameraManager2: GotArray:3
09-28 17:36:27.706  7252  7252 D CameraManager2: GotArray:4
09-28 17:36:27.706  7252  7252 D CameraManager2: GotArray:5
09-28 17:36:27.706  7252  7252 D CameraManager2: GotArray:0
09-28 17:36:27.706  7252  7252 D CameraManager2: GotArray:1
09-28 17:36:27.706  7252  7252 D CameraManager2: GotArray:2
09-28 17:36:27.706  7252  7252 D CameraManager2: GotArray:3
09-28 17:36:27.706  7252  7252 D CameraManager2: GotArray:4
09-28 17:36:27.706  7252  7252 D CameraManager2: GotArray:5
09-28 17:36:27.710  7252  7252 W FontsContract: Platform version of downloadable fonts is deprecated. Please use androidx version instead.
09-28 17:36:27.731  7252  7252 W CAM_A   : ModeSwitcher WAS ALREADY ENABLED!
09-28 17:36:27.733  7252  7252 D CameraManager2: GotArray:0
09-28 17:36:27.733  7252  7252 D CameraManager2: GotArray:1
09-28 17:36:27.733  7252  7252 D CameraManager2: GotArray:2
09-28 17:36:27.733  7252  7252 D CameraManager2: GotArray:3
09-28 17:36:27.733  7252  7252 D CameraManager2: GotArray:4
09-28 17:36:27.733  7252  7252 D CameraManager2: GotArray:5
09-28 17:36:27.734  7252  7252 D CameraManager2: GotArray:0
09-28 17:36:27.734  7252  7252 D CameraManager2: GotArray:1
09-28 17:36:27.734  7252  7252 D CameraManager2: GotArray:2
09-28 17:36:27.734  7252  7252 D CameraManager2: GotArray:3
09-28 17:36:27.734  7252  7252 D CameraManager2: GotArray:4
09-28 17:36:27.734  7252  7252 D CameraManager2: GotArray:5
09-28 17:36:27.735  7252  7252 D CameraManager2: GotArray:0
09-28 17:36:27.735  7252  7252 D CameraManager2: GotArray:1
09-28 17:36:27.735  7252  7252 D CameraManager2: GotArray:2
09-28 17:36:27.735  7252  7252 D CameraManager2: GotArray:3
09-28 17:36:27.735  7252  7252 D CameraManager2: GotArray:4
09-28 17:36:27.735  7252  7252 D CameraManager2: GotArray:5
09-28 17:36:27.736  7252  7252 D CameraManager2: GotArray:0
09-28 17:36:27.736  7252  7252 D CameraManager2: GotArray:1
09-28 17:36:27.736  7252  7252 D CameraManager2: GotArray:2
09-28 17:36:27.736  7252  7252 D CameraManager2: GotArray:3
09-28 17:36:27.736  7252  7252 D CameraManager2: GotArray:4
09-28 17:36:27.736  7252  7252 D CameraManager2: GotArray:5
09-28 17:36:27.751  7252  7252 I Choreographer: Skipped 30 frames!  The application may be doing too much work on its main thread.
09-28 17:36:27.768  7252  7252 I DeezNuts: MSG: SLIDER 1 FOCUS: 1.0E-4
09-28 17:36:27.768  7252  7252 I ProReC  : setprogres0
09-28 17:36:27.768  7252  7252 I DeezNuts: MSG: SLIDER 0 IDX: 0
09-28 17:36:27.768  7252  7252 I ProReC  : setprogres_iso0
09-28 17:36:27.768  7252  7252 I za.defcomk.prorec.cust2.RotSeek: setprogres_iso0
09-28 17:36:27.769  7252  7252 W View    : requestLayout() improperly called by com.google.android.material.button.MaterialButton{d4d0046 VFED..C.. ......I. 0,0-0,0 #7f0b000b app:id/AuxButtonMain} during layout: running second layout pass
09-28 17:36:27.770  7252  7252 W View    : requestLayout() improperly called by com.google.android.material.button.MaterialButton{db5d21e VFED..C.. ......I. 0,0-0,0 #7f0b0032 app:id/AuxButtonTele} during layout: running second layout pass
09-28 17:36:27.770  7252  7252 W View    : requestLayout() improperly called by com.google.android.material.button.MaterialButton{368f22a VFED..C.. ......I. 0,0-0,0 #7f0b0033 app:id/AuxButtonWide} during layout: running second layout pass
09-28 17:36:27.780  7252  7252 W libc    : Access denied finding property "vendor.display.enable_optimal_refresh_rate"
09-28 17:36:27.802  7252  7252 D CameraManager2: GotArray:0
09-28 17:36:27.802  7252  7252 D CameraManager2: GotArray:1
09-28 17:36:27.802  7252  7252 D CameraManager2: GotArray:2
09-28 17:36:27.802  7252  7252 D CameraManager2: GotArray:3
09-28 17:36:27.802  7252  7252 D CameraManager2: GotArray:4
09-28 17:36:27.802  7252  7252 D CameraManager2: GotArray:5
09-28 17:36:27.802  7252  7252 W CAM_A   : ModeSwitcher WAS ALREADY ENABLED!
09-28 17:36:28.166  7252  7521 W InteractionJankMonitor: Initializing without READ_DEVICE_CONFIG permission. enabled=false, interval=1, missedFrameThreshold=3, frameTimeThreshold=64, package=com.google.android.GoogleCameraEngR18F1
09-28 17:36:29.197  7252  7325 W CAM_A   : Extractor (frame) of type feature.acmi.imu.frame-straightness depends on foreign type feature.acmi.imu.camera-orientation! Feature values may be calculated out of order!
09-28 17:36:29.197  7252  7325 W CAM_A   : Extractor (frame) of type feature.acmi.imu.frame-straightness depends on foreign type feature.acmi.imu.camera-orientation! Feature values may be calculated out of order!
09-28 17:36:29.191  7252  7252 W MicrovideoQShar: type=1400 audit(0.0:117369): avc:  granted  { execute } for  path="/data/user/0/com.google.android.GoogleCameraEngR18F1/files/libpatched_jni.so" dev="dm-51" ino=355953 scontext=u:r:untrusted_app_29:s0:c90,c257,c512,c768 tcontext=u:object_r:app_data_file:s0:c90,c257,c512,c768 tclass=file app=com.google.android.GoogleCameraEngR18F1
09-28 17:36:29.219  7252  7252 W 00UiWorker: type=1400 audit(0.0:117370): avc:  granted  { execute } for  path="/data/user/0/com.google.android.GoogleCameraEngR18F1/files/libpatched_jni.so" dev="dm-51" ino=355953 scontext=u:r:untrusted_app_29:s0:c90,c257,c512,c768 tcontext=u:object_r:app_data_file:s0:c90,c257,c512,c768 tclass=file app=com.google.android.GoogleCameraEngR18F1
09-28 17:36:29.231  7252  7719 D MediaCodecList: codecHandlesFormat: no format, so no extra checks
09-28 17:36:29.233  7252  7719 D MediaCodecList: codecHandlesFormat: no format, so no extra checks
09-28 17:36:29.243  7252  7719 I MediaCodec: (0x78ed370000) init name(c2.qti.avc.encoder)
09-28 17:36:29.252  7252  7737 D CCodec  : allocate(c2.qti.avc.encoder)
09-28 17:36:29.251  7252  7252 W 00UiWorker: type=1400 audit(0.0:117372): avc:  granted  { execute } for  path="/data/user/0/com.google.android.GoogleCameraEngR18F1/files/libpatched_jni.so" dev="dm-51" ino=355953 scontext=u:r:untrusted_app_29:s0:c90,c257,c512,c768 tcontext=u:object_r:app_data_file:s0:c90,c257,c512,c768 tclass=file app=com.google.android.GoogleCameraEngR18F1
09-28 17:36:29.251  7252  7252 W GcaGeneric-2: type=1400 audit(0.0:117373): avc:  granted  { execute } for  path="/data/user/0/com.google.android.GoogleCameraEngR18F1/files/libpatched_jni.so" dev="dm-51" ino=355953 scontext=u:r:untrusted_app_29:s0:c90,c257,c512,c768 tcontext=u:object_r:app_data_file:s0:c90,c257,c512,c768 tclass=file app=com.google.android.GoogleCameraEngR18F1
09-28 17:36:29.264  7252  7737 I Codec2Client: Available Codec2 services: "default" "default9" "software"
09-28 17:36:29.268  7252  7737 I CCodec  : setting up 'default' as default (vendor) store
09-28 17:36:29.272  7252  7361 W CAM_A   : UNINITIALIZED > result sensor delay = 2,00 > 1,10
09-28 17:36:29.279  7252  7252 W 00UiWorker: type=1400 audit(0.0:117374): avc:  granted  { execute } for  path="/data/user/0/com.google.android.GoogleCameraEngR18F1/files/libpatched_jni.so" dev="dm-51" ino=355953 scontext=u:r:untrusted_app_29:s0:c90,c257,c512,c768 tcontext=u:object_r:app_data_file:s0:c90,c257,c512,c768 tclass=file app=com.google.android.GoogleCameraEngR18F1
09-28 17:36:29.294  7252  7361 W CAM_A   : UNINITIALIZED > rel Δ(result sensor timestamp) = 0,50 > 0,25
09-28 17:36:29.296  7252  7737 I CCodec  : Created component [c2.qti.avc.encoder]
09-28 17:36:29.296  7252  7325 D nativeloader: Load /data/app/~~a9wSP1_7Mh4guBjRSfWJ0g==/com.google.android.GoogleCameraEngR18F1-bL_BM-ubZWzVdyQdTxFqBA==/lib/arm64/libsmartcapture_native.so using class loader ns clns-7 (caller=/data/app/~~a9wSP1_7Mh4guBjRSfWJ0g==/com.google.android.GoogleCameraEngR18F1-bL_BM-ubZWzVdyQdTxFqBA==/base.apk): ok
09-28 17:36:29.296  7252  7737 D CCodecConfig: read media type: video/avc
09-28 17:36:29.301  7252  7737 D ReflectedParamUpdater: ignored struct field coding.gop.values
09-28 17:36:29.303  7252  7325 I tflite  : Initialized TensorFlow Lite runtime.
09-28 17:36:29.304  7252  7737 D ReflectedParamUpdater: extent() != 1 for single value type: vendor.qti-ext-enc-info-metadata-cvp.reserved
09-28 17:36:29.299  7252  7252 W GcaGeneric-1: type=1400 audit(0.0:117375): avc:  granted  { execute } for  path="/data/user/0/com.google.android.GoogleCameraEngR18F1/files/libpatched_jni.so" dev="dm-51" ino=355953 scontext=u:r:untrusted_app_29:s0:c90,c257,c512,c768 tcontext=u:object_r:app_data_file:s0:c90,c257,c512,c768 tclass=file app=com.google.android.GoogleCameraEngR18F1
09-28 17:36:29.305  7252  7504 E GoLog   : INFO: Initialized TensorFlow Lite runtime.
09-28 17:36:29.307  7252  7737 D ReflectedParamUpdater: extent() != 1 for single value type: output.buffers.pool-ids.values
09-28 17:36:29.310  7252  7325 W libc    : Access denied finding property "ro.hardware.chipname"
09-28 17:36:29.320  7252  7737 D CCodecConfig: ignoring local param raw.color (0xc2001809) as it is already supported
09-28 17:36:29.320  7252  7325 I tflite  : Created TensorFlow Lite XNNPACK delegate for CPU.
09-28 17:36:29.321  7252  7504 E GoLog   : INFO: Created TensorFlow Lite XNNPACK delegate for CPU.
09-28 17:36:29.321  7252  7325 I tflite  : Replacing 5 node(s) with delegate (TfLiteXNNPackDelegate) node, yielding 1 partitions.
09-28 17:36:29.321  7252  7504 E GoLog   : INFO: Replacing 5 node(s) with delegate (TfLiteXNNPackDelegate) node, yielding 1 partitions.
09-28 17:36:29.324  7252  7737 I CCodecConfig: query failed after returning 23 values (BAD_INDEX)
09-28 17:36:29.324  7252  7737 D CCodecConfig: c2 config diff is Dict {
09-28 17:36:29.324  7252  7737 D CCodecConfig:   c2::u32 algo.bitrate-mode.value = 3
09-28 17:36:29.324  7252  7737 D CCodecConfig:   c2::u32 algo.complexity.value = 0
09-28 17:36:29.324  7252  7737 D CCodecConfig:   c2::i32 algo.priority.value = 0
09-28 17:36:29.324  7252  7737 D CCodecConfig:   c2::float algo.rate.value = 30
09-28 17:36:29.324  7252  7737 D CCodecConfig:   c2::u32 algo.secure-mode.value = 0
09-28 17:36:29.324  7252  7737 D CCodecConfig:   c2::i32 coded.average-qp.value = 0
09-28 17:36:29.324  7252  7737 D CCodecConfig:   c2::u32 coded.bitrate.value = 20000000
09-28 17:36:29.324  7252  7737 D CCodecConfig:   c2::float coded.frame-rate.value = 30
09-28 17:36:29.324  7252  7737 D CCodecConfig:   c2::u32 coded.picture-type.value = 0
09-28 17:36:29.324  7252  7737 D CCodecConfig:   c2::u32 coded.pl.level = 0
09-28 17:36:29.324  7252  7737 D CCodecConfig:   c2::u32 coded.pl.profile = 20484
09-28 17:36:29.324  7252  7737 D CCodecConfig:   c2::u32 coded.vui.color.matrix = 255
09-28 17:36:29.324  7252  7737 D CCodecConfig:   c2::u32 coded.vui.color.primaries = 0
09-28 17:36:29.324  7252  7737 D CCodecConfig:   c2::u32 coded.vui.color.range = 0
09-28 17:36:29.324  7252  7737 D CCodecConfig:   c2::u32 coded.vui.color.transfer = 255
09-28 17:36:29.324  7252  7737 D CCodecConfig:   c2::u32 coding.intra-refresh.mode = 0
09-28 17:36:29.324  7252  7737 D CCodecConfig:   c2::float coding.intra-refresh.period = 0
09-28 17:36:29.324  7252  7737 D CCodecConfig:   c2::u32 coding.request-sync-frame.value = 0
09-28 17:36:29.324  7252  7737 D CCodecConfig:   c2::i64 coding.sync-frame-interval.value = 1000000
09-28 17:36:29.324  7252  7737 D CCodecConfig:   Buffer coding.temporal-layering = {
09-28 17:36:29.324  7252  7737 D CCodecConfig:     00000000:  10 00 00 00 07 20 01 52  00 00 00 00 00 00 00 00  ..... .R........
09-28 17:36:29.324  7252  7737 D CCodecConfig:   }
09-28 17:36:29.324  7252  7737 D CCodecConfig:   c2::u32 default.color.matrix = 0
09-28 17:36:29.324  7252  7737 D CCodecConfig:   c2::u32 default.color.primaries = 0
09-28 17:36:29.324  7252  7737 D CCodecConfig:   c2::u32 default.color.range = 0
09-28 17:36:29.324  7252  7737 D CCodecConfig:   c2::u32 default.color.trans
09-28 17:36:29.325  7252  7737 W ColorUtils: expected specified color aspects (0:0:255:255)
09-28 17:36:29.325  7252  7733 I MediaCodec: (0x78ed370000) Component Allocated (c2.qti.avc.encoder)
09-28 17:36:29.332  7252  7293 W CAM_CameraDeviceVerifie: Tag CameraDeviceVerifier is 1 chars longer than limit.
09-28 17:36:29.332  7252  7745 D MediaCodecList: codecHandlesFormat: no format, so no extra checks
09-28 17:36:29.334  7252  7293 D CameraManager2: GotArray:0
09-28 17:36:29.334  7252  7293 D CameraManager2: GotArray:1
09-28 17:36:29.334  7252  7293 D CameraManager2: GotArray:2
09-28 17:36:29.334  7252  7293 D CameraManager2: GotArray:3
09-28 17:36:29.334  7252  7293 D CameraManager2: GotArray:4
09-28 17:36:29.334  7252  7293 D CameraManager2: GotArray:5
09-28 17:36:29.335  7252  7745 I MediaCodec: (0x78d6d73800) init name(c2.android.vorbis.decoder)
09-28 17:36:29.335  7252  7331 D CameraManager2: GotArray:0
09-28 17:36:29.335  7252  7331 D CameraManager2: GotArray:1
09-28 17:36:29.335  7252  7331 D CameraManager2: GotArray:2
09-28 17:36:29.335  7252  7331 D CameraManager2: GotArray:3
09-28 17:36:29.335  7252  7331 D CameraManager2: GotArray:4
09-28 17:36:29.335  7252  7331 D CameraManager2: GotArray:5
09-28 17:36:29.335  7252  7744 D MediaCodecList: codecHandlesFormat: no format, so no extra checks
09-28 17:36:29.339  7252  7753 D CCodec  : allocate(c2.android.vorbis.decoder)
09-28 17:36:29.340  7252  7744 I MediaCodec: (0x78d6dd0000) init name(c2.android.vorbis.decoder)
09-28 17:36:29.342  7252  7325 I Manager : DeviceManager::DeviceManager
09-28 17:36:29.343  7252  7325 W ServerFlag: Failed to parse result of GetServerConfigurableFlag, errno=34
09-28 17:36:29.343  7252  7325 I Manager : findAvailableDevices
09-28 17:36:29.343  7252  7754 D CCodec  : allocate(c2.android.vorbis.decoder)
09-28 17:36:29.343  7252  7719 D CodecSeeding: Seed: codec c2.qti.avc.encoder, mediatype video/avc, overrideable 1
09-28 17:36:29.343  7252  7719 D CodecProperties: setTuningValue(vq-target-bpp,0)
09-28 17:36:29.343  7252  7719 D CodecProperties: setTuningValue(vq-target-bpp-1080p,1.90)
09-28 17:36:29.343  7252  7719 D CodecProperties: setTuningValue(vq-target-bpp-720p,2.25)
09-28 17:36:29.343  7252  7719 D CodecProperties: setTuningValue(vq-target-bpp-540p,2.65)
09-28 17:36:29.343  7252  7719 D CodecProperties: setTuningValue(vq-target-bpp-480p,3.00)
09-28 17:36:29.343  7252  7719 D CodecProperties: setTuningValue(vq-target-bpp-320x240,0)
09-28 17:36:29.343  7252  7719 D CodecProperties: setTuningValue(vq-target-qpmax,-1)
09-28 17:36:29.343  7252  7719 D CodecProperties: setTuningValue(vq-target-qpmax-1080p,45)
09-28 17:36:29.343  7252  7719 D CodecProperties: setTuningValue(vq-target-qpmax-720p,43)
09-28 17:36:29.343  7252  7719 D CodecProperties: setTuningValue(vq-target-qpmax-540p,42)
09-28 17:36:29.343  7252  7719 D CodecProperties: setTuningValue(vq-target-qpmax-480p,38)
09-28 17:36:29.343  7252  7719 D CodecProperties: setTuningValue(vq-bitrate-phaseout,1.75)
09-28 17:36:29.343  7252  7719 D CodecProperties: setTuningValue(vq-boost-missing-qp,0.20)
09-28 17:36:29.343  7252  7719 D CodecProperties: setFeatureValue(can-swap-width-height,1)
09-28 17:36:29.343  7252  7719 D CodecProperties: setFeatureValue(intra-refresh,0)
09-28 17:36:29.343  7252  7719 D CodecProperties: setTuningValue(vq-target-bpp-1280x720,4.50)
09-28 17:36:29.343  7252  7719 D CodecProperties: setTuningValue(vq-target-bpp-1920x1080,3.80)
09-28 17:36:29.343  7252  7719 D CodecProperties: setTuningValue(vq-target-bpp-640x480,5.25)
09-28 17:36:29.343  7252  7719 D CodecProperties: setTuningValue(vq-target-bpp-960x540,4.63)
09-28 17:36:29.343  7252  7719 D CodecProperties: setFeatureValue(_vq_eligible.device,1)
09-28 17:36:29.343  7252  7719 D CodecProperties: setFeatureValue(_quality.target,1)
09-28 17:36:29.343  7252  7719 D CodecSeeding: Seed: codec c2.qti.avc.encoder, mediatype video/avc, overrideable 0
09-28 17:36:29.343  7252  7719 D VQApply : minquality: 2048x1536 outside of shaping range
09-28 17:36:29.344  7252  7719 D MediaCodec: shapeMediaFormat: deltas(1): AMessage(what = 0x00000000) = {
09-28 17:36:29.344  7252  7719 D MediaCodec:     int32_t android._encoding-quality-level = 0
09-28 17:36:29.344  7252  7719 D MediaCodec:   }
09-28 17:36:29.344  7252  7719 I MediaCodec: (0x78ed370000) configure surface(0x0) crypto(0x0) flags(1)
09-28 17:36:29.344  7252  7719 D MediaCodec: (0x78ed370000) configure format: AMessage(what = 0x00000000) = {
09-28 17:36:29.344  7252  7719 D MediaCodec:       int32_t color-format = 2130708361
09-28 17:36:29.344  7252  7719 D MediaCodec:       float i-frame-interval = 3600.000000
09-28 17:36:29.344  7252  7719 D MediaCodec:       int32_t level = 32768
09-28 17:36:29.344  7252  7719 D MediaCodec:       string mime = "video/avc"
09-28 17:36:29.344  7252  7719 D MediaCodec:       int32_t profile = 8
09-28 17:36:29.344  7252  7719 D MediaCodec:       int32_t latency = 1
09-28 17:36:29.344  7252  7719 D MediaCodec:       int32_t bitrate = 19000000
09-28 17:36:29.344  7252  7719 D MediaCodec:       int32_t color-standard = 2
09-28 17:36:29.344  7252  7719 D MediaCodec:       int32_t oo.muxer.drop_initial_non_keyframes = 1
09-28 17:36:29.344  7252  7719 D MediaCodec:       int32_t color-transfer = 3
09-28 17:36:29.344  7252  7719 D MediaCodec:       int32_t width = 2048
09-28 17:36:29.344  7252  7719 D MediaCodec:       int32_t color-range = 2
09-28 17:36:29.344  7252  7719 D MediaCodec:       int32_t frame-rate = 30
09-28 17:36:29.344  7252  7719 D MediaCodec:       int32_t height = 1536
09-28 17:36:29.344  7252  7719 D MediaCodec:       int32_t android._encoding-quality-level = 0
09-28 17:36:29.344  7252  7719 D MediaCodec:     }
09-28 17:36:29.344  7252  7737 D CCodec  : [c2.qti.avc.encoder] buffers are bound to CCodec for this session
09-28 17:36:29.345  7252  7753 I CCodec  : setting up 'default' as default (vendor) store
09-28 17:36:29.345  7252  7737 D CCodecConfig: no c2 equivalents for color-format
09-28 17:36:29.346  7252  7737 D CCodecConfig: no c2 equivalents for color-standard
09-28 17:36:29.346  7252  7737 D CCodecConfig: no c2 equivalents for oo.muxer.drop_initial_non_keyframes
09-28 17:36:29.346  7252  7737 D CCodecConfig: no c2 equivalents for flags
09-28 17:36:29.346  7252  7737 D CCodecConfig: no c2 equivalents for encoder
09-28 17:36:29.349  7252  7737 D CCodecConfig: Bad parameter value
09-28 17:36:29.349  7252  7737 D CCodecConfig: c2 config diff is   c2::u32 coded.bitrate.value = 19000000
09-28 17:36:29.349  7252  7737 D CCodecConfig:   c2::u32 coded.pl.level = 20495
09-28 17:36:29.349  7252  7737 D CCodecConfig:   c2::u32 coded.vui.color.matrix = 3
09-28 17:36:29.349  7252  7737 D CCodecConfig:   c2::u32 coded.vui.color.primaries = 3
09-28 17:36:29.349  7252  7737 D CCodecConfig:   c2::u32 coded.vui.color.range = 2
09-28 17:36:29.349  7252  7737 D CCodecConfig:   c2::u32 coded.vui.color.transfer = 3
09-28 17:36:29.349  7252  7737 D CCodecConfig:   c2::i64 coding.sync-frame-interval.value = 3600000000
09-28 17:36:29.349  7252  7737 D CCodecConfig:   c2::u32 raw.color.matrix = 3
09-28 17:36:29.349  7252  7737 D CCodecConfig:   c2::u32 raw.color.primaries = 3
09-28 17:36:29.349  7252  7737 D CCodecConfig:   c2::u32 raw.color.range = 2
09-28 17:36:29.349  7252  7737 D CCodecConfig:   c2::u32 raw.color.transfer = 3
09-28 17:36:29.349  7252  7737 D CCodecConfig:   c2::u32 raw.pixel-format.value = 34
09-28 17:36:29.349  7252  7737 D CCodecConfig:   c2::u32 raw.size.height = 1536
09-28 17:36:29.350  7252  7325 I tflite  : Created TensorFlow Lite delegate for NNAPI.
09-28 17:36:29.350  7252  7325 I acceleration: ModifyGraphWithDelegate model namespace: unknown_namespace model id: unknown_model_id accelerator name: NNAPI:
09-28 17:36:29.350  7252  7737 W CCodec  : failed to configure c2 params
09-28 17:36:29.350  7252  7504 E GoLog   : INFO: Created TensorFlow Lite delegate for NNAPI.
09-28 17:36:29.350  7252  7733 E MediaCodec: Codec reported err 0xffffffea/BAD_VALUE, actionCode 0, while in state 3/CONFIGURING
09-28 17:36:29.351  7252  7719 E MediaCodec: configure failed with err 0xffffffea, resetting...
09-28 17:36:29.351  7252  7719 I MediaCodec: (0x78ed370000) release
09-28 17:36:29.357  7252  7753 I CCodec  : Created component [c2.android.vorbis.decoder]
09-28 17:36:29.357  7252  7753 D CCodecConfig: read media type: audio/vorbis
09-28 17:36:29.358  7252  7719 I MediaCodec: (0x78ed370000) init name(c2.qti.avc.encoder)
09-28 17:36:29.359  7252  7755 I hw-BpHwBinder: onLastStrongRef automatically unlinking death recipients
09-28 17:36:29.359  7252  7737 D CCodec  : allocate(c2.qti.avc.encoder)
09-28 17:36:29.360  7252  7753 D ReflectedParamUpdater: extent() != 1 for single value type: algo.buffers.max-count.values
09-28 17:36:29.360  7252  7753 D ReflectedParamUpdater: extent() != 1 for single value type: output.subscribed-indices.values
09-28 17:36:29.361  7252  7753 D ReflectedParamUpdater: extent() != 1 for single value type: input.buffers.allocator-ids.values
09-28 17:36:29.361  7252  7753 D ReflectedParamUpdater: extent() != 1 for single value type: output.buffers.allocator-ids.values
09-28 17:36:29.362  7252  7737 I CCodec  : setting up 'default' as default (vendor) store
09-28 17:36:29.362  7252  7753 D ReflectedParamUpdater: extent() != 1 for single value type: algo.buffers.allocator-ids.values
09-28 17:36:29.362  7252  7753 D ReflectedParamUpdater: extent() != 1 for single value type: output.buffers.pool-ids.values
09-28 17:36:29.362  7252  7753 D ReflectedParamUpdater: extent() != 1 for single value type: algo.buffers.pool-ids.values
09-28 17:36:29.364  7252  7753 I CCodecConfig: query failed after returning 8 values (BAD_INDEX)
09-28 17:36:29.364  7252  7753 D CCodecConfig: c2 config diff is Dict {
09-28 17:36:29.364  7252  7753 D CCodecConfig:   c2::u32 coded.bitrate.value = 64000
09-28 17:36:29.364  7252  7753 D CCodecConfig:   c2::u32 input.buffers.max-size.value = 32768
09-28 17:36:29.364  7252  7753 D CCodecConfig:   c2::u32 input.delay.value = 0
09-28 17:36:29.364  7252  7753 D CCodecConfig:   string input.media-type.value = "audio/vorbis"
09-28 17:36:29.364  7252  7753 D CCodecConfig:   c2::u32 output.large-frame.max-size = 0
09-28 17:36:29.364  7252  7753 D CCodecConfig:   c2::u32 output.large-frame.threshold-size = 0
09-28 17:36:29.364  7252  7753 D CCodecConfig:   string output.media-type.value = "audio/raw"
09-28 17:36:29.364  7252  7753 D CCodecConfig:   c2::u32 raw.channel-count.value = 1
09-28 17:36:29.364  7252  7753 D CCodecConfig:   c2::u32 raw.sample-rate.value = 48000
09-28 17:36:29.364  7252  7753 D CCodecConfig: }
09-28 17:36:29.365  7252  7753 I MediaCodec: (0x78d6d73800) Component Allocated (c2.android.vorbis.decoder)
09-28 17:36:29.367  7252  7745 I MediaCodec: (0x78d6d73800) configure surface(0x0) crypto(0x0) flags(0)
09-28 17:36:29.367  7252  7745 D MediaCodec: (0x78d6d73800) configure format: AMessage(what = 0x00000000) = {
09-28 17:36:29.367  7252  7745 D MediaCodec:       string mime = "audio/vorbis"
09-28 17:36:29.367  7252  7745 D MediaCodec:       int64_t durationUs = 97083
09-28 17:36:29.367  7252  7745 D MediaCodec:       int32_t track-id = 1
09-28 17:36:29.367  7252  7745 D MediaCodec:       Buffer csd-0 = {
09-28 17:36:29.367  7252  7745 D MediaCodec:         00000000:  01 76 6f 72 62 69 73 00  00 00 00 01 80 bb 00 00  .vorbis.........
09-28 17:36:29.367  7252  7745 D MediaCodec:         00000010:  00 00 00 00 c0 d4 01 00  00 00 00 00 b8 01        ..............
09-28 17:36:29.367  7252  7745 D MediaCodec:       }
09-28 17:36:29.367  7252  7745 D MediaCodec:       Buffer *csd-1 = 0x78d6dd63c0
09-28 17:36:29.367  7252  7745 D MediaCodec:       int32_t bitrate = 120000
09-28 17:36:29.367  7252  7745 D MediaCodec:       int32_t channel-count = 1
09-28 17:36:29.367  7252  7745 D MediaCodec:       int32_t sample-rate = 48000
09-28 17:36:29.367  7252  7745 D MediaCodec:       int32_t channel-mask = 1
09-28 17:36:29.367  7252  7745 D MediaCodec:     }
09-28 17:36:29.367  7252  7753 D CCodec  : [c2.android.vorbis.decoder] buffers are bound to CCodec for this session
09-28 17:36:29.367  7252  7753 D CCodecConfig: no c2 equivalents for durationUs
09-28 17:36:29.367  7252  7754 I CCodec  : setting up 'default' as default (vendor) store
09-28 17:36:29.368  7252  7753 D CCodecConfig: no c2 equivalents for track-id
09-28 17:36:29.368  7252  7753 D CCodecConfig: no c2 equivalents for csd-1
09-28 17:36:29.368  7252  7753 D CCodecConfig: no c2 equivalents for flags
09-28 17:36:29.369  7252  7753 D CCodecConfig: c2 config diff is   c2::u32 coded.bitrate.value = 120000
09-28 17:36:29.369  7252  7753 W Codec2Client: query -- param skipped: index = 1107298332.
09-28 17:36:29.369  7252  7753 D CCodec  : encoding statistics level = 0
09-28 17:36:29.369  7252  7753 D CCodec  : setup formats input: AMessage(what = 0x00000000) = {
09-28 17:36:29.369  7252  7753 D CCodec  :   int32_t bitrate = 120000
09-28 17:36:29.369  7252  7753 D CCodec  :   int32_t channel-count = 1
09-28 17:36:29.369  7252  7753 D CCodec  :   int32_t max-input-size = 32768
09-28 17:36:29.369  7252  7753 D CCodec  :   string mime = "audio/vorbis"
09-28 17:36:29.369  7252  7753 D CCodec  :   int32_t sample-rate = 48000
09-28 17:36:29.369  7252  7753 D CCodec  : }
09-28 17:36:29.370  7252  7753 D CCodec  : setup formats output: AMessage(what = 0x00000000) = {
09-28 17:36:29.370  7252  7753 D CCodec  :   int32_t buffer-batch-max-output-size = 0
09-28 17:36:29.370  7252  7753 D CCodec  :   int32_t buffer-batch-threshold-output-size = 0
09-28 17:36:29.370  7252  7753 D CCodec  :   int32_t channel-count = 1
09-28 17:36:29.370  7252  7753 D CCodec  :   string mime = "audio/raw"
09-28 17:36:29.370  7252  7753 D CCodec  :   int32_t sample-rate = 48000
09-28 17:36:29.370  7252  7753 D CCodec  :   int32_t channel-mask = 1
09-28 17:36:29.370  7252  7753 D CCodec  :   int32_t android._config-pcm-encoding = 2
09-28 17:36:29.370  7252  7753 D CCodec  : }
09-28 17:36:29.370  7252  7753 I CCodecConfig: query failed after returning 8 values (BAD_INDEX)
09-28 17:36:29.370  7252  7745 I MediaCodec: (0x78d6d73800) start
09-28 17:36:29.371  7252  7753 W Codec2Client: query -- param skipped: index = 1342179345.
09-28 17:36:29.371  7252  7753 W Codec2Client: query -- param skipped: index = 2415921170.
09-28 17:36:29.371  7252  7753 D C2Store : Using ION
09-28 17:36:29.372  7252  7754 I CCodec  : Created component [c2.android.vorbis.decoder]
09-28 17:36:29.372  7252  7754 D CCodecConfig: read media type: audio/vorbis
09-28 17:36:29.373  7252  7753 D CCodecBufferChannel: [c2.android.vorbis.decoder#768] Created input block pool with allocatorID 16 => poolID 17 - OK (0)
09-28 17:36:29.374  7252  7754 D ReflectedParamUpdater: extent() != 1 for single value type: algo.buffers.max-count.values
09-28 17:36:29.375  7252  7754 D ReflectedParamUpdater: extent() != 1 for single value type: output.subscribed-indices.values
09-28 17:36:29.375  7252  7754 D ReflectedParamUpdater: extent() != 1 for single value type: input.buffers.allocator-ids.values
09-28 17:36:29.375  7252  7754 D ReflectedParamUpdater: extent() != 1 for single value type: output.buffers.allocator-ids.values
09-28 17:36:29.375  7252  7753 I CCodecBufferChannel: [c2.android.vorbis.decoder#768] Created output block pool with allocatorID 16 => poolID 2302 - OK
09-28 17:36:29.376  7252  7754 D ReflectedParamUpdater: extent() != 1 for single value type: algo.buffers.allocator-ids.values
09-28 17:36:29.376  7252  7753 D CCodecBufferChannel: [c2.android.vorbis.decoder#768] Configured output block pool ids 2302 => OK
09-28 17:36:29.376  7252  7754 D ReflectedParamUpdater: extent() != 1 for single value type: output.buffers.pool-ids.values
09-28 17:36:29.376  7252  7754 D ReflectedParamUpdater: extent() != 1 for single value type: algo.buffers.pool-ids.values
09-28 17:36:29.376  7252  7753 D CCodecBufferChannel: [c2.android.vorbis.decoder#768] start: updating output delay 0
09-28 17:36:29.377  7252  7754 I CCodecConfig: query failed after returning 8 values (BAD_INDEX)
09-28 17:36:29.377  7252  7754 D CCodecConfig: c2 config diff is Dict {
09-28 17:36:29.377  7252  7754 D CCodecConfig:   c2::u32 coded.bitrate.value = 64000
09-28 17:36:29.377  7252  7754 D CCodecConfig:   c2::u32 input.buffers.max-size.value = 32768
09-28 17:36:29.377  7252  7754 D CCodecConfig:   c2::u32 input.delay.value = 0
09-28 17:36:29.377  7252  7754 D CCodecConfig:   string input.media-type.value = "audio/vorbis"
09-28 17:36:29.377  7252  7754 D CCodecConfig:   c2::u32 output.large-frame.max-size = 0
09-28 17:36:29.377  7252  7754 D CCodecConfig:   c2::u32 output.large-frame.threshold-size = 0
09-28 17:36:29.377  7252  7754 D CCodecConfig:   string output.media-type.value = "audio/raw"
09-28 17:36:29.377  7252  7754 D CCodecConfig:   c2::u32 raw.channel-count.value = 1
09-28 17:36:29.377  7252  7754 D CCodecConfig:   c2::u32 raw.sample-rate.value = 48000
09-28 17:36:29.377  7252  7754 D CCodecConfig: }
09-28 17:36:29.378  7252  7754 I MediaCodec: (0x78d6dd0000) Component Allocated (c2.android.vorbis.decoder)
09-28 17:36:29.378  7252  7737 I CCodec  : Created component [c2.qti.avc.encoder]
09-28 17:36:29.379  7252  7737 D CCodecConfig: read media type: video/avc
09-28 17:36:29.379  7252  7753 I MediaCodec: (0x78d6d73800) kWhatStartCompleted
09-28 17:36:29.380  7252  7744 I MediaCodec: (0x78d6dd0000) configure surface(0x0) crypto(0x0) flags(0)
09-28 17:36:29.380  7252  7744 D MediaCodec: (0x78d6dd0000) configure format: AMessage(what = 0x00000000) = {
09-28 17:36:29.380  7252  7744 D MediaCodec:       string mime = "audio/vorbis"
09-28 17:36:29.380  7252  7744 D MediaCodec:       int64_t durationUs = 282086
09-28 17:36:29.380  7252  7744 D MediaCodec:       int32_t track-id = 1
09-28 17:36:29.380  7252  7744 D MediaCodec:       Buffer csd-0 = {
09-28 17:36:29.380  7252  7744 D MediaCodec:         00000000:  01 76 6f 72 62 69 73 00  00 00 00 01 44 ac 00 00  .vorbis.....D...
09-28 17:36:29.380  7252  7744 D MediaCodec:         00000010:  00 00 00 00 80 38 01 00  00 00 00 00 b8 01        .....8........
09-28 17:36:29.380  7252  7744 D MediaCodec:       }
09-28 17:36:29.380  7252  7744 D MediaCodec:       Buffer *csd-1 = 0x78d6dd6c80
09-28 17:36:29.380  7252  7744 D MediaCodec:       int32_t bitrate = 80000
09-28 17:36:29.380  7252  7744 D MediaCodec:       int32_t channel-count = 1
09-28 17:36:29.380  7252  7744 D MediaCodec:       int32_t sample-rate = 44100
09-28 17:36:29.380  7252  7744 D MediaCodec:       int32_t channel-mask = 1
09-28 17:36:29.380  7252  7744 D MediaCodec:     }
09-28 17:36:29.381  7252  7754 D CCodec  : [c2.android.vorbis.decoder] buffers are bound to CCodec for this session
09-28 17:36:29.381  7252  7754 D CCodecConfig: no c2 equivalents for durationUs
09-28 17:36:29.381  7252  7754 D CCodecConfig: no c2 equivalents for track-id
09-28 17:36:29.381  7252  7754 D CCodecConfig: no c2 equivalents for csd-1
09-28 17:36:29.381  7252  7754 D CCodecConfig: no c2 equivalents for flags
09-28 17:36:29.383  7252  7737 D ReflectedParamUpdater: ignored struct field coding.gop.values
09-28 17:36:29.383  7252  7754 D CCodecConfig: c2 config diff is   c2::u32 coded.bitrate.value = 80000
09-28 17:36:29.383  7252  7754 D CCodecConfig:   c2::u32 raw.sample-rate.value = 44100
09-28 17:36:29.384  7252  7754 W Codec2Client: query -- param skipped: index = 1107298332.
09-28 17:36:29.384  7252  7754 D CCodec  : encoding statistics level = 0
09-28 17:36:29.385  7252  7754 D CCodec  : setup formats input: AMessage(what = 0x00000000) = {
09-28 17:36:29.385  7252  7754 D CCodec  :   int32_t bitrate = 80000
09-28 17:36:29.385  7252  7754 D CCodec  :   int32_t channel-count = 1
09-28 17:36:29.385  7252  7754 D CCodec  :   int32_t max-input-size = 32768
09-28 17:36:29.385  7252  7754 D CCodec  :   string mime = "audio/vorbis"
09-28 17:36:29.385  7252  7754 D CCodec  :   int32_t sample-rate = 44100
09-28 17:36:29.385  7252  7754 D CCodec  : }
09-28 17:36:29.385  7252  7754 D CCodec  : setup formats output: AMessage(what = 0x00000000) = {
09-28 17:36:29.385  7252  7754 D CCodec  :   int32_t buffer-batch-max-output-size = 0
09-28 17:36:29.385  7252  7754 D CCodec  :   int32_t buffer-batch-threshold-output-size = 0
09-28 17:36:29.385  7252  7754 D CCodec  :   int32_t channel-count = 1
09-28 17:36:29.385  7252  7754 D CCodec  :   string mime = "audio/raw"
09-28 17:36:29.385  7252  7754 D CCodec  :   int32_t sample-rate = 44100
09-28 17:36:29.385  7252  7754 D CCodec  :   int32_t channel-mask = 1
09-28 17:36:29.385  7252  7754 D CCodec  :   int32_t android._config-pcm-encoding = 2
09-28 17:36:29.385  7252  7754 D CCodec  : }
09-28 17:36:29.385  7252  7754 I CCodecConfig: query failed after returning 8 values (BAD_INDEX)
09-28 17:36:29.386  7252  7744 I MediaCodec: (0x78d6dd0000) start
09-28 17:36:29.386  7252  7737 D ReflectedParamUpdater: extent() != 1 for single value type: vendor.qti-ext-enc-info-metadata-cvp.reserved
09-28 17:36:29.387  7252  7754 W Codec2Client: query -- param skipped: index = 1342179345.
09-28 17:36:29.387  7252  7754 W Codec2Client: query -- param skipped: index = 2415921170.
09-28 17:36:29.389  7252  7737 D ReflectedParamUpdater: extent() != 1 for single value type: output.buffers.pool-ids.values
09-28 17:36:29.390  7252  7754 D CCodecBufferChannel: [c2.android.vorbis.decoder#51] Created input block pool with allocatorID 16 => poolID 18 - OK (0)
09-28 17:36:29.393  7252  7754 I CCodecBufferChannel: [c2.android.vorbis.decoder#51] Created output block pool with allocatorID 16 => poolID 2303 - OK
09-28 17:36:29.393  7252  7754 D CCodecBufferChannel: [c2.android.vorbis.decoder#51] Configured output block pool ids 2303 => OK
09-28 17:36:29.394  7252  7754 D CCodecBufferChannel: [c2.android.vorbis.decoder#51] start: updating output delay 0
09-28 17:36:29.397  7252  7754 I MediaCodec: (0x78d6dd0000) kWhatStartCompleted
09-28 17:36:29.397  7252  7737 D CCodecConfig: ignoring local param raw.color (0xc2001809) as it is already supported
09-28 17:36:29.398  7252  7737 I CCodecConfig: query failed after returning 23 values (BAD_INDEX)
09-28 17:36:29.398  7252  7737 D CCodecConfig: c2 config diff is Dict {
09-28 17:36:29.398  7252  7737 D CCodecConfig:   c2::u32 algo.bitrate-mode.value = 3
09-28 17:36:29.398  7252  7737 D CCodecConfig:   c2::u32 algo.complexity.value = 0
09-28 17:36:29.398  7252  7737 D CCodecConfig:   c2::i32 algo.priority.value = 0
09-28 17:36:29.398  7252  7737 D CCodecConfig:   c2::float algo.rate.value = 30
09-28 17:36:29.398  7252  7737 D CCodecConfig:   c2::u32 algo.secure-mode.value = 0
09-28 17:36:29.398  7252  7737 D CCodecConfig:   c2::i32 coded.average-qp.value = 0
09-28 17:36:29.398  7252  7737 D CCodecConfig:   c2::u32 coded.bitrate.value = 20000000
09-28 17:36:29.398  7252  7737 D CCodecConfig:   c2::float coded.frame-rate.value = 30
09-28 17:36:29.398  7252  7737 D CCodecConfig:   c2::u32 coded.picture-type.value = 0
09-28 17:36:29.398  7252  7737 D CCodecConfig:   c2::u32 coded.pl.level = 0
09-28 17:36:29.398  7252  7737 D CCodecConfig:   c2::u32 coded.pl.profile = 20484
09-28 17:36:29.398  7252  7737 D CCodecConfig:   c2::u32 coded.vui.color.matrix = 255
09-28 17:36:29.398  7252  7737 D CCodecConfig:   c2::u32 coded.vui.color.primaries = 0
09-28 17:36:29.398  7252  7737 D CCodecConfig:   c2::u32 coded.vui.color.range = 0
09-28 17:36:29.398  7252  7737 D CCodecConfig:   c2::u32 coded.vui.color.transfer = 255
09-28 17:36:29.398  7252  7737 D CCodecConfig:   c2::u32 coding.intra-refresh.mode = 0
09-28 17:36:29.398  7252  7737 D CCodecConfig:   c2::float coding.intra-refresh.period = 0
09-28 17:36:29.398  7252  7737 D CCodecConfig:   c2::u32 coding.request-sync-frame.value = 0
09-28 17:36:29.398  7252  7737 D CCodecConfig:   c2::i64 coding.sync-frame-interval.value = 1000000
09-28 17:36:29.398  7252  7737 D CCodecConfig:   Buffer coding.temporal-layering = {
09-28 17:36:29.398  7252  7737 D CCodecConfig:     00000000:  10 00 00 00 07 20 01 52  00 00 00 00 00 00 00 00  ..... .R........
09-28 17:36:29.398  7252  7737 D CCodecConfig:   }
09-28 17:36:29.398  7252  7737 D CCodecConfig:   c2::u32 default.color.matrix = 0
09-28 17:36:29.398  7252  7737 D CCodecConfig:   c2::u32 default.color.primaries = 0
09-28 17:36:29.398  7252  7737 D CCodecConfig:   c2::u32 default.color.range = 0
09-28 17:36:29.398  7252  7737 D CCodecConfig:   c2::u32 default.color.trans
09-28 17:36:29.399  7252  7737 W ColorUtils: expected specified color aspects (0:0:255:255)
09-28 17:36:29.399  7252  7733 I MediaCodec: (0x78ed370000) Component Allocated (c2.qti.avc.encoder)
09-28 17:36:29.418  7252  7719 W CAM_A   : Failed to prewarm MomentsTrackEncoder! Will instantiate during snapshot.
09-28 17:36:29.418  7252  7719 W CAM_A   : java.lang.IllegalArgumentException: 
09-28 17:36:29.418  7252  7719 W CAM_A   : 	at android.media.MediaCodec.native_configure(Native Method)
09-28 17:36:29.418  7252  7719 W CAM_A   : 	at android.media.MediaCodec.configure(MediaCodec.java:2436)
09-28 17:36:29.418  7252  7719 W CAM_A   : 	at android.media.MediaCodec.configure(MediaCodec.java:2339)
09-28 17:36:29.418  7252  7719 W CAM_A   : 	at gbd.<init>(Unknown Source:39)
09-28 17:36:29.418  7252  7719 W CAM_A   : 	at gea.c(Unknown Source:33)
09-28 17:36:29.418  7252  7719 W CAM_A   : 	at gea.b(Unknown Source:1)
09-28 17:36:29.418  7252  7719 W CAM_A   : 	at gei.b(Unknown Source:7)
09-28 17:36:29.418  7252  7719 W CAM_A   : 	at gbz.run(Unknown Source:2)
09-28 17:36:29.418  7252  7719 W CAM_A   : 	at dvm.run(Unknown Source:36)
09-28 17:36:29.418  7252  7719 W CAM_A   : 	at android.os.Handler.handleCallback(Handler.java:1001)
09-28 17:36:29.418  7252  7719 W CAM_A   : 	at android.os.Handler.dispatchMessage(Handler.java:105)
09-28 17:36:29.418  7252  7719 W CAM_A   : 	at android.os.Looper.loopOnce(Looper.java:268)
09-28 17:36:29.418  7252  7719 W CAM_A   : 	at android.os.Looper.loop(Looper.java:384)
09-28 17:36:29.418  7252  7719 W CAM_A   : 	at android.os.HandlerThread.run(HandlerThread.java:103)
09-28 17:36:29.464  7252  7719 D nativeloader: Load /data/app/~~a9wSP1_7Mh4guBjRSfWJ0g==/com.google.android.GoogleCameraEngR18F1-bL_BM-ubZWzVdyQdTxFqBA==/lib/arm64/libaesthetic_scorer_nima_v2_jni.so using class loader ns clns-7 (caller=/data/app/~~a9wSP1_7Mh4guBjRSfWJ0g==/com.google.android.GoogleCameraEngR18F1-bL_BM-ubZWzVdyQdTxFqBA==/base.apk): ok
09-28 17:36:29.479  7252  7719 I tflite  : Initialized TensorFlow Lite runtime.
09-28 17:36:29.479  7252  7504 E GoLog   : INFO: Initialized TensorFlow Lite runtime.
09-28 17:36:29.491  7252  7745 I MediaCodec: (0x78d6d73800) stop
09-28 17:36:29.491  7252  7753 D CCodecBufferChannel: [c2.android.vorbis.decoder#768] MediaCodec discarded an unknown buffer
