09-28 17:36:35.458  7252  7293 W pkr     : aeCrop exceeds preCorrectionActiveArraySize.
09-28 17:36:35.636  7252  7293 W pkr     : CaptureResult is present COLOR_CORRECTION_GAINS NEUTRAL.
09-28 17:36:35.647  7252  7293 W pkr     : aeCrop exceeds preCorrectionActiveArraySize.
09-28 17:36:35.837  7252  7325 W pkr     : CaptureResult is present COLOR_CORRECTION_GAINS NEUTRAL.
09-28 17:36:35.851  7252  7325 W pkr     : aeCrop exceeds preCorrectionActiveArraySize.
09-28 17:36:36.035  7252  7504 E GoLog   : E0928 17:36:36.034837    7760 gyro.cc:304] timestamp 255603086964702 invalid
09-28 17:36:36.035  7252  7760 E native  : E0928 17:36:36.034837    7760 gyro.cc:304] timestamp 255603086964702 invalid
09-28 17:36:36.035  7252  7760 E native  : E0928 17:36:36.035701    7760 gyro.cc:431] error getting quat at time 255603086964702
09-28 17:36:36.035  7252  7760 E native  : E0928 17:36:36.035866    7760 gyro.cc:460] error getting projection matrix at time 255603086964702
09-28 17:36:36.035  7252  7760 E native  : E0928 17:36:36.035927    7760 gyro_stabilization_jni.cc:93] Cannot get the homography transform matrix.
09-28 17:36:36.036  7252  7504 E GoLog   : E0928 17:36:36.035701    7760 gyro.cc:431] error getting quat at time 255603086964702
09-28 17:36:36.036  7252  7760 W CAM_A   : Transformation matrix could not be computed for timestamps 255603053713296 - 255603086964702
09-28 17:36:36.036  7252  7504 E GoLog   : E0928 17:36:36.035866    7760 gyro.cc:460] error getting projection matrix at time 255603086964702
09-28 17:36:36.036  7252  7504 E GoLog   : E0928 17:36:36.035927    7760 gyro_stabilization_jni.cc:93] Cannot get the homography transform matrix.
09-28 17:36:36.036  7252  7293 W pkr     : CaptureResult is present COLOR_CORRECTION_GAINS NEUTRAL.
09-28 17:36:36.050  7252  7293 W pkr     : aeCrop exceeds preCorrectionActiveArraySize.
09-28 17:36:36.055  7252  7252 W libc    : Access denied finding property "vendor.display.enable_optimal_refresh_rate"
09-28 17:36:36.059  7252  7300 D Surface : Surface::disconnect
09-28 17:36:36.059  7252  7300 D BufferQueueProducer: [ImageReader-192x192f1u2816m2-7252-0](id:1c5400000005,api:1,p:7252,c:7252) disconnect: api 1
09-28 17:36:36.071  7252  7325 E PhenotypeFlagCommitter: Retrieving snapshot for com.google.android.apps.camera#com.google.android.GoogleCameraEngR18F1 failed
09-28 17:36:36.071  7252  7325 E PhenotypeFlagCommitter: java.util.concurrent.ExecutionException: java.lang.SecurityException: GoogleCertificatesRslt: not allowed: pkg=com.google.android.GoogleCameraEngR18F1, sha256=[a40da80a59d170caa950cf15c18c454d47a39b26989d8b640ecd745ba71bf5dc], atk=false, ver=253830035.true (go/gsrlt)
09-28 17:36:36.071  7252  7325 E PhenotypeFlagCommitter: 	at mip.fb(Unknown Source:27)
09-28 17:36:36.071  7252  7325 E PhenotypeFlagCommitter: 	at mip.cd(Unknown Source:63)
09-28 17:36:36.071  7252  7325 E PhenotypeFlagCommitter: 	at kuc.c(Unknown Source:12)
09-28 17:36:36.071  7252  7325 E PhenotypeFlagCommitter: 	at kuc.e(Unknown Source:35)
09-28 17:36:36.071  7252  7325 E PhenotypeFlagCommitter: 	at kuc.b(Unknown Source:1)
09-28 17:36:36.071  7252  7325 E PhenotypeFlagCommitter: 	at gvh.a(Unknown Source:35)
09-28 17:36:36.071  7252  7325 E PhenotypeFlagCommitter: 	at gvj.run(Unknown Source:9)
09-28 17:36:36.071  7252  7325 E PhenotypeFlagCommitter: 	at law.run(Unknown Source:2)
09-28 17:36:36.071  7252  7325 E PhenotypeFlagCommitter: 	at java.util.concurrent.Executors$RunnableAdapter.call(Executors.java:524)
09-28 17:36:36.071  7252  7325 E PhenotypeFlagCommitter: 	at pio.a(Unknown Source:2)
09-28 17:36:36.071  7252  7325 E PhenotypeFlagCommitter: 	at phs.run(Unknown Source:20)
09-28 17:36:36.071  7252  7325 E PhenotypeFlagCommitter: 	at pip.run(Unknown Source:4)
09-28 17:36:36.071  7252  7325 E PhenotypeFlagCommitter: 	at java.util.concurrent.Executors$RunnableAdapter.call(Executors.java:524)
09-28 17:36:36.071  7252  7325 E PhenotypeFlagCommitter: 	at java.util.concurrent.FutureTask.run(FutureTask.java:317)
09-28 17:36:36.071  7252  7325 E PhenotypeFlagCommitter: 	at java.util.concurrent.ScheduledThreadPoolExecutor$ScheduledFutureTask.run(ScheduledThreadPoolExecutor.java:348)
09-28 17:36:36.071  7252  7325 E PhenotypeFlagCommitter: 	at lbh.run(Unknown Source:2)
09-28 17:36:36.071  7252  7325 E PhenotypeFlagCommitter: 	at lbg.run(Unknown Source:0)
09-28 17:36:36.071  7252  7325 E PhenotypeFlagCommitter: 	at java.util.concurrent.ThreadPoolExecutor.runWorker(ThreadPoolExecutor.java:1156)
09-28 17:36:36.071  7252  7325 E PhenotypeFlagCommitter: 	at java.util.concurrent.ThreadPoolExecutor$Worker.run(ThreadPoolExecutor.java:651)
09-28 17:36:36.071  7252  7325 E PhenotypeFlagCommitter: 	at java.lang.Thread.run(Thread.java:1119)
09-28 17:36:36.071  7252  7325 E PhenotypeFlagCommitter: 	at lab.run(Unknown Source:5)
09-28 17:36:36.071  7252  7325 E PhenotypeFlagCommitter: Caused by: java.lang.SecurityException: GoogleCertificatesRslt: not allowed: pkg=com.google.android.GoogleCameraEngR18F1, sha256=[a40da80a59d170caa950cf15c18c454d47a39b26989d8b640ecd745ba71bf5dc], atk=false, ver=253830035.true (go/gsrlt)
09-28 17:36:36.071  7252  7325 E PhenotypeFlagCommitter: 	at android.os.Parcel.createExceptionOrNull(Parcel.java:3242)
09-28 17:36:36.071  7252  7325 E PhenotypeFlagCommitter: 	at android.os.Parcel.createException(Parcel.java:3226)
09-28 17:36:36.071  7252  7325 E PhenotypeFlagCommitter: 	at android.os.Parcel.readException(Parcel.java:3209)
09-28 17:36:36.071  7252  7325 E PhenotypeFlagCommitter: 	at android.os.Parcel.readException(Parcel.java:3151)
09-28 17:36:36.071  7252  7325 E PhenotypeFlagCommitter: 	at bmn.z(Unknown Source:10)
09-28 17:36:36.071  7252  7325 E PhenotypeFlagCommitter: 	at ktz.a(Unknown Source:38)
09-28 17:36:36.071  7252  7325 E PhenotypeFlagCommitter: 	at kjd.f(Unknown Source:10)
09-28 17:36:36.071  7252  7325 E PhenotypeFlagCommitter: 	at kkc.t(Unknown Source:9)
09-28 17:36:36.071  7252  7325 E PhenotypeFlagCommitter: 	at kkc.u(Unknown Source:22)
09-28 17:36:36.071  7252  7325 E PhenotypeFlagCommitter: 	at kkc.e(Unknown Source:15)
09-28 17:36:36.071  7252  7325 E PhenotypeFlagCommitter: 	at kkg.handleMessage(Unknown Source:920)
09-28 17:36:36.071  7252  7325 E PhenotypeFlagCommitter: 	at android.os.Handler.dispatchMessage(Handler.java:108)
09-28 17:36:36.071  7252  7325 E PhenotypeFlagCommitter: 	at ksg.b(Unknown Source:0)
09-28 17:36:36.071  7252  7325 E PhenotypeFlagCommitter: 	at ksg.dispatchMessage(Unknown Source:0)
09-28 17:36:36.071  7252  7325 E PhenotypeFlagCommitter: 	at android.os.Looper.loopOnce(Looper.java:268)
09-28 17:36:36.071  7252  7325 E PhenotypeFlagCommitter: 	at android.os.Looper.loop(Looper.java:384)
09-28 17:36:36.071  7252  7325 E PhenotypeFlagCommitter: 	at android.os.HandlerThread.run(HandlerThread.java:103)
09-28 17:36:36.085  7252  7252 W CAM_A   : Disconnecting the camera device because filmstrip was launched.
09-28 17:36:36.130  7252  7816 E native  : E0928 17:36:36.129878    7816 jni_environment.cc:81] Failed to detach current thread from the JVM. JavaVM::DetachCurrentThread returned: -1
09-28 17:36:36.130  7252  7504 E GoLog   : E0928 17:36:36.129878    7816 jni_environment.cc:81] Failed to detach current thread from the JVM. JavaVM::DetachCurrentThread returned: -1
09-28 17:36:36.163  7252  7743 D Surface : Surface::disconnect
09-28 17:36:36.163  7252  7743 D BufferQueueProducer: [GraphicBufferSource](id:1c5400000004,api:1,p:7252,c:7252) disconnect: api 1
09-28 17:36:36.164  7252  7743 W GraphicBufferSource: released unpopulated slots: [0, 1, 2, 3, 4, 5, 6, 7, 8, 9, 10, 11, 12, 13, 14, 15, 16, 17, 18, 19, 20, 21, 22, 23, 24, 25, 26, 27, 28, 29, 30, 31, 32, 33, 34, 35, 36, 37, 38, 39, 40, 41, 42, 43, 44, 45, 46, 47, 48, 49, 50, 51, 52, 53, 54, 55, 56, 57, 58, 59, 60, 61, 62, 63]
09-28 17:36:36.165  7252  7742 I MediaCodec: (0x78d6dd1800) signalEndOfInputStream
09-28 17:36:36.176  7252  7362 W CAM_MetadataDst: onCaptureFailed for Frame 205 (images were captured)
09-28 17:36:36.177  7252  7360 W CAM_YUV_420_888w640: Received onBufferLost from Stream-2 for frame 205 but was unable to find a matching request to abort.
09-28 17:36:36.177  7252  7362 W CAM_MetadataDst: onCaptureFailed for Frame 207
09-28 17:36:36.177  7252  7362 W CAM_MetadataDst: onCaptureFailed for Frame 206 (images were captured)
09-28 17:36:36.177  7252  7362 W CAM_MetadataDst: onCaptureFailed for Frame 202 (images were captured)
09-28 17:36:36.177  7252  7360 W CAM_YUV_420_888w640: Received onBufferLost from Stream-2 for frame 206 but was unable to find a matching request to abort.
09-28 17:36:36.178  7252  7357 W CAM_RAW10w2320: Received onBufferLost from Stream-0 for frame 205 but was unable to find a matching request to abort.
09-28 17:36:36.178  7252  7357 W CAM_RAW10w2320: Received onBufferLost from Stream-0 for frame 206 but was unable to find a matching request to abort.
09-28 17:36:36.178  7252  7768 E CAM_A   : RejectedExecutionException on hkq@2530468
09-28 17:36:36.178  7252  7768 E CAM_A   : java.util.concurrent.RejectedExecutionException: Task dvo@fad6702 rejected from java.util.concurrent.ThreadPoolExecutor@fc3a813[Terminated, pool size = 0, active threads = 0, queued tasks = 0, completed tasks = 191]
09-28 17:36:36.178  7252  7768 E CAM_A   : 	at java.util.concurrent.ThreadPoolExecutor$AbortPolicy.rejectedExecution(ThreadPoolExecutor.java:2100)
09-28 17:36:36.178  7252  7768 E CAM_A   : 	at java.util.concurrent.ThreadPoolExecutor.reject(ThreadPoolExecutor.java:851)
09-28 17:36:36.178  7252  7768 E CAM_A   : 	at java.util.concurrent.ThreadPoolExecutor.execute(ThreadPoolExecutor.java:1389)
09-28 17:36:36.178  7252  7768 E CAM_A   : 	at java.util.concurrent.Executors$DelegatedExecutorService.execute(Executors.java:715)
09-28 17:36:36.178  7252  7768 E CAM_A   : 	at dvp.d(Unknown Source:34)
09-28 17:36:36.178  7252  7768 E CAM_A   : 	at dvw.run(Unknown Source:27)
09-28 17:36:36.178  7252  7768 E CAM_A   : 	at java.util.concurrent.ThreadPoolExecutor.runWorker(ThreadPoolExecutor.java:1156)
09-28 17:36:36.178  7252  7768 E CAM_A   : 	at java.util.concurrent.ThreadPoolExecutor$Worker.run(ThreadPoolExecutor.java:651)
09-28 17:36:36.178  7252  7768 E CAM_A   : 	at java.lang.Thread.run(Thread.java:1119)
09-28 17:36:36.178  7252  7768 E CAM_A   : 	at lab.run(Unknown Source:5)
09-28 17:36:36.185  7252  7764 I MediaCodec: [0x78d6dd1800] dequeue 1 output frames in last 135498718 ms, eos
09-28 17:36:36.185  7252  7741 I MediaCodec: (0x78d6dd1800) stop
09-28 17:36:36.200  7252  7741 I MediaCodec: (0x78d6dd1800) releaseAsync
09-28 17:36:36.205  7252  7915 I hw-BpHwBinder: onLastStrongRef automatically unlinking death recipients
09-28 17:36:36.651  7252  7252 D VRI[CameraActivity]: visibilityChanged oldVisibility=true newVisibility=false
09-28 17:36:36.656  7252  7252 W CAM_A   : Duplicate call to stopModule; skipping stop.
09-28 17:36:36.656  7252  7252 D Surface : Surface::disconnect
09-28 17:36:36.656  7252  7252 D BufferQueueProducer: [SurfaceView[com.google.android.GoogleCameraEngR18F1/com.google.android.apps.camera.legacy.app.activity.main.CameraActivity](BLAST)#45090(BLAST Consumer)pid:7252](id:1c5400000003,api:4,p:1734,c:7252) disconnect: api -1
09-28 17:36:36.689  7252  7252 W CAM_A   : Duplicate call to stopModule; skipping stop.
09-28 17:36:36.725  7252  7300 D Surface : Surface::disconnect
09-28 17:36:36.725  7252  7300 D BufferQueueProducer: [com.google.android.GoogleCameraEngR18F1/com.google.android.apps.camera.legacy.app.activity.main.CameraActivity#45083(BLAST Consumer)pid:7252](id:1c5400000002,api:1,p:7252,c:7252) disconnect: api 1
09-28 17:36:36.890  7252  7748 D BufferPoolAccessor2.0: Destruction - bufferpool2 0x78d6e45028 cached: 0/0M, 0/0% in use; allocs: 7, 14% recycled; transfers: 40, 85% unfetched
09-28 17:36:36.890  7252  7748 D BufferPoolAccessor2.0: Destruction - bufferpool2 0x78d6e45828 cached: 0/0M, 0/0% in use; allocs: 7, 29% recycled; transfers: 82, 94% unfetched
09-28 17:36:37.143  7252  7346 D BufferQueueProducer: [SurfaceView[com.google.android.GoogleCameraEngR18F1/com.google.android.apps.camera.legacy.app.activity.main.CameraActivity](BLAST)#45090(BLAST Consumer)pid:7252](id:1c5400000003,api:4,p:1734,c:7252) disconnect: api 4
09-28 17:36:37.143  7252  7346 D BufferQueueProducer: [ImageReader-2320x1740f25m56-7252-0](id:1c5400000000,api:4,p:1734,c:7252) disconnect: api 4
09-28 17:36:37.151  7252  7346 D BufferQueueProducer: [ImageReader-640x480f23m52-7252-1](id:1c5400000001,api:4,p:1734,c:7252) disconnect: api 4
09-28 17:36:37.199  7252  7346 W CAM_VirtualCameraMgr: Failed to set audio restriction on camera device.
09-28 17:36:37.199  7252  7346 W CAM_VirtualCameraMgr: llv: java.lang.IllegalStateException: CameraDevice was already closed
09-28 17:36:37.199  7252  7346 W CAM_VirtualCameraMgr: 	at luw.a(Unknown Source:18)
09-28 17:36:37.199  7252  7346 W CAM_VirtualCameraMgr: 	at lzt.a(Unknown Source:2)
09-28 17:36:37.199  7252  7346 W CAM_VirtualCameraMgr: 	at lzt.a(Unknown Source:2)
09-28 17:36:37.199  7252  7346 W CAM_VirtualCameraMgr: 	at llg.a(Unknown Source:15)
09-28 17:36:37.199  7252  7346 W CAM_VirtualCameraMgr: 	at ljq.run(Unknown Source:32)
09-28 17:36:37.199  7252  7346 W CAM_VirtualCameraMgr: 	at pie.run(Unknown Source:2)
09-28 17:36:37.199  7252  7346 W CAM_VirtualCameraMgr: 	at pif.run(Unknown Source:75)
09-28 17:36:37.199  7252  7346 W CAM_VirtualCameraMgr: 	at java.util.concurrent.ThreadPoolExecutor.runWorker(ThreadPoolExecutor.java:1156)
09-28 17:36:37.199  7252  7346 W CAM_VirtualCameraMgr: 	at java.util.concurrent.ThreadPoolExecutor$Worker.run(ThreadPoolExecutor.java:651)
09-28 17:36:37.199  7252  7346 W CAM_VirtualCameraMgr: 	at java.lang.Thread.run(Thread.java:1119)
09-28 17:36:37.199  7252  7346 W CAM_VirtualCameraMgr: 	at lab.run(Unknown Source:5)
09-28 17:36:37.199  7252  7346 W CAM_VirtualCameraMgr: Caused by: java.lang.IllegalStateException: CameraDevice was already closed
09-28 17:36:37.199  7252  7346 W CAM_VirtualCameraMgr: 	at android.hardware.camera2.impl.CameraDeviceImpl.checkIfCameraClosedOrInError(CameraDeviceImpl.java:2632)
09-28 17:36:37.199  7252  7346 W CAM_VirtualCameraMgr: 	at android.hardware.camera2.impl.CameraDeviceImpl.getCameraAudioRestriction(CameraDeviceImpl.java:2697)
09-28 17:36:37.199  7252  7346 W CAM_VirtualCameraMgr: 	at luw.a(Unknown Source:2)
09-28 17:36:37.199  7252  7346 W CAM_VirtualCameraMgr: 	... 10 more
09-28 17:36:37.206  7252  7346 W CAM_VirtualCameraMgr: Failed to set audio restriction on camera device.
09-28 17:36:37.206  7252  7346 W CAM_VirtualCameraMgr: llv: java.lang.IllegalStateException: CameraDevice was already closed
09-28 17:36:37.206  7252  7346 W CAM_VirtualCameraMgr: 	at luw.a(Unknown Source:18)
09-28 17:36:37.206  7252  7346 W CAM_VirtualCameraMgr: 	at lzt.a(Unknown Source:2)
09-28 17:36:37.206  7252  7346 W CAM_VirtualCameraMgr: 	at lzt.a(Unknown Source:2)
09-28 17:36:37.206  7252  7346 W CAM_VirtualCameraMgr: 	at llg.a(Unknown Source:15)
09-28 17:36:37.206  7252  7346 W CAM_VirtualCameraMgr: 	at ljq.run(Unknown Source:32)
09-28 17:36:37.206  7252  7346 W CAM_VirtualCameraMgr: 	at pif.run(Unknown Source:75)
09-28 17:36:37.206  7252  7346 W CAM_VirtualCameraMgr: 	at java.util.concurrent.ThreadPoolExecutor.runWorker(ThreadPoolExecutor.java:1156)
09-28 17:36:37.206  7252  7346 W CAM_VirtualCameraMgr: 	at java.util.concurrent.ThreadPoolExecutor$Worker.run(ThreadPoolExecutor.java:651)
09-28 17:36:37.206  7252  7346 W CAM_VirtualCameraMgr: 	at java.lang.Thread.run(Thread.java:1119)
09-28 17:36:37.206  7252  7346 W CAM_VirtualCameraMgr: 	at lab.run(Unknown Source:5)
09-28 17:36:37.206  7252  7346 W CAM_VirtualCameraMgr: Caused by: java.lang.IllegalStateException: CameraDevice was already closed
09-28 17:36:37.206  7252  7346 W CAM_VirtualCameraMgr: 	at android.hardware.camera2.impl.CameraDeviceImpl.checkIfCameraClosedOrInError(CameraDeviceImpl.java:2632)
09-28 17:36:37.206  7252  7346 W CAM_VirtualCameraMgr: 	at android.hardware.camera2.impl.CameraDeviceImpl.getCameraAudioRestriction(CameraDeviceImpl.java:2697)
09-28 17:36:37.206  7252  7346 W CAM_VirtualCameraMgr: 	at luw.a(Unknown Source:2)
09-28 17:36:37.206  7252  7346 W CAM_VirtualCameraMgr: 	... 9 more
09-28 17:36:37.908  7252  7252 D CameraManager2: GotArray:0
09-28 17:36:37.908  7252  7252 D CameraManager2: GotArray:1
09-28 17:36:37.908  7252  7252 D CameraManager2: GotArray:2
09-28 17:36:37.908  7252  7252 D CameraManager2: GotArray:3
09-28 17:36:37.908  7252  7252 D CameraManager2: GotArray:4
09-28 17:36:37.908  7252  7252 D CameraManager2: GotArray:5
09-28 17:36:37.909  7252  7252 D CameraManager2: GotArray:0
09-28 17:36:37.909  7252  7252 D CameraManager2: GotArray:1
09-28 17:36:37.909  7252  7252 D CameraManager2: GotArray:2
09-28 17:36:37.909  7252  7252 D CameraManager2: GotArray:3
09-28 17:36:37.909  7252  7252 D CameraManager2: GotArray:4
09-28 17:36:37.909  7252  7252 D CameraManager2: GotArray:5
09-28 17:36:37.912  7252  7252 D CameraManager2: GotArray:0
09-28 17:36:37.912  7252  7252 D CameraManager2: GotArray:1
09-28 17:36:37.912  7252  7252 D CameraManager2: GotArray:2
09-28 17:36:37.912  7252  7252 D CameraManager2: GotArray:3
09-28 17:36:37.912  7252  7252 D CameraManager2: GotArray:4
09-28 17:36:37.912  7252  7252 D CameraManager2: GotArray:5
09-28 17:36:37.919  7252  7252 D CameraManager2: GotArray:0
09-28 17:36:37.919  7252  7252 D CameraManager2: GotArray:1
09-28 17:36:37.919  7252  7252 D CameraManager2: GotArray:2
09-28 17:36:37.919  7252  7252 D CameraManager2: GotArray:3
09-28 17:36:37.919  7252  7252 D CameraManager2: GotArray:4
09-28 17:36:37.919  7252  7252 D CameraManager2: GotArray:5
09-28 17:36:37.927  7252  7252 W CriticalPath: type=1400 audit(0.0:117414): avc:  denied  { read } for  name="u:object_r:vendor_display_prop:s0" dev="tmpfs" ino=1948 scontext=u:r:untrusted_app_29:s0:c90,c257,c512,c768 tcontext=u:object_r:vendor_display_prop:s0 tclass=file permissive=0 app=com.google.android.GoogleCameraEngR18F1
09-28 17:36:37.927  7252  7252 W CriticalPath: type=1400 audit(0.0:117415): avc:  denied  { read } for  name="u:object_r:vendor_display_prop:s0" dev="tmpfs" ino=1948 scontext=u:r:untrusted_app_29:s0:c90,c257,c512,c768 tcontext=u:object_r:vendor_display_prop:s0 tclass=file permissive=0 app=com.google.android.GoogleCameraEngR18F1
09-28 17:36:37.931  7252  7252 W eCameraEngR18F1: type=1400 audit(0.0:117416): avc:  denied  { read } for  name="u:object_r:vendor_display_prop:s0" dev="tmpfs" ino=1948 scontext=u:r:untrusted_app_29:s0:c90,c257,c512,c768 tcontext=u:object_r:vendor_display_prop:s0 tclass=file permissive=0 app=com.google.android.GoogleCameraEngR18F1
09-28 17:36:37.931  7252  7331 W libc    : Access denied finding property "vendor.display.enable_optimal_refresh_rate"
09-28 17:36:37.932  7252  7331 W libc    : Access denied finding property "vendor.display.enable_optimal_refresh_rate"
09-28 17:36:37.937  7252  7252 W libc    : Access denied finding property "vendor.display.enable_optimal_refresh_rate"
09-28 17:36:37.946  7252  7252 W libc    : Access denied finding property "vendor.display.enable_optimal_refresh_rate"
09-28 17:36:37.950  7252  7252 W libc    : Access denied finding property "vendor.display.enable_optimal_refresh_rate"
09-28 17:36:37.961  7252  7300 D Surface : Surface::disconnect
09-28 17:36:37.961  7252  7300 D BufferQueueProducer: [ImageReader-192x192f1u2816m2-7252-1](id:1c540000000a,api:1,p:7252,c:7252) disconnect: api 1
09-28 17:36:37.967  7252  7252 D Surface : Surface::disconnect
09-28 17:36:37.967  7252  7252 D BufferQueueProducer: [](id:1c5400000009,api:0,p:0,c:7252) disconnect: api -1
09-28 17:36:38.008  7252  7252 W libc    : Access denied finding property "vendor.display.enable_optimal_refresh_rate"
09-28 17:36:38.042  7252  8161 W CAM_SimpleReqProcessor: Failed to add Stream-4 to CaptureRequest for Request-55. The surface (null) was not valid.
09-28 17:36:38.055  7252  8161 W CAM_SimpleReqProcessor: Failed to add Stream-4 to CaptureRequest for Request-56.  The surface is not yet available.
09-28 17:36:38.059  7252  7252 W CAM_A   : ModeSwitcher WAS ALREADY ENABLED!
09-28 17:36:38.268  7252  8161 W CAM_SurfaceMap: Surface(name=null mNativeObject=519002017792)/@0xe577559 is valid but deferred streams are not yet available for CaptureSession-1
09-28 17:36:38.268  7252  8161 W CAM_SimpleReqProcessor: Failed to add Stream-4 to CaptureRequest for Request-57.  The surface is not yet available.
09-28 17:36:38.422  7252  8160 W CAM_A   : PHOTO > abs Δ(result sensor timestamp) = 2302,62 ms > 70,00 ms
09-28 17:36:38.422  7252  8160 W CAM_A   : PHOTO > rel Δ(result sensor timestamp) = 68,25 > 0,25
09-28 17:36:38.422  7252  8160 W CAM_A   : PHOTO > result sensor delay = 45,99 > 1,10
09-28 17:36:38.428  7252  7325 I tflite  : Replacing 5 node(s) with delegate (TfLiteXNNPackDelegate) node, yielding 1 partitions.
09-28 17:36:38.429  7252  7504 E GoLog   : INFO: Replacing 5 node(s) with delegate (TfLiteXNNPackDelegate) node, yielding 1 partitions.
09-28 17:36:38.429  7252  7325 I acceleration: ModifyGraphWithDelegate model namespace: unknown_namespace model id: unknown_model_id accelerator name: NNAPI:
09-28 17:36:38.435  7252  7325 W CAM_A   : Extractor (frame) of type feature.acmi.imu.frame-straightness depends on foreign type feature.acmi.imu.camera-orientation! Feature values may be calculated out of order!
09-28 17:36:38.435  7252  7325 W CAM_A   : Extractor (frame) of type feature.acmi.imu.frame-straightness depends on foreign type feature.acmi.imu.camera-orientation! Feature values may be calculated out of order!
09-28 17:36:38.481  7252  8275 D MediaCodecList: codecHandlesFormat: no format, so no extra checks
09-28 17:36:38.483  7252  8275 D MediaCodecList: codecHandlesFormat: no format, so no extra checks
09-28 17:36:38.484  7252  8275 I MediaCodec: (0x78ed32a000) init name(c2.qti.avc.encoder)
09-28 17:36:38.484  7252  8283 D CCodec  : allocate(c2.qti.avc.encoder)
09-28 17:36:38.508  7252  8283 I CCodec  : setting up 'default' as default (vendor) store
09-28 17:36:38.518  7252  8160 W CAM_A   : PHOTO > abs Δ(result sensor timestamp) = 100,12 ms > 70,00 ms
09-28 17:36:38.518  7252  8160 W CAM_A   : PHOTO > rel Δ(result sensor timestamp) = 0,96 > 0,25
09-28 17:36:38.518  7252  8160 W CAM_A   : PHOTO > result sensor delay = 2,00 > 1,10
09-28 17:36:38.525  7252  8283 I CCodec  : Created component [c2.qti.avc.encoder]
09-28 17:36:38.526  7252  8283 D CCodecConfig: read media type: video/avc
09-28 17:36:38.529  7252  8283 D ReflectedParamUpdater: ignored struct field coding.gop.values
09-28 17:36:38.532  7252  8283 D ReflectedParamUpdater: extent() != 1 for single value type: vendor.qti-ext-enc-info-metadata-cvp.reserved
09-28 17:36:38.534  7252  8283 D ReflectedParamUpdater: extent() != 1 for single value type: output.buffers.pool-ids.values
09-28 17:36:38.537  7252  8283 D CCodecConfig: ignoring local param raw.color (0xc2001809) as it is already supported
09-28 17:36:38.538  7252  8283 I CCodecConfig: query failed after returning 23 values (BAD_INDEX)
09-28 17:36:38.538  7252  8283 D CCodecConfig: c2 config diff is Dict {
09-28 17:36:38.538  7252  8283 D CCodecConfig:   c2::u32 algo.bitrate-mode.value = 3
09-28 17:36:38.538  7252  8283 D CCodecConfig:   c2::u32 algo.complexity.value = 0
09-28 17:36:38.538  7252  8283 D CCodecConfig:   c2::i32 algo.priority.value = 0
09-28 17:36:38.538  7252  8283 D CCodecConfig:   c2::float algo.rate.value = 30
09-28 17:36:38.538  7252  8283 D CCodecConfig:   c2::u32 algo.secure-mode.value = 0
09-28 17:36:38.538  7252  8283 D CCodecConfig:   c2::i32 coded.average-qp.value = 0
09-28 17:36:38.538  7252  8283 D CCodecConfig:   c2::u32 coded.bitrate.value = 20000000
09-28 17:36:38.538  7252  8283 D CCodecConfig:   c2::float coded.frame-rate.value = 30
09-28 17:36:38.538  7252  8283 D CCodecConfig:   c2::u32 coded.picture-type.value = 0
09-28 17:36:38.538  7252  8283 D CCodecConfig:   c2::u32 coded.pl.level = 0
09-28 17:36:38.538  7252  8283 D CCodecConfig:   c2::u32 coded.pl.profile = 20484
09-28 17:36:38.538  7252  8283 D CCodecConfig:   c2::u32 coded.vui.color.matrix = 255
09-28 17:36:38.538  7252  8283 D CCodecConfig:   c2::u32 coded.vui.color.primaries = 0
09-28 17:36:38.538  7252  8283 D CCodecConfig:   c2::u32 coded.vui.color.range = 0
09-28 17:36:38.538  7252  8283 D CCodecConfig:   c2::u32 coded.vui.color.transfer = 255
09-28 17:36:38.538  7252  8283 D CCodecConfig:   c2::u32 coding.intra-refresh.mode = 0
09-28 17:36:38.538  7252  8283 D CCodecConfig:   c2::float coding.intra-refresh.period = 0
09-28 17:36:38.538  7252  8283 D CCodecConfig:   c2::u32 coding.request-sync-frame.value = 0
09-28 17:36:38.538  7252  8283 D CCodecConfig:   c2::i64 coding.sync-frame-interval.value = 1000000
09-28 17:36:38.538  7252  8283 D CCodecConfig:   Buffer coding.temporal-layering = {
09-28 17:36:38.538  7252  8283 D CCodecConfig:     00000000:  10 00 00 00 07 20 01 52  00 00 00 00 00 00 00 00  ..... .R........
09-28 17:36:38.538  7252  8283 D CCodecConfig:   }
09-28 17:36:38.538  7252  8283 D CCodecConfig:   c2::u32 default.color.matrix = 0
09-28 17:36:38.538  7252  8283 D CCodecConfig:   c2::u32 default.color.primaries = 0
09-28 17:36:38.538  7252  8283 D CCodecConfig:   c2::u32 default.color.range = 0
09-28 17:36:38.538  7252  8283 D CCodecConfig:   c2::u32 default.color.trans
09-28 17:36:38.538  7252  8283 W ColorUtils: expected specified color aspects (0:0:255:255)
09-28 17:36:38.539  7252  8276 I MediaCodec: (0x78ed32a000) Component Allocated (c2.qti.avc.encoder)
09-28 17:36:38.542  7252  8275 D VQApply : minquality: 2048x1536 outside of shaping range
09-28 17:36:38.542  7252  8275 D MediaCodec: shapeMediaFormat: deltas(1): AMessage(what = 0x00000000) = {
09-28 17:36:38.542  7252  8275 D MediaCodec:     int32_t android._encoding-quality-level = 0
09-28 17:36:38.542  7252  8275 D MediaCodec:   }
09-28 17:36:38.542  7252  8275 I MediaCodec: (0x78ed32a000) configure surface(0x0) crypto(0x0) flags(1)
09-28 17:36:38.542  7252  8275 D MediaCodec: (0x78ed32a000) configure format: AMessage(what = 0x00000000) = {
09-28 17:36:38.542  7252  8275 D MediaCodec:       int32_t color-format = 2130708361
09-28 17:36:38.542  7252  8275 D MediaCodec:       float i-frame-interval = 3600.000000
09-28 17:36:38.542  7252  8275 D MediaCodec:       int32_t level = 32768
09-28 17:36:38.542  7252  8275 D MediaCodec:       string mime = "video/avc"
09-28 17:36:38.542  7252  8275 D MediaCodec:       int32_t profile = 8
09-28 17:36:38.542  7252  8275 D MediaCodec:       int32_t latency = 1
09-28 17:36:38.542  7252  8275 D MediaCodec:       int32_t bitrate = 19000000
09-28 17:36:38.542  7252  8275 D MediaCodec:       int32_t color-standard = 2
09-28 17:36:38.542  7252  8275 D MediaCodec:       int32_t oo.muxer.drop_initial_non_keyframes = 1
09-28 17:36:38.542  7252  8275 D MediaCodec:       int32_t color-transfer = 3
09-28 17:36:38.542  7252  8275 D MediaCodec:       int32_t width = 2048
09-28 17:36:38.542  7252  8275 D MediaCodec:       int32_t color-range = 2
09-28 17:36:38.542  7252  8275 D MediaCodec:       int32_t frame-rate = 30
09-28 17:36:38.542  7252  8275 D MediaCodec:       int32_t height = 1536
09-28 17:36:38.542  7252  8275 D MediaCodec:       int32_t android._encoding-quality-level = 0
09-28 17:36:38.542  7252  8275 D MediaCodec:     }
09-28 17:36:38.543  7252  8283 D CCodec  : [c2.qti.avc.encoder] buffers are bound to CCodec for this session
09-28 17:36:38.549  7252  8283 D CCodecConfig: no c2 equivalents for color-format
09-28 17:36:38.549  7252  8283 D CCodecConfig: no c2 equivalents for color-standard
09-28 17:36:38.549  7252  8283 D CCodecConfig: no c2 equivalents for oo.muxer.drop_initial_non_keyframes
09-28 17:36:38.549  7252  8283 D CCodecConfig: no c2 equivalents for flags
09-28 17:36:38.549  7252  8283 D CCodecConfig: no c2 equivalents for encoder
09-28 17:36:38.552  7252  8283 D CCodecConfig: Bad parameter value
09-28 17:36:38.553  7252  8283 D CCodecConfig: c2 config diff is   c2::u32 coded.bitrate.value = 19000000
09-28 17:36:38.553  7252  8283 D CCodecConfig:   c2::u32 coded.pl.level = 20495
09-28 17:36:38.553  7252  8283 D CCodecConfig:   c2::u32 coded.vui.color.matrix = 3
09-28 17:36:38.553  7252  8283 D CCodecConfig:   c2::u32 coded.vui.color.primaries = 3
09-28 17:36:38.553  7252  8283 D CCodecConfig:   c2::u32 coded.vui.color.range = 2
09-28 17:36:38.553  7252  8283 D CCodecConfig:   c2::u32 coded.vui.color.transfer = 3
09-28 17:36:38.553  7252  8283 D CCodecConfig:   c2::i64 coding.sync-frame-interval.value = 3600000000
09-28 17:36:38.553  7252  8283 D CCodecConfig:   c2::u32 raw.color.matrix = 3
09-28 17:36:38.553  7252  8283 D CCodecConfig:   c2::u32 raw.color.primaries = 3
09-28 17:36:38.553  7252  8283 D CCodecConfig:   c2::u32 raw.color.range = 2
09-28 17:36:38.553  7252  8283 D CCodecConfig:   c2::u32 raw.color.transfer = 3
09-28 17:36:38.553  7252  8283 D CCodecConfig:   c2::u32 raw.pixel-format.value = 34
09-28 17:36:38.553  7252  8283 D CCodecConfig:   c2::u32 raw.size.height = 1536
09-28 17:36:38.554  7252  8283 W CCodec  : failed to configure c2 params
09-28 17:36:38.554  7252  8276 E MediaCodec: Codec reported err 0xffffffea/BAD_VALUE, actionCode 0, while in state 3/CONFIGURING
09-28 17:36:38.557  7252  8275 E MediaCodec: configure failed with err 0xffffffea, resetting...
09-28 17:36:38.557  7252  8275 I MediaCodec: (0x78ed32a000) release
09-28 17:36:38.569  7252  8160 W CAM_A   : PHOTO > rel Δ(result sensor timestamp) = 0,50 > 0,25
09-28 17:36:38.578  7252  8287 I hw-BpHwBinder: onLastStrongRef automatically unlinking death recipients
09-28 17:36:38.583  7252  8275 I MediaCodec: (0x78ed32a000) init name(c2.qti.avc.encoder)
09-28 17:36:38.585  7252  8283 D CCodec  : allocate(c2.qti.avc.encoder)
09-28 17:36:38.588  7252  8283 I CCodec  : setting up 'default' as default (vendor) store
09-28 17:36:38.593  7252  8283 I CCodec  : Created component [c2.qti.avc.encoder]
09-28 17:36:38.593  7252  8283 D CCodecConfig: read media type: video/avc
09-28 17:36:38.597  7252  8283 D ReflectedParamUpdater: ignored struct field coding.gop.values
09-28 17:36:38.600  7252  8283 D ReflectedParamUpdater: extent() != 1 for single value type: vendor.qti-ext-enc-info-metadata-cvp.reserved
09-28 17:36:38.601  7252  8283 D ReflectedParamUpdater: extent() != 1 for single value type: output.buffers.pool-ids.values
09-28 17:36:38.605  7252  8283 D CCodecConfig: ignoring local param raw.color (0xc2001809) as it is already supported
09-28 17:36:38.606  7252  8283 I CCodecConfig: query failed after returning 23 values (BAD_INDEX)
09-28 17:36:38.606  7252  8283 D CCodecConfig: c2 config diff is Dict {
09-28 17:36:38.606  7252  8283 D CCodecConfig:   c2::u32 algo.bitrate-mode.value = 3
09-28 17:36:38.606  7252  8283 D CCodecConfig:   c2::u32 algo.complexity.value = 0
09-28 17:36:38.606  7252  8283 D CCodecConfig:   c2::i32 algo.priority.value = 0
09-28 17:36:38.606  7252  8283 D CCodecConfig:   c2::float algo.rate.value = 30
09-28 17:36:38.606  7252  8283 D CCodecConfig:   c2::u32 algo.secure-mode.value = 0
09-28 17:36:38.606  7252  8283 D CCodecConfig:   c2::i32 coded.average-qp.value = 0
09-28 17:36:38.606  7252  8283 D CCodecConfig:   c2::u32 coded.bitrate.value = 20000000
09-28 17:36:38.606  7252  8283 D CCodecConfig:   c2::float coded.frame-rate.value = 30
09-28 17:36:38.606  7252  8283 D CCodecConfig:   c2::u32 coded.picture-type.value = 0
09-28 17:36:38.606  7252  8283 D CCodecConfig:   c2::u32 coded.pl.level = 0
09-28 17:36:38.606  7252  8283 D CCodecConfig:   c2::u32 coded.pl.profile = 20484
09-28 17:36:38.606  7252  8283 D CCodecConfig:   c2::u32 coded.vui.color.matrix = 255
09-28 17:36:38.606  7252  8283 D CCodecConfig:   c2::u32 coded.vui.color.primaries = 0
09-28 17:36:38.606  7252  8283 D CCodecConfig:   c2::u32 coded.vui.color.range = 0
09-28 17:36:38.606  7252  8283 D CCodecConfig:   c2::u32 coded.vui.color.transfer = 255
09-28 17:36:38.606  7252  8283 D CCodecConfig:   c2::u32 coding.intra-refresh.mode = 0
09-28 17:36:38.606  7252  8283 D CCodecConfig:   c2::float coding.intra-refresh.period = 0
09-28 17:36:38.606  7252  8283 D CCodecConfig:   c2::u32 coding.request-sync-frame.value = 0
09-28 17:36:38.606  7252  8283 D CCodecConfig:   c2::i64 coding.sync-frame-interval.value = 1000000
09-28 17:36:38.606  7252  8283 D CCodecConfig:   Buffer coding.temporal-layering = {
09-28 17:36:38.606  7252  8283 D CCodecConfig:     00000000:  10 00 00 00 07 20 01 52  00 00 00 00 00 00 00 00  ..... .R........
09-28 17:36:38.606  7252  8283 D CCodecConfig:   }
09-28 17:36:38.606  7252  8283 D CCodecConfig:   c2::u32 default.color.matrix = 0
09-28 17:36:38.606  7252  8283 D CCodecConfig:   c2::u32 default.color.primaries = 0
09-28 17:36:38.606  7252  8283 D CCodecConfig:   c2::u32 default.color.range = 0
09-28 17:36:38.606  7252  8283 D CCodecConfig:   c2::u32 default.color.trans
09-28 17:36:38.606  7252  8283 W ColorUtils: expected specified color aspects (0:0:255:255)
09-28 17:36:38.607  7252  8276 I MediaCodec: (0x78ed32a000) Component Allocated (c2.qti.avc.encoder)
09-28 17:36:38.610  7252  8275 W CAM_A   : Failed to prewarm MomentsTrackEncoder! Will instantiate during snapshot.
09-28 17:36:38.610  7252  8275 W CAM_A   : java.lang.IllegalArgumentException: 
09-28 17:36:38.610  7252  8275 W CAM_A   : 	at android.media.MediaCodec.native_configure(Native Method)
09-28 17:36:38.610  7252  8275 W CAM_A   : 	at android.media.MediaCodec.configure(MediaCodec.java:2436)
09-28 17:36:38.610  7252  8275 W CAM_A   : 	at android.media.MediaCodec.configure(MediaCodec.java:2339)
09-28 17:36:38.610  7252  8275 W CAM_A   : 	at gbd.<init>(Unknown Source:39)
09-28 17:36:38.610  7252  8275 W CAM_A   : 	at gea.c(Unknown Source:33)
09-28 17:36:38.610  7252  8275 W CAM_A   : 	at gea.b(Unknown Source:1)
09-28 17:36:38.610  7252  8275 W CAM_A   : 	at gei.b(Unknown Source:7)
09-28 17:36:38.610  7252  8275 W CAM_A   : 	at gbz.run(Unknown Source:2)
09-28 17:36:38.610  7252  8275 W CAM_A   : 	at dvm.run(Unknown Source:36)
09-28 17:36:38.610  7252  8275 W CAM_A   : 	at android.os.Handler.handleCallback(Handler.java:1001)
09-28 17:36:38.610  7252  8275 W CAM_A   : 	at android.os.Handler.dispatchMessage(Handler.java:105)
09-28 17:36:38.610  7252  8275 W CAM_A   : 	at android.os.Looper.loopOnce(Looper.java:268)
09-28 17:36:38.610  7252  8275 W CAM_A   : 	at android.os.Looper.loop(Looper.java:384)
09-28 17:36:38.610  7252  8275 W CAM_A   : 	at android.os.HandlerThread.run(HandlerThread.java:103)
09-28 17:36:38.612  7252  7762 D MediaCodecList: codecHandlesFormat: no format, so no extra checks
09-28 17:36:38.612  7252  7762 D MediaCodecList: codecHandlesFormat: no format, so no extra checks
09-28 17:36:38.613  7252  7762 I MediaCodec: (0x78ed32b800) init name(c2.qti.avc.encoder)
09-28 17:36:38.624  7252  8295 D CCodec  : allocate(c2.qti.avc.encoder)
09-28 17:36:38.624  7252  8298 W CAM_A   : Could not find previous metadata for frame at 255605627026398
09-28 17:36:38.630  7252  8295 I CCodec  : setting up 'default' as default (vendor) store
09-28 17:36:38.635  7252  8295 I CCodec  : Created component [c2.qti.avc.encoder]
09-28 17:36:38.635  7252  8295 D CCodecConfig: read media type: video/avc
09-28 17:36:38.636  7252  8295 D ReflectedParamUpdater: extent() != 1 for single value type: output.buffers.pool-ids.values
09-28 17:36:38.641  7252  8295 D ReflectedParamUpdater: ignored struct field coding.gop.values
09-28 17:36:38.646  7252  8295 D ReflectedParamUpdater: extent() != 1 for single value type: vendor.qti-ext-enc-info-metadata-cvp.reserved
09-28 17:36:38.648  7252  8295 D CCodecConfig: ignoring local param raw.color (0xc2001809) as it is already supported
09-28 17:36:38.649  7252  8295 I CCodecConfig: query failed after returning 23 values (BAD_INDEX)
09-28 17:36:38.649  7252  8295 D CCodecConfig: c2 config diff is Dict {
09-28 17:36:38.649  7252  8295 D CCodecConfig:   c2::u32 algo.bitrate-mode.value = 3
09-28 17:36:38.649  7252  8295 D CCodecConfig:   c2::u32 algo.complexity.value = 0
09-28 17:36:38.649  7252  8295 D CCodecConfig:   c2::i32 algo.priority.value = 0
09-28 17:36:38.649  7252  8295 D CCodecConfig:   c2::float algo.rate.value = 30
09-28 17:36:38.649  7252  8295 D CCodecConfig:   c2::u32 algo.secure-mode.value = 0
09-28 17:36:38.649  7252  8295 D CCodecConfig:   c2::i32 coded.average-qp.value = 0
09-28 17:36:38.649  7252  8295 D CCodecConfig:   c2::u32 coded.bitrate.value = 20000000
09-28 17:36:38.649  7252  8295 D CCodecConfig:   c2::float coded.frame-rate.value = 30
09-28 17:36:38.649  7252  8295 D CCodecConfig:   c2::u32 coded.picture-type.value = 0
09-28 17:36:38.649  7252  8295 D CCodecConfig:   c2::u32 coded.pl.level = 0
09-28 17:36:38.649  7252  8295 D CCodecConfig:   c2::u32 coded.pl.profile = 20484
09-28 17:36:38.649  7252  8295 D CCodecConfig:   c2::u32 coded.vui.color.matrix = 255
09-28 17:36:38.649  7252  8295 D CCodecConfig:   c2::u32 coded.vui.color.primaries = 0
09-28 17:36:38.649  7252  8295 D CCodecConfig:   c2::u32 coded.vui.color.range = 0
09-28 17:36:38.649  7252  8295 D CCodecConfig:   c2::u32 coded.vui.color.transfer = 255
09-28 17:36:38.649  7252  8295 D CCodecConfig:   c2::u32 coding.intra-refresh.mode = 0
09-28 17:36:38.649  7252  8295 D CCodecConfig:   c2::float coding.intra-refresh.period = 0
09-28 17:36:38.649  7252  8295 D CCodecConfig:   c2::u32 coding.request-sync-frame.value = 0
09-28 17:36:38.649  7252  8295 D CCodecConfig:   c2::i64 coding.sync-frame-interval.value = 1000000
09-28 17:36:38.649  7252  8295 D CCodecConfig:   Buffer coding.temporal-layering = {
09-28 17:36:38.649  7252  8295 D CCodecConfig:     00000000:  10 00 00 00 07 20 01 52  00 00 00 00 00 00 00 00  ..... .R........
09-28 17:36:38.649  7252  8295 D CCodecConfig:   }
09-28 17:36:38.649  7252  8295 D CCodecConfig:   c2::u32 default.color.matrix = 0
09-28 17:36:38.649  7252  8295 D CCodecConfig:   c2::u32 default.color.primaries = 0
09-28 17:36:38.649  7252  8295 D CCodecConfig:   c2::u32 default.color.range = 0
09-28 17:36:38.649  7252  8295 D CCodecConfig:   c2::u32 default.color.trans
09-28 17:36:38.649  7252  8295 W ColorUtils: expected specified color aspects (0:0:255:255)
09-28 17:36:38.649  7252  8294 I MediaCodec: (0x78ed32b800) Component Allocated (c2.qti.avc.encoder)
09-28 17:36:38.652  7252  8294 I MediaCodec: MediaCodec will operate in async mode
09-28 17:36:38.654  7252  7762 D MediaCodec: shapeMediaFormat: deltas(1): AMessage(what = 0x00000000) = {
09-28 17:36:38.654  7252  7762 D MediaCodec:     int32_t android._encoding-quality-level = 0
09-28 17:36:38.654  7252  7762 D MediaCodec:   }
09-28 17:36:38.654  7252  7762 I MediaCodec: (0x78ed32b800) configure surface(0x0) crypto(0x0) flags(1)
09-28 17:36:38.654  7252  7762 D MediaCodec: (0x78ed32b800) configure format: AMessage(what = 0x00000000) = {
09-28 17:36:38.654  7252  7762 D MediaCodec:       int32_t color-format = 2130708361
09-28 17:36:38.654  7252  7762 D MediaCodec:       float i-frame-interval = 0.233333
09-28 17:36:38.654  7252  7762 D MediaCodec:       int32_t level = 32768
09-28 17:36:38.654  7252  7762 D MediaCodec:       string mime = "video/avc"
09-28 17:36:38.654  7252  7762 D MediaCodec:       int32_t profile = 8
09-28 17:36:38.654  7252  7762 D MediaCodec:       int32_t bitrate = 12000000
09-28 17:36:38.654  7252  7762 D MediaCodec:       int32_t color-standard = 2
09-28 17:36:38.654  7252  7762 D MediaCodec:       int32_t oo.muxer.drop_initial_non_keyframes = 1
09-28 17:36:38.654  7252  7762 D MediaCodec:       int32_t color-transfer = 3
09-28 17:36:38.654  7252  7762 D MediaCodec:       int32_t width = 640
09-28 17:36:38.654  7252  7762 D MediaCodec:       int32_t color-range = 2
09-28 17:36:38.654  7252  7762 D MediaCodec:       int32_t frame-rate = 30
09-28 17:36:38.654  7252  7762 D MediaCodec:       int32_t height = 480
09-28 17:36:38.654  7252  7762 D MediaCodec:       int32_t android._encoding-quality-level = 0
09-28 17:36:38.654  7252  7762 D MediaCodec:     }
09-28 17:36:38.656  7252  8295 D CCodec  : [c2.qti.avc.encoder] buffers are bound to CCodec for this session
09-28 17:36:38.656  7252  8295 D CCodecConfig: no c2 equivalents for color-format
09-28 17:36:38.656  7252  8295 D CCodecConfig: no c2 equivalents for color-standard
09-28 17:36:38.656  7252  8295 D CCodecConfig: no c2 equivalents for oo.muxer.drop_initial_non_keyframes
09-28 17:36:38.656  7252  8295 D CCodecConfig: no c2 equivalents for flags
09-28 17:36:38.656  7252  8295 D CCodecConfig: no c2 equivalents for encoder
09-28 17:36:38.657  7252  8295 D CCodecConfig: c2 config diff is   c2::u32 coded.bitrate.value = 12000000
09-28 17:36:38.657  7252  8295 D CCodecConfig:   c2::u32 coded.pl.level = 20495
09-28 17:36:38.657  7252  8295 D CCodecConfig:   c2::u32 coded.vui.color.matrix = 3
09-28 17:36:38.657  7252  8295 D CCodecConfig:   c2::u32 coded.vui.color.primaries = 3
09-28 17:36:38.657  7252  8295 D CCodecConfig:   c2::u32 coded.vui.color.range = 2
09-28 17:36:38.657  7252  8295 D CCodecConfig:   c2::u32 coded.vui.color.transfer = 3
09-28 17:36:38.657  7252  8295 D CCodecConfig:   c2::i64 coding.sync-frame-interval.value = 233333
09-28 17:36:38.657  7252  8295 D CCodecConfig:   c2::u32 raw.color.matrix = 3
09-28 17:36:38.657  7252  8295 D CCodecConfig:   c2::u32 raw.color.primaries = 3
09-28 17:36:38.657  7252  8295 D CCodecConfig:   c2::u32 raw.color.range = 2
09-28 17:36:38.657  7252  8295 D CCodecConfig:   c2::u32 raw.color.transfer = 3
09-28 17:36:38.657  7252  8295 D CCodecConfig:   c2::u32 raw.pixel-format.value = 34
09-28 17:36:38.657  7252  8295 D CCodecConfig:   c2::u32 raw.size.height = 480
09-28 17:36:38.657  7252  8295 D CCodecConfig:   c2::u32 raw.size.width = 640
09-28 17:36:38.658  7252  8295 W Codec2Client: query -- param skipped: index = 3254781982.
09-28 17:36:38.658  7252  8295 D CCodec  : encoding statistics level = 0
09-28 17:36:38.658  7252  8295 D CCodec  : setup formats input: AMessage(what = 0x00000000) = {
09-28 17:36:38.658  7252  8295 D CCodec  :   int32_t android._color-format = 2130708361
09-28 17:36:38.658  7252  8295 D CCodec  :   Rect crop(0, 0, 639, 479)
09-28 17:36:38.658  7252  8295 D CCodec  :   int32_t color-standard = 2
09-28 17:36:38.658  7252  8295 D CCodec  :   int32_t color-range = 2
09-28 17:36:38.658  7252  8295 D CCodec  :   int32_t color-transfer = 3
09-28 17:36:38.658  7252  8295 D CCodec  :   int32_t video-qp-average = 0
09-28 17:36:38.658  7252  8295 D CCodec  :   int32_t width = 640
09-28 17:36:38.658  7252  8295 D CCodec  :   int32_t feature-secure-playback = 0
09-28 17:36:38.658  7252  8295 D CCodec  :   int32_t frame-rate = 30
09-28 17:36:38.658  7252  8295 D CCodec  :   int32_t height = 480
09-28 17:36:38.658  7252  8295 D CCodec  :   int32_t intra-refresh-period = 0
09-28 17:36:38.658  7252  8295 D CCodec  :   string mime = "video/raw"
09-28 17:36:38.658  7252  8295 D CCodec  :   int32_t prepend-sps-pps-to-idr-frames = 0
09-28 17:36:38.658  7252  8295 D CCodec  :   int32_t priority = 0
09-28 17:36:38.658  7252  8295 D CCodec  :   Buffer hdr-static-info = {
09-28 17:36:38.658  7252  8295 D CCodec  :     00000000:  00 00 00 00 00 00 00 00  00 00 00 00 00 00 00 00  ................
09-28 17:36:38.658  7252  8295 D CCodec  :     00000010:  00 00 00 00 00 00 00 00  00                       .........
09-28 17:36:38.658  7252  8295 D CCodec  :   }
09-28 17:36:38.658  7252  8295 D CCodec  :   int32_t android._dataspace = 258
09-28 17:36:38.658  7252  8295 D CCodec  :   int64_t android._C2MemoryUsage = 65536
09-28 17:36:38.658  7252  8295 D CCodec  :   int32_t color-format = 2130708361
09-28 17:36:38.658  7252  8295 D CCodec  : }
09-28 17:36:38.658  7252  8295 D CCodec  : setup formats output: AMessage(what = 0x00000000) = {
09-28 17:36:38.658  7252  8295 D CCodec  :   int32_t bitrate = 12000000
09-28 17:36:38.658  7252  8295 D CCodec  :   int32_t bitrate-mode = 1
09-28 17:36:38.658  7252  8295 D CCodec  :   Rect crop(0, 0, 639, 479)
09-28 17:36:38.658  7252  8295 D CCodec  :   int32_t width = 640
09-28 17:36:38.658  7252  8295 D CCodec  :   int32_t color-standard = 2
09-28 17:36:38.658  7252  8295 D CCodec  :   int32_t color-range = 2
09-28 17:36:38.658  7252  8295 D CCodec  :   int32_t color-transfer = 3
09-28 17:36:38.658  7252  8295 D CCodec  :   int32_t feature-secure-playback = 0
09-28 17:36:38.658  7252  8295 D CCodec  :   int32_t frame-rate = 30
09-28 17:36:38.658  7252  8295 D CCodec  :   int32_t height = 480
09-28 17:36:38.658  7252  8295 D CCodec  :   int32_t intra-refresh-period = 0
09-28 17:36:38.658  7252  8295 D CCodec  :   int32_t max-bitrate = 12000000
09-28 17:36:38.658  7252  8295 D CCodec  :   string mime = "video/avc"
09-28 17:36:38.658  7252  8295 D CCodec  :   int32_t prepend-sps-pps-to-idr-frames = 0
09-28 17:36:38.658  7252  8295 D CCodec  :   int32_t priority = 0
09-28 17:36:38.658  7252  8295 D CCodec  :   int32_t profile = 8
09-28 17:36:38.658  7252  8295 D CCodec  :   int32_t video-qp-average = 0
09-28 17:36:38.658  7252  8295 D CCodec  :   int32_t level = 32768
09-28 17:36:38.658  7252  8295 D CCodec  : }
09-28 17:36:38.658  7252  8295 I CCodecConfig: query failed after returning 23 values (BAD_INDEX)
09-28 17:36:38.659  7252  8295 D CCodec  : hidl based PersistentSurface created
09-28 17:36:38.659  7252  8295 D CCodec  : input format unchanged to AMessage(what = 0x00000000) = {
09-28 17:36:38.659  7252  8295 D CCodec  :   int32_t android._color-format = 2130708361
09-28 17:36:38.659  7252  8295 D CCodec  :   Rect crop(0, 0, 639, 479)
09-28 17:36:38.659  7252  8295 D CCodec  :   int32_t color-standard = 2
09-28 17:36:38.659  7252  8295 D CCodec  :   int32_t color-range = 2
09-28 17:36:38.659  7252  8295 D CCodec  :   int32_t color-transfer = 3
09-28 17:36:38.659  7252  8295 D CCodec  :   int32_t video-qp-average = 0
09-28 17:36:38.659  7252  8295 D CCodec  :   int32_t width = 640
09-28 17:36:38.659  7252  8295 D CCodec  :   int32_t feature-secure-playback = 0
09-28 17:36:38.659  7252  8295 D CCodec  :   int32_t frame-rate = 30
09-28 17:36:38.659  7252  8295 D CCodec  :   int32_t height = 480
09-28 17:36:38.659  7252  8295 D CCodec  :   int32_t intra-refresh-period = 0
09-28 17:36:38.659  7252  8295 D CCodec  :   string mime = "video/raw"
09-28 17:36:38.659  7252  8295 D CCodec  :   int32_t prepend-sps-pps-to-idr-frames = 0
09-28 17:36:38.659  7252  8295 D CCodec  :   int32_t priority = 0
09-28 17:36:38.659  7252  8295 D CCodec  :   Buffer hdr-static-info = {
09-28 17:36:38.659  7252  8295 D CCodec  :     00000000:  00 00 00 00 00 00 00 00  00 00 00 00 00 00 00 00  ................
09-28 17:36:38.659  7252  8295 D CCodec  :     00000010:  00 00 00 00 00 00 00 00  00                       .........
09-28 17:36:38.659  7252  8295 D CCodec  :   }
09-28 17:36:38.659  7252  8295 D CCodec  :   int32_t android._dataspace = 258
09-28 17:36:38.659  7252  8295 D CCodec  :   int64_t android._C2MemoryUsage = 65536
09-28 17:36:38.659  7252  8295 D CCodec  :   int32_t color-format = 2130708361
09-28 17:36:38.659  7252  8295 D CCodec  : }
09-28 17:36:38.660  7252  8295 D GraphicBufferSource: setting dataspace: 0x102, acquired=0
09-28 17:36:38.660  7252  8295 D CCodec  : ISConfig not changed
09-28 17:36:38.661  7252  7762 W libc    : Access denied finding property "vendor.display.enable_optimal_refresh_rate"
09-28 17:36:38.661  7252  7762 I MediaCodec: (0x78ed32b800) start
09-28 17:36:38.662  7252  7762 D MediaCodec: keep callback message for reclaim
09-28 17:36:38.675  7252  8295 W Codec2Client: query -- param skipped: index = 1342179345.
09-28 17:36:38.675  7252  8295 W Codec2Client: query -- param skipped: index = 2415921170.
09-28 17:36:38.675  7252  8295 W Codec2Client: query -- param skipped: index = 1610614798.
09-28 17:36:38.675  7252  8295 D CCodecBufferChannel: [c2.qti.avc.encoder#570] Query input allocators returned 0 params => BAD_INDEX (6)
09-28 17:36:38.675  7252  8295 D CCodecBufferChannel: [c2.qti.avc.encoder#570] Using basic input block pool with poolID 1 => got 1 - OK (0)
09-28 17:36:38.675  7252  8295 D CCodecBufferChannel: [c2.qti.avc.encoder#570] Query output allocators returned 0 params => BAD_INDEX (6)
09-28 17:36:38.676  7252  8295 I CCodecBufferChannel: [c2.qti.avc.encoder#570] Created output block pool with allocatorID 16 => poolID 783 - OK
09-28 17:36:38.676  7252  8295 D CCodecBufferChannel: [c2.qti.avc.encoder#570] Configured output block pool ids 783 => OK
09-28 17:36:38.676  7252  8295 D CCodecBufferChannel: [c2.qti.avc.encoder#570] start: updating output delay 4
09-28 17:36:38.677  7252  8294 I MediaCodec: (0x78ed32b800) kWhatStartCompleted
09-28 17:36:38.686  7252  7762 D MediaCodecList: codecHandlesFormat: no format, so no extra checks
09-28 17:36:38.692  7252  7762 I MediaCodec: (0x78cd08a800) init name(c2.android.aac.encoder)
09-28 17:36:38.699  7252  8315 D CCodec  : allocate(c2.android.aac.encoder)
09-28 17:36:38.703  7252  8315 I CCodec  : setting up 'default' as default (vendor) store
09-28 17:36:38.705  7252  8315 I CCodec  : Created component [c2.android.aac.encoder]
09-28 17:36:38.706  7252  8315 D CCodecConfig: read media type: audio/mp4a-latm
09-28 17:36:38.708  7252  8315 D ReflectedParamUpdater: extent() != 1 for single value type: algo.buffers.max-count.values
09-28 17:36:38.708  7252  8315 D ReflectedParamUpdater: extent() != 1 for single value type: output.subscribed-indices.values
09-28 17:36:38.708  7252  8315 D ReflectedParamUpdater: extent() != 1 for single value type: input.buffers.allocator-ids.values
09-28 17:36:38.708  7252  8315 D ReflectedParamUpdater: extent() != 1 for single value type: output.buffers.allocator-ids.values
09-28 17:36:38.708  7252  8315 D ReflectedParamUpdater: extent() != 1 for single value type: algo.buffers.allocator-ids.values
09-28 17:36:38.708  7252  8315 D ReflectedParamUpdater: extent() != 1 for single value type: output.buffers.pool-ids.values
09-28 17:36:38.709  7252  8315 D ReflectedParamUpdater: extent() != 1 for single value type: algo.buffers.pool-ids.values
