09-28 17:36:29.491  7252  7753 D CCodecBufferChannel: [c2.android.vorbis.decoder#768] MediaCodec discarded an unknown buffer
09-28 17:36:29.492  7252  7762 D MediaCodecList: codecHandlesFormat: no format, so no extra checks
09-28 17:36:29.493  7252  7762 D MediaCodecList: codecHandlesFormat: no format, so no extra checks
09-28 17:36:29.493  7252  7745 I MediaCodec: (0x78d6d73800) release
09-28 17:36:29.496  7252  7762 I MediaCodec: (0x78d6dd1800) init name(c2.qti.avc.encoder)
09-28 17:36:29.507  7252  7753 I hw-BpHwBinder: onLastStrongRef automatically unlinking death recipients
09-28 17:36:29.511  7252  7767 D CCodec  : allocate(c2.qti.avc.encoder)
09-28 17:36:29.519  7252  7767 I CCodec  : setting up 'default' as default (vendor) store
09-28 17:36:29.533  7252  7767 I CCodec  : Created component [c2.qti.avc.encoder]
09-28 17:36:29.533  7252  7767 D CCodecConfig: read media type: video/avc
09-28 17:36:29.535  7252  7767 D ReflectedParamUpdater: extent() != 1 for single value type: output.buffers.pool-ids.values
09-28 17:36:29.539  7252  7771 W CAM_A   : Could not find previous metadata for frame at 255596512625724
09-28 17:36:29.554  7252  7767 D ReflectedParamUpdater: ignored struct field coding.gop.values
09-28 17:36:29.559  7252  7767 D ReflectedParamUpdater: extent() != 1 for single value type: vendor.qti-ext-enc-info-metadata-cvp.reserved
09-28 17:36:29.562  7252  7767 D CCodecConfig: ignoring local param raw.color (0xc2001809) as it is already supported
09-28 17:36:29.563  7252  7767 I CCodecConfig: query failed after returning 23 values (BAD_INDEX)
09-28 17:36:29.563  7252  7767 D CCodecConfig: c2 config diff is Dict {
09-28 17:36:29.563  7252  7767 D CCodecConfig:   c2::u32 algo.bitrate-mode.value = 3
09-28 17:36:29.563  7252  7767 D CCodecConfig:   c2::u32 algo.complexity.value = 0
09-28 17:36:29.563  7252  7767 D CCodecConfig:   c2::i32 algo.priority.value = 0
09-28 17:36:29.563  7252  7767 D CCodecConfig:   c2::float algo.rate.value = 30
09-28 17:36:29.563  7252  7767 D CCodecConfig:   c2::u32 algo.secure-mode.value = 0
09-28 17:36:29.563  7252  7767 D CCodecConfig:   c2::i32 coded.average-qp.value = 0
09-28 17:36:29.563  7252  7767 D CCodecConfig:   c2::u32 coded.bitrate.value = 20000000
09-28 17:36:29.563  7252  7767 D CCodecConfig:   c2::float coded.frame-rate.value = 30
09-28 17:36:29.563  7252  7767 D CCodecConfig:   c2::u32 coded.picture-type.value = 0
09-28 17:36:29.563  7252  7767 D CCodecConfig:   c2::u32 coded.pl.level = 0
09-28 17:36:29.563  7252  7767 D CCodecConfig:   c2::u32 coded.pl.profile = 20484
09-28 17:36:29.563  7252  7767 D CCodecConfig:   c2::u32 coded.vui.color.matrix = 255
09-28 17:36:29.563  7252  7767 D CCodecConfig:   c2::u32 coded.vui.color.primaries = 0
09-28 17:36:29.563  7252  7767 D CCodecConfig:   c2::u32 coded.vui.color.range = 0
09-28 17:36:29.563  7252  7767 D CCodecConfig:   c2::u32 coded.vui.color.transfer = 255
09-28 17:36:29.563  7252  7767 D CCodecConfig:   c2::u32 coding.intra-refresh.mode = 0
09-28 17:36:29.563  7252  7767 D CCodecConfig:   c2::float coding.intra-refresh.period = 0
09-28 17:36:29.563  7252  7767 D CCodecConfig:   c2::u32 coding.request-sync-frame.value = 0
09-28 17:36:29.563  7252  7767 D CCodecConfig:   c2::i64 coding.sync-frame-interval.value = 1000000
09-28 17:36:29.563  7252  7767 D CCodecConfig:   Buffer coding.temporal-layering = {
09-28 17:36:29.563  7252  7767 D CCodecConfig:     00000000:  10 00 00 00 07 20 01 52  00 00 00 00 00 00 00 00  ..... .R........
09-28 17:36:29.563  7252  7767 D CCodecConfig:   }
09-28 17:36:29.563  7252  7767 D CCodecConfig:   c2::u32 default.color.matrix = 0
09-28 17:36:29.563  7252  7767 D CCodecConfig:   c2::u32 default.color.primaries = 0
09-28 17:36:29.563  7252  7767 D CCodecConfig:   c2::u32 default.color.range = 0
09-28 17:36:29.563  7252  7767 D CCodecConfig:   c2::u32 default.color.trans
09-28 17:36:29.564  7252  7767 W ColorUtils: expected specified color aspects (0:0:255:255)
09-28 17:36:29.564  7252  7764 I MediaCodec: (0x78d6dd1800) Component Allocated (c2.qti.avc.encoder)
09-28 17:36:29.566  7252  7771 W libc    : Access denied finding property "ro.hardware.chipname"
09-28 17:36:29.567  7252  7766 E native  : E0928 17:36:29.567311    7766 aion.cc:791] Error loading lib_aion_buffer.so dlopen failed: library "lib_aion_buffer.so" not found
09-28 17:36:29.567  7252  7504 E GoLog   : E0928 17:36:29.567311    7766 aion.cc:791] Error loading lib_aion_buffer.so dlopen failed: library "lib_aion_buffer.so" not found
09-28 17:36:29.568  7252  7764 I MediaCodec: MediaCodec will operate in async mode
09-28 17:36:29.572  7252  7762 D MediaCodec: shapeMediaFormat: deltas(1): AMessage(what = 0x00000000) = {
09-28 17:36:29.572  7252  7762 D MediaCodec:     int32_t android._encoding-quality-level = 0
09-28 17:36:29.572  7252  7762 D MediaCodec:   }
09-28 17:36:29.573  7252  7293 I tflite  : Initialized TensorFlow Lite runtime.
09-28 17:36:29.573  7252  7504 E GoLog   : INFO: Initialized TensorFlow Lite runtime.
09-28 17:36:29.573  7252  7762 I MediaCodec: (0x78d6dd1800) configure surface(0x0) crypto(0x0) flags(1)
09-28 17:36:29.576  7252  7762 D MediaCodec: (0x78d6dd1800) configure format: AMessage(what = 0x00000000) = {
09-28 17:36:29.576  7252  7762 D MediaCodec:       int32_t color-format = 2130708361
09-28 17:36:29.576  7252  7762 D MediaCodec:       float i-frame-interval = 0.233333
09-28 17:36:29.576  7252  7762 D MediaCodec:       int32_t level = 32768
09-28 17:36:29.576  7252  7762 D MediaCodec:       string mime = "video/avc"
09-28 17:36:29.576  7252  7762 D MediaCodec:       int32_t profile = 8
09-28 17:36:29.576  7252  7762 D MediaCodec:       int32_t bitrate = 12000000
09-28 17:36:29.576  7252  7762 D MediaCodec:       int32_t color-standard = 2
09-28 17:36:29.576  7252  7762 D MediaCodec:       int32_t oo.muxer.drop_initial_non_keyframes = 1
09-28 17:36:29.576  7252  7762 D MediaCodec:       int32_t color-transfer = 3
09-28 17:36:29.576  7252  7762 D MediaCodec:       int32_t width = 640
09-28 17:36:29.576  7252  7762 D MediaCodec:       int32_t color-range = 2
09-28 17:36:29.576  7252  7762 D MediaCodec:       int32_t frame-rate = 30
09-28 17:36:29.576  7252  7762 D MediaCodec:       int32_t height = 480
09-28 17:36:29.576  7252  7762 D MediaCodec:       int32_t android._encoding-quality-level = 0
09-28 17:36:29.576  7252  7762 D MediaCodec:     }
09-28 17:36:29.576  7252  7767 D CCodec  : [c2.qti.avc.encoder] buffers are bound to CCodec for this session
09-28 17:36:29.578  7252  7767 D CCodecConfig: no c2 equivalents for color-format
09-28 17:36:29.578  7252  7767 D CCodecConfig: no c2 equivalents for color-standard
09-28 17:36:29.578  7252  7767 D CCodecConfig: no c2 equivalents for oo.muxer.drop_initial_non_keyframes
09-28 17:36:29.578  7252  7767 D CCodecConfig: no c2 equivalents for flags
09-28 17:36:29.578  7252  7767 D CCodecConfig: no c2 equivalents for encoder
09-28 17:36:29.581  7252  7774 I tflite  : Replacing 271 node(s) with delegate (TfLiteGpuDelegate_New) node, yielding 1 partitions.
09-28 17:36:29.581  7252  7504 E GoLog   : INFO: Replacing 271 node(s) with delegate (TfLiteGpuDelegate_New) node, yielding 1 partitions.
09-28 17:36:29.582  7252  7767 D CCodecConfig: c2 config diff is   c2::u32 coded.bitrate.value = 12000000
09-28 17:36:29.582  7252  7767 D CCodecConfig:   c2::u32 coded.pl.level = 20495
09-28 17:36:29.582  7252  7767 D CCodecConfig:   c2::u32 coded.vui.color.matrix = 3
09-28 17:36:29.582  7252  7767 D CCodecConfig:   c2::u32 coded.vui.color.primaries = 3
09-28 17:36:29.582  7252  7767 D CCodecConfig:   c2::u32 coded.vui.color.range = 2
09-28 17:36:29.582  7252  7767 D CCodecConfig:   c2::u32 coded.vui.color.transfer = 3
09-28 17:36:29.582  7252  7767 D CCodecConfig:   c2::i64 coding.sync-frame-interval.value = 233333
09-28 17:36:29.582  7252  7767 D CCodecConfig:   c2::u32 raw.color.matrix = 3
09-28 17:36:29.582  7252  7767 D CCodecConfig:   c2::u32 raw.color.primaries = 3
09-28 17:36:29.582  7252  7767 D CCodecConfig:   c2::u32 raw.color.range = 2
09-28 17:36:29.582  7252  7767 D CCodecConfig:   c2::u32 raw.color.transfer = 3
09-28 17:36:29.582  7252  7767 D CCodecConfig:   c2::u32 raw.pixel-format.value = 34
09-28 17:36:29.582  7252  7767 D CCodecConfig:   c2::u32 raw.size.height = 480
09-28 17:36:29.582  7252  7767 D CCodecConfig:   c2::u32 raw.size.width = 640
09-28 17:36:29.584  7252  7325 W pkr     : CaptureResult is present COLOR_CORRECTION_GAINS NEUTRAL.
09-28 17:36:29.586  7252  7767 W Codec2Client: query -- param skipped: index = 3254781982.
09-28 17:36:29.586  7252  7767 D CCodec  : encoding statistics level = 0
09-28 17:36:29.587  7252  7767 D CCodec  : setup formats input: AMessage(what = 0x00000000) = {
09-28 17:36:29.587  7252  7767 D CCodec  :   int32_t android._color-format = 2130708361
09-28 17:36:29.587  7252  7767 D CCodec  :   Rect crop(0, 0, 639, 479)
09-28 17:36:29.587  7252  7767 D CCodec  :   int32_t color-standard = 2
09-28 17:36:29.587  7252  7767 D CCodec  :   int32_t color-range = 2
09-28 17:36:29.587  7252  7767 D CCodec  :   int32_t color-transfer = 3
09-28 17:36:29.587  7252  7767 D CCodec  :   int32_t video-qp-average = 0
09-28 17:36:29.587  7252  7767 D CCodec  :   int32_t width = 640
09-28 17:36:29.587  7252  7767 D CCodec  :   int32_t feature-secure-playback = 0
09-28 17:36:29.587  7252  7767 D CCodec  :   int32_t frame-rate = 30
09-28 17:36:29.587  7252  7767 D CCodec  :   int32_t height = 480
09-28 17:36:29.587  7252  7767 D CCodec  :   int32_t intra-refresh-period = 0
09-28 17:36:29.587  7252  7767 D CCodec  :   string mime = "video/raw"
09-28 17:36:29.587  7252  7767 D CCodec  :   int32_t prepend-sps-pps-to-idr-frames = 0
09-28 17:36:29.587  7252  7767 D CCodec  :   int32_t priority = 0
09-28 17:36:29.587  7252  7767 D CCodec  :   Buffer hdr-static-info = {
09-28 17:36:29.587  7252  7767 D CCodec  :     00000000:  00 00 00 00 00 00 00 00  00 00 00 00 00 00 00 00  ................
09-28 17:36:29.587  7252  7767 D CCodec  :     00000010:  00 00 00 00 00 00 00 00  00                       .........
09-28 17:36:29.587  7252  7767 D CCodec  :   }
09-28 17:36:29.587  7252  7767 D CCodec  :   int32_t android._dataspace = 258
09-28 17:36:29.587  7252  7767 D CCodec  :   int64_t android._C2MemoryUsage = 65536
09-28 17:36:29.587  7252  7767 D CCodec  :   int32_t color-format = 2130708361
09-28 17:36:29.587  7252  7767 D CCodec  : }
09-28 17:36:29.587  7252  7767 D CCodec  : setup formats output: AMessage(what = 0x00000000) = {
09-28 17:36:29.587  7252  7767 D CCodec  :   int32_t bitrate = 12000000
09-28 17:36:29.587  7252  7767 D CCodec  :   int32_t bitrate-mode = 1
09-28 17:36:29.587  7252  7767 D CCodec  :   Rect crop(0, 0, 639, 479)
09-28 17:36:29.587  7252  7767 D CCodec  :   int32_t width = 640
09-28 17:36:29.587  7252  7767 D CCodec  :   int32_t color-standard = 2
09-28 17:36:29.587  7252  7767 D CCodec  :   int32_t color-range = 2
09-28 17:36:29.587  7252  7767 D CCodec  :   int32_t color-transfer = 3
09-28 17:36:29.587  7252  7767 D CCodec  :   int32_t feature-secure-playback = 0
09-28 17:36:29.587  7252  7767 D CCodec  :   int32_t frame-rate = 30
09-28 17:36:29.587  7252  7767 D CCodec  :   int32_t height = 480
09-28 17:36:29.587  7252  7767 D CCodec  :   int32_t intra-refresh-period = 0
09-28 17:36:29.587  7252  7767 D CCodec  :   int32_t max-bitrate = 12000000
09-28 17:36:29.587  7252  7767 D CCodec  :   string mime = "video/avc"
09-28 17:36:29.587  7252  7767 D CCodec  :   int32_t prepend-sps-pps-to-idr-frames = 0
09-28 17:36:29.587  7252  7767 D CCodec  :   int32_t priority = 0
09-28 17:36:29.587  7252  7767 D CCodec  :   int32_t profile = 8
09-28 17:36:29.587  7252  7767 D CCodec  :   int32_t video-qp-average = 0
09-28 17:36:29.587  7252  7767 D CCodec  :   int32_t level = 32768
09-28 17:36:29.587  7252  7767 D CCodec  : }
09-28 17:36:29.588  7252  7767 I CCodecConfig: query failed after returning 23 values (BAD_INDEX)
09-28 17:36:29.590  7252  7767 D CCodec  : hidl based PersistentSurface created
09-28 17:36:29.591  7252  7361 W CAM_A   : PHOTO > rel Δ(result sensor timestamp) = 1,00 > 0,25
09-28 17:36:29.591  7252  7361 W CAM_A   : PHOTO > result sensor delay = 2,00 > 1,10
09-28 17:36:29.592  7252  7767 D CCodec  : input format unchanged to AMessage(what = 0x00000000) = {
09-28 17:36:29.592  7252  7767 D CCodec  :   int32_t android._color-format = 2130708361
09-28 17:36:29.592  7252  7767 D CCodec  :   Rect crop(0, 0, 639, 479)
09-28 17:36:29.592  7252  7767 D CCodec  :   int32_t color-standard = 2
09-28 17:36:29.592  7252  7767 D CCodec  :   int32_t color-range = 2
09-28 17:36:29.592  7252  7767 D CCodec  :   int32_t color-transfer = 3
09-28 17:36:29.592  7252  7767 D CCodec  :   int32_t video-qp-average = 0
09-28 17:36:29.592  7252  7767 D CCodec  :   int32_t width = 640
09-28 17:36:29.592  7252  7767 D CCodec  :   int32_t feature-secure-playback = 0
09-28 17:36:29.592  7252  7767 D CCodec  :   int32_t frame-rate = 30
09-28 17:36:29.592  7252  7767 D CCodec  :   int32_t height = 480
09-28 17:36:29.592  7252  7767 D CCodec  :   int32_t intra-refresh-period = 0
09-28 17:36:29.592  7252  7767 D CCodec  :   string mime = "video/raw"
09-28 17:36:29.592  7252  7767 D CCodec  :   int32_t prepend-sps-pps-to-idr-frames = 0
09-28 17:36:29.592  7252  7767 D CCodec  :   int32_t priority = 0
09-28 17:36:29.592  7252  7767 D CCodec  :   Buffer hdr-static-info = {
09-28 17:36:29.592  7252  7767 D CCodec  :     00000000:  00 00 00 00 00 00 00 00  00 00 00 00 00 00 00 00  ................
09-28 17:36:29.592  7252  7767 D CCodec  :     00000010:  00 00 00 00 00 00 00 00  00                       .........
09-28 17:36:29.592  7252  7767 D CCodec  :   }
09-28 17:36:29.592  7252  7767 D CCodec  :   int32_t android._dataspace = 258
09-28 17:36:29.592  7252  7767 D CCodec  :   int64_t android._C2MemoryUsage = 65536
09-28 17:36:29.592  7252  7767 D CCodec  :   int32_t color-format = 2130708361
09-28 17:36:29.592  7252  7767 D CCodec  : }
09-28 17:36:29.593  7252  7291 W CAM_A   : Framerate metadata does not exist for the video at content://media/external/video/media/1000019643
09-28 17:36:29.593  7252  7767 D GraphicBufferSource: setting dataspace: 0x102, acquired=0
09-28 17:36:29.593  7252  7767 D CCodec  : ISConfig not changed
09-28 17:36:29.596  7252  7762 W libc    : Access denied finding property "vendor.display.enable_optimal_refresh_rate"
09-28 17:36:29.598  7252  7762 I MediaCodec: (0x78d6dd1800) start
09-28 17:36:29.598  7252  7762 D MediaCodec: keep callback message for reclaim
09-28 17:36:29.616  7252  7744 I MediaCodec: (0x78d6dd0000) stop
09-28 17:36:29.617  7252  7754 D CCodecBufferChannel: [c2.android.vorbis.decoder#51] MediaCodec discarded an unknown buffer
09-28 17:36:29.617  7252  7767 W Codec2Client: query -- param skipped: index = 1342179345.
09-28 17:36:29.617  7252  7754 D CCodecBufferChannel: [c2.android.vorbis.decoder#51] MediaCodec discarded an unknown buffer
09-28 17:36:29.617  7252  7754 D CCodecBufferChannel: [c2.android.vorbis.decoder#51] MediaCodec discarded an unknown buffer
09-28 17:36:29.617  7252  7767 W Codec2Client: query -- param skipped: index = 2415921170.
09-28 17:36:29.618  7252  7767 W Codec2Client: query -- param skipped: index = 1610614798.
09-28 17:36:29.619  7252  7767 D CCodecBufferChannel: [c2.qti.avc.encoder#717] Query input allocators returned 0 params => BAD_INDEX (6)
09-28 17:36:29.619  7252  7767 D CCodecBufferChannel: [c2.qti.avc.encoder#717] Using basic input block pool with poolID 1 => got 1 - OK (0)
09-28 17:36:29.619  7252  7767 D CCodecBufferChannel: [c2.qti.avc.encoder#717] Query output allocators returned 0 params => BAD_INDEX (6)
09-28 17:36:29.620  7252  7744 I MediaCodec: (0x78d6dd0000) release
09-28 17:36:29.622  7252  7767 I CCodecBufferChannel: [c2.qti.avc.encoder#717] Created output block pool with allocatorID 16 => poolID 782 - OK
09-28 17:36:29.623  7252  7767 D CCodecBufferChannel: [c2.qti.avc.encoder#717] Configured output block pool ids 782 => OK
09-28 17:36:29.623  7252  7767 D CCodecBufferChannel: [c2.qti.avc.encoder#717] start: updating output delay 4
09-28 17:36:29.623  7252  7764 I MediaCodec: (0x78d6dd1800) kWhatStartCompleted
09-28 17:36:29.627  7252  7762 D MediaCodecList: codecHandlesFormat: no format, so no extra checks
09-28 17:36:29.628  7252  7762 I MediaCodec: (0x78ccf42000) init name(c2.android.aac.encoder)
09-28 17:36:29.629  7252  7777 I hw-BpHwBinder: onLastStrongRef automatically unlinking death recipients
09-28 17:36:29.630  7252  7361 W CAM_A   : PHOTO > rel Δ(result sensor timestamp) = 0,50 > 0,25
09-28 17:36:29.636  7252  7778 D CCodec  : allocate(c2.android.aac.encoder)
09-28 17:36:29.640  7252  7778 I CCodec  : setting up 'default' as default (vendor) store
09-28 17:36:29.644  7252  7778 I CCodec  : Created component [c2.android.aac.encoder]
09-28 17:36:29.644  7252  7778 D CCodecConfig: read media type: audio/mp4a-latm
09-28 17:36:29.647  7252  7778 D ReflectedParamUpdater: extent() != 1 for single value type: algo.buffers.max-count.values
09-28 17:36:29.648  7252  7778 D ReflectedParamUpdater: extent() != 1 for single value type: output.subscribed-indices.values
09-28 17:36:29.648  7252  7778 D ReflectedParamUpdater: extent() != 1 for single value type: input.buffers.allocator-ids.values
09-28 17:36:29.648  7252  7778 D ReflectedParamUpdater: extent() != 1 for single value type: output.buffers.allocator-ids.values
09-28 17:36:29.648  7252  7778 D ReflectedParamUpdater: extent() != 1 for single value type: algo.buffers.allocator-ids.values
09-28 17:36:29.648  7252  7778 D ReflectedParamUpdater: extent() != 1 for single value type: output.buffers.pool-ids.values
09-28 17:36:29.648  7252  7778 D ReflectedParamUpdater: extent() != 1 for single value type: algo.buffers.pool-ids.values
09-28 17:36:29.650  7252  7778 I CCodecConfig: query failed after returning 10 values (BAD_INDEX)
09-28 17:36:29.650  7252  7778 D CCodecConfig: c2 config diff is Dict {
09-28 17:36:29.650  7252  7778 D CCodecConfig:   c2::u32 coded.bitrate.value = 64000
09-28 17:36:29.650  7252  7778 D CCodecConfig:   c2::u32 coded.pl.level = 0
09-28 17:36:29.650  7252  7778 D CCodecConfig:   c2::u32 coded.pl.profile = 8192
09-28 17:36:29.650  7252  7778 D CCodecConfig:   c2::u32 coding.aac-sbr-mode.value = 3
09-28 17:36:29.650  7252  7778 D CCodecConfig:   c2::u32 input.buffers.max-size.value = 2048
09-28 17:36:29.650  7252  7778 D CCodecConfig:   c2::u32 input.delay.value = 0
09-28 17:36:29.650  7252  7778 D CCodecConfig:   string input.media-type.value = "audio/raw"
09-28 17:36:29.650  7252  7778 D CCodecConfig:   c2::u32 output.large-frame.max-size = 0
09-28 17:36:29.650  7252  7778 D CCodecConfig:   c2::u32 output.large-frame.threshold-size = 0
09-28 17:36:29.650  7252  7778 D CCodecConfig:   string output.media-type.value = "audio/mp4a-latm"
09-28 17:36:29.650  7252  7778 D CCodecConfig:   c2::u32 raw.channel-count.value = 1
09-28 17:36:29.650  7252  7778 D CCodecConfig:   c2::u32 raw.sample-rate.value = 44100
09-28 17:36:29.650  7252  7778 D CCodecConfig: }
09-28 17:36:29.651  7252  7778 I MediaCodec: (0x78ccf42000) Component Allocated (c2.android.aac.encoder)
09-28 17:36:29.655  7252  7778 I MediaCodec: MediaCodec will operate in async mode
09-28 17:36:29.658  7252  7762 D CodecSeeding: Seed: codec c2.android.aac.encoder, mediatype audio/mp4a-latm, overrideable 1
09-28 17:36:29.658  7252  7762 D CodecProperties: setFeatureValue(multiple-frames,0)
09-28 17:36:29.658  7252  7762 D CodecProperties: setFeatureValue(_vq_eligible.device,1)
09-28 17:36:29.658  7252  7762 D CodecProperties: setFeatureValue(_quality.target,1)
09-28 17:36:29.658  7252  7762 D CodecSeeding: Seed: codec c2.android.aac.encoder, mediatype audio/mp4a-latm, overrideable 0
09-28 17:36:29.658  7252  7762 D MediaCodec: shapeMediaFormat: deltas(0): AMessage(what = 0x00000000) = {
09-28 17:36:29.658  7252  7762 D MediaCodec:   }
09-28 17:36:29.658  7252  7762 I MediaCodec: (0x78ccf42000) configure surface(0x0) crypto(0x0) flags(1)
09-28 17:36:29.658  7252  7762 D MediaCodec: (0x78ccf42000) configure format: AMessage(what = 0x00000000) = {
09-28 17:36:29.658  7252  7762 D MediaCodec:       int32_t oo.muxer.force_sequential = 1
09-28 17:36:29.658  7252  7762 D MediaCodec:       int32_t sample-rate = 48000
09-28 17:36:29.658  7252  7762 D MediaCodec:       string mime = "audio/mp4a-latm"
09-28 17:36:29.658  7252  7762 D MediaCodec:       int32_t channel-count = 2
09-28 17:36:29.658  7252  7762 D MediaCodec:       int32_t aac-profile = 2
09-28 17:36:29.658  7252  7762 D MediaCodec:       int32_t bitrate = 128000
09-28 17:36:29.658  7252  7762 D MediaCodec:       int32_t max-input-size = 76800
09-28 17:36:29.658  7252  7762 D MediaCodec:     }
09-28 17:36:29.658  7252  7778 D CCodec  : [c2.android.aac.encoder] buffers are bound to CCodec for this session
09-28 17:36:29.658  7252  7778 D CCodecConfig: no c2 equivalents for oo.muxer.force_sequential
09-28 17:36:29.658  7252  7778 D CCodecConfig: no c2 equivalents for flags
09-28 17:36:29.658  7252  7778 D CCodecConfig: no c2 equivalents for encoder
09-28 17:36:29.659  7252  7778 D CCodecConfig: c2 config diff is   c2::u32 coded.bitrate.value = 128000
09-28 17:36:29.659  7252  7778 D CCodecConfig:   c2::u32 input.buffers.max-size.value = 4096
09-28 17:36:29.659  7252  7778 D CCodecConfig:   c2::u32 raw.channel-count.value = 2
09-28 17:36:29.659  7252  7778 D CCodecConfig:   c2::u32 raw.sample-rate.value = 48000
09-28 17:36:29.660  7252  7778 W Codec2Client: query -- param skipped: index = 1107298332.
09-28 17:36:29.660  7252  7778 D CCodec  : encoding statistics level = 0
09-28 17:36:29.660  7252  7778 D CCodec  : setup formats input: AMessage(what = 0x00000000) = {
09-28 17:36:29.660  7252  7778 D CCodec  :   int32_t sample-rate = 48000
09-28 17:36:29.660  7252  7778 D CCodec  :   int32_t channel-count = 2
09-28 17:36:29.660  7252  7778 D CCodec  :   int32_t max-input-size = 76800
09-28 17:36:29.660  7252  7778 D CCodec  :   string mime = "audio/raw"
09-28 17:36:29.660  7252  7778 D CCodec  :   int32_t android._config-pcm-encoding = 2
09-28 17:36:29.660  7252  7778 D CCodec  : }
09-28 17:36:29.660  7252  7778 D CCodec  : setup formats output: AMessage(what = 0x00000000) = {
09-28 17:36:29.660  7252  7778 D CCodec  :   int32_t sample-rate = 48000
09-28 17:36:29.660  7252  7778 D CCodec  :   int32_t bitrate = 128000
09-28 17:36:29.660  7252  7778 D CCodec  :   int32_t buffer-batch-max-output-size = 0
09-28 17:36:29.660  7252  7778 D CCodec  :   int32_t buffer-batch-threshold-output-size = 0
09-28 17:36:29.660  7252  7778 D CCodec  :   int32_t channel-count = 2
09-28 17:36:29.660  7252  7778 D CCodec  :   int32_t level = 0
09-28 17:36:29.660  7252  7778 D CCodec  :   int32_t max-bitrate = 128000
09-28 17:36:29.660  7252  7778 D CCodec  :   string mime = "audio/mp4a-latm"
09-28 17:36:29.660  7252  7778 D CCodec  :   int32_t profile = 2
09-28 17:36:29.660  7252  7778 D CCodec  : }
09-28 17:36:29.660  7252  7778 I CCodecConfig: query failed after returning 10 values (BAD_INDEX)
09-28 17:36:29.661  7252  7762 I MediaCodec: (0x78ccf42000) start
09-28 17:36:29.661  7252  7762 D MediaCodec: keep callback message for reclaim
09-28 17:36:29.669  7252  7774 W libc    : Access denied finding property "ro.vendor.gfx.32bit.target"
09-28 17:36:29.670  7252  7778 W Codec2Client: query -- param skipped: index = 1342179345.
09-28 17:36:29.670  7252  7778 W Codec2Client: query -- param skipped: index = 2415921170.
09-28 17:36:29.670  7252  7778 W Codec2Client: query -- param skipped: index = 3254792206.
09-28 17:36:29.671  7252  7778 W Codec2Client: query -- param skipped: index = 3254792194.
09-28 17:36:29.671  7252  7778 D CCodecBufferChannel: [c2.android.aac.encoder#59] Created input block pool with allocatorID 16 => poolID 19 - OK (0)
09-28 17:36:29.672  7252  7778 I CCodecBufferChannel: [c2.android.aac.encoder#59] Created output block pool with allocatorID 16 => poolID 2305 - OK
09-28 17:36:29.672  7252  7778 D CCodecBufferChannel: [c2.android.aac.encoder#59] Configured output block pool ids 2305 => OK
09-28 17:36:29.672  7252  7778 D CCodecBufferChannel: [c2.android.aac.encoder#59] start: updating output delay 0
09-28 17:36:29.674  7252  7778 I MediaCodec: (0x78ccf42000) kWhatStartCompleted
09-28 17:36:29.676  7252  7778 D CCodecBufferChannel: [c2.android.aac.encoder#59] sending CSD : output format changed to AMessage(what = 0x00000000) = {
09-28 17:36:29.676  7252  7778 D CCodecBufferChannel:   int32_t sample-rate = 48000
09-28 17:36:29.676  7252  7778 D CCodecBufferChannel:   int32_t bitrate = 128000
09-28 17:36:29.676  7252  7778 D CCodecBufferChannel:   int32_t buffer-batch-max-output-size = 0
09-28 17:36:29.676  7252  7778 D CCodecBufferChannel:   int32_t buffer-batch-threshold-output-size = 0
09-28 17:36:29.676  7252  7778 D CCodecBufferChannel:   int32_t channel-count = 2
09-28 17:36:29.676  7252  7778 D CCodecBufferChannel:   int32_t level = 0
09-28 17:36:29.676  7252  7778 D CCodecBufferChannel:   int32_t max-bitrate = 128000
09-28 17:36:29.676  7252  7778 D CCodecBufferChannel:   string mime = "audio/mp4a-latm"
09-28 17:36:29.676  7252  7778 D CCodecBufferChannel:   int32_t profile = 2
09-28 17:36:29.676  7252  7778 D CCodecBufferChannel:   Buffer csd-0 = {
09-28 17:36:29.676  7252  7778 D CCodecBufferChannel:     00000000:  11 90                                             ..
09-28 17:36:29.676  7252  7778 D CCodecBufferChannel:   }
09-28 17:36:29.676  7252  7778 D CCodecBufferChannel: }
09-28 17:36:29.685  7252  7325 W pkr     : aeCrop exceeds preCorrectionActiveArraySize.
09-28 17:36:29.735  7252  7259 I eCameraEngR18F1: Background concurrent copying GC freed 27MB AllocSpace bytes, 34(18MB) LOS objects, 75% free, 28MB/114MB, paused 376us,119us total 270.642ms
09-28 17:36:29.745  7252  7261 I MediaCodec: (0x78ed370000) release
09-28 17:36:29.746  7252  7788 I hw-BpHwBinder: onLastStrongRef automatically unlinking death recipients
09-28 17:36:29.750  7252  7325 W pkr     : CaptureResult is present COLOR_CORRECTION_GAINS NEUTRAL.
09-28 17:36:29.758  7252  7361 W CAM_A   : PHOTO > rel Δ(result sensor timestamp) = 1,00 > 0,25
09-28 17:36:29.758  7252  7361 W CAM_A   : PHOTO > result sensor delay = 2,00 > 1,10
09-28 17:36:29.760  7252  7325 W pkr     : aeCrop exceeds preCorrectionActiveArraySize.
09-28 17:36:29.769  7252  7291 W CAM_A   : Framerate metadata does not exist for the video at content://media/external/video/media/1000019315
09-28 17:36:29.795  7252  7361 W CAM_A   : PHOTO > rel Δ(result sensor timestamp) = 0,50 > 0,25
09-28 17:36:29.890  7252  7325 W pkr     : CaptureResult is present COLOR_CORRECTION_GAINS NEUTRAL.
09-28 17:36:29.897  7252  7325 W pkr     : aeCrop exceeds preCorrectionActiveArraySize.
09-28 17:36:29.943  7252  7325 W Glide   : Failed to find GeneratedAppGlideModule. You should include an annotationProcessor compile dependency on com.github.bumptech.glide:compiler in your application and a @GlideModule annotated AppGlideModule implementation or LibraryGlideModules will be silently ignored
09-28 17:36:30.094  7252  7325 W pkr     : CaptureResult is present COLOR_CORRECTION_GAINS NEUTRAL.
09-28 17:36:30.107  7252  7325 W pkr     : aeCrop exceeds preCorrectionActiveArraySize.
09-28 17:36:30.216  7252  7291 W ProtoDataStoreFlagStore: Unable to retrieve flag snapshot for com.google.android.libraries.performance.primes#com.google.android.GoogleCameraEngR18F1, using defaults.
09-28 17:36:30.248  7252  7813 W ProtoDataStoreFlagStore: Unable to update local snapshot for com.google.android.libraries.performance.primes#com.google.android.GoogleCameraEngR18F1, may result in stale flags.
09-28 17:36:30.248  7252  7813 W ProtoDataStoreFlagStore: java.util.concurrent.ExecutionException: java.lang.SecurityException: GoogleCertificatesRslt: not allowed: pkg=com.google.android.GoogleCameraEngR18F1, sha256=[a40da80a59d170caa950cf15c18c454d47a39b26989d8b640ecd745ba71bf5dc], atk=false, ver=253830035.true (go/gsrlt)
09-28 17:36:30.248  7252  7813 W ProtoDataStoreFlagStore: 	at pfx.s(Unknown Source:20)
09-28 17:36:30.248  7252  7813 W ProtoDataStoreFlagStore: 	at pfx.get(Unknown Source:21)
09-28 17:36:30.248  7252  7813 W ProtoDataStoreFlagStore: 	at plk.I(Unknown Source:1)
09-28 17:36:30.248  7252  7813 W ProtoDataStoreFlagStore: 	at plk.ad(Unknown Source:9)
09-28 17:36:30.248  7252  7813 W ProtoDataStoreFlagStore: 	at nfm.d(Unknown Source:0)
09-28 17:36:30.248  7252  7813 W ProtoDataStoreFlagStore: 	at ngq.run(Unknown Source:9)
09-28 17:36:30.248  7252  7813 W ProtoDataStoreFlagStore: 	at java.util.concurrent.Executors$RunnableAdapter.call(Executors.java:524)
09-28 17:36:30.248  7252  7813 W ProtoDataStoreFlagStore: 	at java.util.concurrent.FutureTask.run(FutureTask.java:317)
09-28 17:36:30.248  7252  7813 W ProtoDataStoreFlagStore: 	at java.util.concurrent.ScheduledThreadPoolExecutor$ScheduledFutureTask.run(ScheduledThreadPoolExecutor.java:348)
09-28 17:36:30.248  7252  7813 W ProtoDataStoreFlagStore: 	at java.util.concurrent.ThreadPoolExecutor.runWorker(ThreadPoolExecutor.java:1156)
09-28 17:36:30.248  7252  7813 W ProtoDataStoreFlagStore: 	at java.util.concurrent.ThreadPoolExecutor$Worker.run(ThreadPoolExecutor.java:651)
09-28 17:36:30.248  7252  7813 W ProtoDataStoreFlagStore: 	at java.lang.Thread.run(Thread.java:1119)
09-28 17:36:30.248  7252  7813 W ProtoDataStoreFlagStore: Caused by: java.lang.SecurityException: GoogleCertificatesRslt: not allowed: pkg=com.google.android.GoogleCameraEngR18F1, sha256=[a40da80a59d170caa950cf15c18c454d47a39b26989d8b640ecd745ba71bf5dc], atk=false, ver=253830035.true (go/gsrlt)
09-28 17:36:30.248  7252  7813 W ProtoDataStoreFlagStore: 	at android.os.Parcel.createExceptionOrNull(Parcel.java:3242)
09-28 17:36:30.248  7252  7813 W ProtoDataStoreFlagStore: 	at android.os.Parcel.createException(Parcel.java:3226)
09-28 17:36:30.248  7252  7813 W ProtoDataStoreFlagStore: 	at android.os.Parcel.readException(Parcel.java:3209)
09-28 17:36:30.248  7252  7813 W ProtoDataStoreFlagStore: 	at android.os.Parcel.readException(Parcel.java:3151)
09-28 17:36:30.248  7252  7813 W ProtoDataStoreFlagStore: 	at bmn.z(Unknown Source:10)
09-28 17:36:30.248  7252  7813 W ProtoDataStoreFlagStore: 	at ktz.a(Unknown Source:38)
09-28 17:36:30.248  7252  7813 W ProtoDataStoreFlagStore: 	at kjd.f(Unknown Source:10)
09-28 17:36:30.248  7252  7813 W ProtoDataStoreFlagStore: 	at kkc.t(Unknown Source:9)
09-28 17:36:30.248  7252  7813 W ProtoDataStoreFlagStore: 	at kkc.u(Unknown Source:22)
09-28 17:36:30.248  7252  7813 W ProtoDataStoreFlagStore: 	at kkc.g(Unknown Source:29)
09-28 17:36:30.248  7252  7813 W ProtoDataStoreFlagStore: 	at kkc.h(Unknown Source:76)
09-28 17:36:30.248  7252  7813 W ProtoDataStoreFlagStore: 	at kkc.b(Unknown Source:14)
09-28 17:36:30.248  7252  7813 W ProtoDataStoreFlagStore: 	at klz.c(Unknown Source:114)
09-28 17:36:30.248  7252  7813 W ProtoDataStoreFlagStore: 	at klt.d(Unknown Source:6)
09-28 17:36:30.248  7252  7813 W ProtoDataStoreFlagStore: 	at klu.handleMessage(Unknown Source:307)
09-28 17:36:30.248  7252  7813 W ProtoDataStoreFlagStore: 	at android.os.Handler.dispatchMessage(Handler.java:112)
09-28 17:36:30.248  7252  7813 W ProtoDataStoreFlagStore: 	at ksg.b(Unknown Source:0)
09-28 17:36:30.248  7252  7813 W ProtoDataStoreFlagStore: 	at ksg.dispatchMessage(Unknown Source:0)
09-28 17:36:30.248  7252  7813 W ProtoDataStoreFlagStore: 	at android.os.Looper.loopOnce(Looper.java:268)
09-28 17:36:30.248  7252  7813 W ProtoDataStoreFlagStore: 	at android.os.Looper.loop(Looper.java:384)
09-28 17:36:30.248  7252  7813 W ProtoDataStoreFlagStore: 	at android.os.HandlerThread.run(HandlerThread.java:103)
09-28 17:36:30.300  7252  7293 W pkr     : CaptureResult is present COLOR_CORRECTION_GAINS NEUTRAL.
09-28 17:36:30.312  7252  7293 W pkr     : aeCrop exceeds preCorrectionActiveArraySize.
09-28 17:36:30.471  7252  7252 W eCameraEngR18F1: Unable to open libdolphin.so: dlopen failed: library "libdolphin.so" not found.
09-28 17:36:30.502  7252  7293 W pkr     : CaptureResult is present COLOR_CORRECTION_GAINS NEUTRAL.
09-28 17:36:30.512  7252  7293 W pkr     : aeCrop exceeds preCorrectionActiveArraySize.
09-28 17:36:30.601  7252  7252 W MediaFsQModule: Returning Q MediaFs implementation
09-28 17:36:30.690  7252  7293 W pkr     : CaptureResult is present COLOR_CORRECTION_GAINS NEUTRAL.
09-28 17:36:30.702  7252  7293 W pkr     : aeCrop exceeds preCorrectionActiveArraySize.
09-28 17:36:30.891  7252  7293 W pkr     : CaptureResult is present COLOR_CORRECTION_GAINS NEUTRAL.
09-28 17:36:30.902  7252  7293 W pkr     : aeCrop exceeds preCorrectionActiveArraySize.
09-28 17:36:31.079  7252  7816 W pkr     : CaptureResult is present COLOR_CORRECTION_GAINS NEUTRAL.
09-28 17:36:31.083  7252  7816 W pkr     : aeCrop exceeds preCorrectionActiveArraySize.
09-28 17:36:31.091  7252  7816 W pkr     : CaptureResult is present COLOR_CORRECTION_GAINS NEUTRAL.
09-28 17:36:31.099  7252  7816 W pkr     : aeCrop exceeds preCorrectionActiveArraySize.
09-28 17:36:31.200  7252  7325 W pkr     : CaptureResult is present COLOR_CORRECTION_GAINS NEUTRAL.
09-28 17:36:31.222  7252  7325 W pkr     : aeCrop exceeds preCorrectionActiveArraySize.
09-28 17:36:31.386  7252  7325 W pkr     : CaptureResult is present COLOR_CORRECTION_GAINS NEUTRAL.
09-28 17:36:31.393  7252  7325 W pkr     : aeCrop exceeds preCorrectionActiveArraySize.
09-28 17:36:31.486  7252  7816 W pkr     : CaptureResult is present COLOR_CORRECTION_GAINS NEUTRAL.
09-28 17:36:31.498  7252  7509 E libgcam : [camera_motion_blur_estimator.cc:57]: EstimateCameraMotionBlur: Can't estimate camera motion blur, because gyro data is missing.
09-28 17:36:31.543  7252  7361 W CAM_A   : PHOTO > rel Δ(result sensor timestamp) = 1,00 > 0,25
09-28 17:36:31.549  7252  7816 W pkr     : CaptureResult is present COLOR_CORRECTION_GAINS NEUTRAL.
09-28 17:36:31.565  7252  7509 E libgcam : [camera_motion_blur_estimator.cc:57]: EstimateCameraMotionBlur: Can't estimate camera motion blur, because gyro data is missing.
09-28 17:36:31.601  7252  7816 W pkr     : CaptureResult is present COLOR_CORRECTION_GAINS NEUTRAL.
09-28 17:36:31.611  7252  7509 E libgcam : [camera_motion_blur_estimator.cc:57]: EstimateCameraMotionBlur: Can't estimate camera motion blur, because gyro data is missing.
09-28 17:36:31.676  7252  7816 W pkr     : CaptureResult is present COLOR_CORRECTION_GAINS NEUTRAL.
09-28 17:36:31.686  7252  7509 E libgcam : [camera_motion_blur_estimator.cc:57]: EstimateCameraMotionBlur: Can't estimate camera motion blur, because gyro data is missing.
09-28 17:36:31.726  7252  7816 W pkr     : CaptureResult is present COLOR_CORRECTION_GAINS NEUTRAL.
09-28 17:36:31.733  7252  7509 E libgcam : [camera_motion_blur_estimator.cc:57]: EstimateCameraMotionBlur: Can't estimate camera motion blur, because gyro data is missing.
09-28 17:36:31.786  7252  7816 W pkr     : CaptureResult is present COLOR_CORRECTION_GAINS NEUTRAL.
09-28 17:36:31.796  7252  7509 E libgcam : [camera_motion_blur_estimator.cc:57]: EstimateCameraMotionBlur: Can't estimate camera motion blur, because gyro data is missing.
09-28 17:36:31.801  7252  7509 W libgcam : [shot_helper.cc:352]: LogViewfinderAeWarnings: viewfinder_short_tet (0.000ms) is further than expected from the capture TET (791.400ms). Relative error: 100%.
09-28 17:36:31.814  7252  7361 W CAM_A   : PHOTO > result sensor delay = 1,90 > 1,10
09-28 17:36:31.820  7252  7361 W CAM_A   : Could not find previous metadata for frame at 255598834738588
09-28 17:36:31.821  7252  7293 W pkr     : CaptureResult is present COLOR_CORRECTION_GAINS NEUTRAL.
09-28 17:36:31.833  7252  7293 W pkr     : aeCrop exceeds preCorrectionActiveArraySize.
09-28 17:36:31.848  7252  7361 W CAM_A   : PHOTO > rel Δ(result sensor timestamp) = 0,47 > 0,25
09-28 17:36:32.056  7252  7293 W pkr     : CaptureResult is present COLOR_CORRECTION_GAINS NEUTRAL.
09-28 17:36:32.063  7252  7293 W pkr     : aeCrop exceeds preCorrectionActiveArraySize.
09-28 17:36:32.106  7252  7252 W CAM_A   : isListed: unknown activity. mimeType=image/* className=com.facebook.timeline.stagingground.Fb4aProfilePictureShareActivityAlias
09-28 17:36:32.107  7252  7252 W CAM_A   : isListed: unknown activity. mimeType=image/* className=com.facebook.composer.shareintent.ImplicitShareIntentHandlerDefaultAlias
09-28 17:36:32.107  7252  7252 W CAM_A   : isListed: unknown activity. mimeType=image/* className=com.facebook.composer.shareintent.ShareToGroupsAlias
09-28 17:36:32.107  7252  7252 W CAM_A   : isListed: unknown activity. mimeType=image/* className=com.instagram.share.handleractivity.ShareHandlerActivity
09-28 17:36:32.107  7252  7252 W CAM_A   : isListed: unknown activity. mimeType=image/* className=com.instagram.share.handleractivity.ReelShareHandlerActivity
09-28 17:36:32.107  7252  7252 W CAM_A   : isListed: unknown activity. mimeType=image/* className=com.instagram.direct.share.handler.DirectExternalMediaShareActivityPhoto
09-28 17:36:32.107  7252  7252 W CAM_A   : isListed: unknown activity. mimeType=image/* className=com.whatsapp.contact.ui.picker.ContactPicker
09-28 17:36:32.113  7252  7252 W CAM_A   : isListed: unknown activity. mimeType=video/* className=com.facebook.composer.shareintent.ImplicitShareIntentHandlerDefaultAlias
09-28 17:36:32.113  7252  7252 W CAM_A   : isListed: unknown activity. mimeType=video/* className=com.facebook.composer.shareintent.ShareToGroupsAlias
09-28 17:36:32.113  7252  7252 W CAM_A   : isListed: unknown activity. mimeType=video/* className=com.facebook.inspiration.fbshorts.shareintent.InpirationFbShortsShareAlias
09-28 17:36:32.113  7252  7252 W CAM_A   : isListed: unknown activity. mimeType=video/* className=com.instagram.share.handleractivity.ShareHandlerActivity
09-28 17:36:32.113  7252  7252 W CAM_A   : isListed: unknown activity. mimeType=video/* className=com.instagram.share.handleractivity.ReelShareHandlerActivity
09-28 17:36:32.113  7252  7252 W CAM_A   : isListed: unknown activity. mimeType=video/* className=com.instagram.direct.share.handler.DirectExternalMediaShareActivityVideo
09-28 17:36:32.113  7252  7252 W CAM_A   : isListed: unknown activity. mimeType=video/* className=com.whatsapp.contact.ui.picker.ContactPicker
09-28 17:36:32.218  7252  7293 W pkr     : CaptureResult is present COLOR_CORRECTION_GAINS NEUTRAL.
09-28 17:36:32.226  7252  7293 W pkr     : aeCrop exceeds preCorrectionActiveArraySize.
09-28 17:36:32.428  7252  7325 W pkr     : CaptureResult is present COLOR_CORRECTION_GAINS NEUTRAL.
09-28 17:36:32.456  7252  7325 W pkr     : aeCrop exceeds preCorrectionActiveArraySize.
09-28 17:36:32.619  7252  7293 W pkr     : CaptureResult is present COLOR_CORRECTION_GAINS NEUTRAL.
09-28 17:36:32.638  7252  7293 W pkr     : aeCrop exceeds preCorrectionActiveArraySize.
09-28 17:36:32.659  7252  7252 W FinishThread: type=1400 audit(0.0:117399): avc:  granted  { execute } for  path="/data/user/0/com.google.android.GoogleCameraEngR18F1/files/libpatched_jni.so" dev="dm-51" ino=355953 scontext=u:r:untrusted_app_29:s0:c90,c257,c512,c768 tcontext=u:object_r:app_data_file:s0:c90,c257,c512,c768 tclass=file app=com.google.android.GoogleCameraEngR18F1
09-28 17:36:32.664  7252  7513 W CAM_A   : Ignored Rectiface warpfield re-initialization.
09-28 17:36:32.659  7252  7252 W FinishThread: type=1400 audit(0.0:117400): avc:  granted  { execute } for  path="/data/user/0/com.google.android.GoogleCameraEngR18F1/files/libpatched_jni.so" dev="dm-51" ino=355953 scontext=u:r:untrusted_app_29:s0:c90,c257,c512,c768 tcontext=u:object_r:app_data_file:s0:c90,c257,c512,c768 tclass=file app=com.google.android.GoogleCameraEngR18F1
09-28 17:36:32.669  7252  7513 W native  : W0928 17:36:32.668939    7513 rectiface_hdrplus_option_factory.cc:94] Invalid device_os_version string!motorola/fogos_gpn/fogos:15/V1UGS35H.75-14-9-1/2ca1c2-18a86:user/release-keys
09-28 17:36:32.669  7252  7504 E GoLog   : W0928 17:36:32.668939    7513 rectiface_hdrplus_option_factory.cc:94] Invalid device_os_version string!motorola/fogos_gpn/fogos:15/V1UGS35H.75-14-9-1/2ca1c2-18a86:user/release-keys
09-28 17:36:32.669  7252  7513 W native  : W0928 17:36:32.669296    7513 rectiface_hdrplus.cc:290] Rectiface: empty face landmarks - FrameMetadata may be outdated. Support will be deprecated soon.
09-28 17:36:32.669  7252  7504 E GoLog   : W0928 17:36:32.669296    7513 rectiface_hdrplus.cc:290] Rectiface: empty face landmarks - FrameMetadata may be outdated. Support will be deprecated soon.
09-28 17:36:32.685  7252  7799 W native  : W0928 17:36:32.685520    7799 face_tracker_gcam.cc:71] Ignore max_num_faces in face detection.
09-28 17:36:32.685  7252  7504 E GoLog   : W0928 17:36:32.685520    7799 face_tracker_gcam.cc:71] Ignore max_num_faces in face detection.
09-28 17:36:32.692  7252  7799 W native  : W0928 17:36:32.692644    7799 face_tracker_gcam.cc:91] Ignore roll_angle in landmark detection.
09-28 17:36:32.692  7252  7504 E GoLog   : W0928 17:36:32.692644    7799 face_tracker_gcam.cc:91] Ignore roll_angle in landmark detection.
09-28 17:36:32.713  7252  7834 W native  : W0928 17:36:32.713429    7834 plane_utils.cc:233] Image is reallocated due to the change of size.
09-28 17:36:32.713  7252  7504 E GoLog   : W0928 17:36:32.713429    7834 plane_utils.cc:233] Image is reallocated due to the change of size.
09-28 17:36:32.715  7252  7834 W native  : W0928 17:36:32.715742    7834 plane_utils.cc:233] Image is reallocated due to the change of size.
09-28 17:36:32.716  7252  7504 E GoLog   : W0928 17:36:32.715742    7834 plane_utils.cc:233] Image is reallocated due to the change of size.
09-28 17:36:32.727  7252  7799 W native  : W0928 17:36:32.726878    7799 face_tracker_gcam.cc:107] Memcpy incurred. This may hurt performance.
09-28 17:36:32.727  7252  7504 E GoLog   : W0928 17:36:32.726878    7799 face_tracker_gcam.cc:107] Memcpy incurred. This may hurt performance.
09-28 17:36:32.745  7252  7799 W libc    : Access denied finding property "ro.hardware.chipname"
09-28 17:36:32.775  7252  7799 W native  : W0928 17:36:32.775664    7799 rectiface_processor.cc:1252] Rectiface expects fully populated external landmark. FrameMetadata may be outdated. Support will be deprecated soon.
09-28 17:36:32.776  7252  7504 E GoLog   : W0928 17:36:32.775664    7799 rectiface_processor.cc:1252] Rectiface expects fully populated external landmark. FrameMetadata may be outdated. Support will be deprecated soon.
09-28 17:36:32.833  7252  7799 W native  : W0928 17:36:32.833366    7799 plane.cc:281] Memory re-allocation.
09-28 17:36:32.833  7252  7504 E GoLog   : W0928 17:36:32.833366    7799 plane.cc:281] Memory re-allocation.
09-28 17:36:32.834  7252  7799 W native  : W0928 17:36:32.834219    7799 plane.cc:281] Memory re-allocation.
09-28 17:36:32.834  7252  7504 E GoLog   : W0928 17:36:32.834219    7799 plane.cc:281] Memory re-allocation.
09-28 17:36:32.837  7252  7799 W native  : W0928 17:36:32.837238    7799 plane.cc:281] Memory re-allocation.
09-28 17:36:32.837  7252  7799 W native  : W0928 17:36:32.837293    7799 plane.cc:281] Memory re-allocation.
09-28 17:36:32.837  7252  7504 E GoLog   : W0928 17:36:32.837238    7799 plane.cc:281] Memory re-allocation.
09-28 17:36:32.837  7252  7504 E GoLog   : W0928 17:36:32.837293    7799 plane.cc:281] Memory re-allocation.
09-28 17:36:32.844  7252  7293 W pkr     : CaptureResult is present COLOR_CORRECTION_GAINS NEUTRAL.
09-28 17:36:32.863  7252  7293 W pkr     : aeCrop exceeds preCorrectionActiveArraySize.
09-28 17:36:33.015  7252  7293 W pkr     : CaptureResult is present COLOR_CORRECTION_GAINS NEUTRAL.
09-28 17:36:33.020  7252  7293 W pkr     : aeCrop exceeds preCorrectionActiveArraySize.
09-28 17:36:33.155  7252  7252 W FinishThread: type=1400 audit(0.0:117401): avc:  granted  { execute } for  path="/data/user/0/com.google.android.GoogleCameraEngR18F1/files/libpatched_jni.so" dev="dm-51" ino=355953 scontext=u:r:untrusted_app_29:s0:c90,c257,c512,c768 tcontext=u:object_r:app_data_file:s0:c90,c257,c512,c768 tclass=file app=com.google.android.GoogleCameraEngR18F1
09-28 17:36:33.167  7252  7252 W ImageSaver-1: type=1400 audit(0.0:117402): avc:  granted  { execute } for  path="/data/user/0/com.google.android.GoogleCameraEngR18F1/files/libpatched_jni.so" dev="dm-51" ino=355953 scontext=u:r:untrusted_app_29:s0:c90,c257,c512,c768 tcontext=u:object_r:app_data_file:s0:c90,c257,c512,c768 tclass=file app=com.google.android.GoogleCameraEngR18F1
09-28 17:36:33.210  7252  7325 W pkr     : CaptureResult is present COLOR_CORRECTION_GAINS NEUTRAL.
09-28 17:36:33.217  7252  7325 W pkr     : aeCrop exceeds preCorrectionActiveArraySize.
09-28 17:36:33.396  7252  7252 W CAM_A   : Placeholder drawable removed: key=ShotId-0 evicted=false
09-28 17:36:33.417  7252  7293 W pkr     : CaptureResult is present COLOR_CORRECTION_GAINS NEUTRAL.
09-28 17:36:33.432  7252  7293 W pkr     : aeCrop exceeds preCorrectionActiveArraySize.
09-28 17:36:33.535  7252  7252 W CAM_A   : isListed: unknown activity. mimeType=image/* className=com.facebook.timeline.stagingground.Fb4aProfilePictureShareActivityAlias
09-28 17:36:33.535  7252  7252 W CAM_A   : isListed: unknown activity. mimeType=image/* className=com.facebook.composer.shareintent.ImplicitShareIntentHandlerDefaultAlias
09-28 17:36:33.535  7252  7252 W CAM_A   : isListed: unknown activity. mimeType=image/* className=com.facebook.composer.shareintent.ShareToGroupsAlias
09-28 17:36:33.535  7252  7252 W CAM_A   : isListed: unknown activity. mimeType=image/* className=com.instagram.share.handleractivity.ShareHandlerActivity
09-28 17:36:33.535  7252  7252 W CAM_A   : isListed: unknown activity. mimeType=image/* className=com.instagram.share.handleractivity.ReelShareHandlerActivity
09-28 17:36:33.536  7252  7252 W CAM_A   : isListed: unknown activity. mimeType=image/* className=com.instagram.direct.share.handler.DirectExternalMediaShareActivityPhoto
09-28 17:36:33.536  7252  7252 W CAM_A   : isListed: unknown activity. mimeType=image/* className=com.whatsapp.contact.ui.picker.ContactPicker
09-28 17:36:33.542  7252  7252 W CAM_A   : isListed: unknown activity. mimeType=video/* className=com.facebook.composer.shareintent.ImplicitShareIntentHandlerDefaultAlias
09-28 17:36:33.542  7252  7252 W CAM_A   : isListed: unknown activity. mimeType=video/* className=com.facebook.composer.shareintent.ShareToGroupsAlias
09-28 17:36:33.542  7252  7252 W CAM_A   : isListed: unknown activity. mimeType=video/* className=com.facebook.inspiration.fbshorts.shareintent.InpirationFbShortsShareAlias
09-28 17:36:33.542  7252  7252 W CAM_A   : isListed: unknown activity. mimeType=video/* className=com.instagram.share.handleractivity.ShareHandlerActivity
09-28 17:36:33.542  7252  7252 W CAM_A   : isListed: unknown activity. mimeType=video/* className=com.instagram.share.handleractivity.ReelShareHandlerActivity
09-28 17:36:33.542  7252  7252 W CAM_A   : isListed: unknown activity. mimeType=video/* className=com.instagram.direct.share.handler.DirectExternalMediaShareActivityVideo
09-28 17:36:33.542  7252  7252 W CAM_A   : isListed: unknown activity. mimeType=video/* className=com.whatsapp.contact.ui.picker.ContactPicker
09-28 17:36:33.613  7252  7293 W pkr     : CaptureResult is present COLOR_CORRECTION_GAINS NEUTRAL.
09-28 17:36:33.629  7252  7293 W pkr     : aeCrop exceeds preCorrectionActiveArraySize.
09-28 17:36:33.770  7252  7361 W CAM_A   : PHOTO > rel Δ(result sensor timestamp) = 1,00 > 0,25
09-28 17:36:33.770  7252  7361 W CAM_A   : PHOTO > result sensor delay = 2,00 > 1,10
09-28 17:36:33.805  7252  7361 W CAM_A   : PHOTO > rel Δ(result sensor timestamp) = 0,50 > 0,25
09-28 17:36:33.842  7252  7325 W pkr     : CaptureResult is present COLOR_CORRECTION_GAINS NEUTRAL.
09-28 17:36:33.855  7252  7325 W pkr     : aeCrop exceeds preCorrectionActiveArraySize.
09-28 17:36:34.044  7252  7325 W pkr     : CaptureResult is present COLOR_CORRECTION_GAINS NEUTRAL.
09-28 17:36:34.056  7252  7325 W pkr     : aeCrop exceeds preCorrectionActiveArraySize.
09-28 17:36:34.259  7252  7293 W pkr     : CaptureResult is present COLOR_CORRECTION_GAINS NEUTRAL.
09-28 17:36:34.272  7252  7293 W pkr     : aeCrop exceeds preCorrectionActiveArraySize.
09-28 17:36:34.374  7252  7747 D BufferPoolAccessor2.0: bufferpool2 0x78d6e45028 : 0(0 size) total buffers - 0(0 size) used buffers - 1/7 (recycle/alloc) - 6/40 (fetch/transfer)
09-28 17:36:34.374  7252  7747 D BufferPoolAccessor2.0: evictor expired: 1, evicted: 1
09-28 17:36:34.449  7252  7293 W pkr     : CaptureResult is present COLOR_CORRECTION_GAINS NEUTRAL.
09-28 17:36:34.462  7252  7293 W pkr     : aeCrop exceeds preCorrectionActiveArraySize.
09-28 17:36:34.655  7252  7293 W pkr     : CaptureResult is present COLOR_CORRECTION_GAINS NEUTRAL.
09-28 17:36:34.668  7252  7293 W pkr     : aeCrop exceeds preCorrectionActiveArraySize.
09-28 17:36:34.846  7252  7293 W pkr     : CaptureResult is present COLOR_CORRECTION_GAINS NEUTRAL.
09-28 17:36:34.856  7252  7293 W pkr     : aeCrop exceeds preCorrectionActiveArraySize.
09-28 17:36:35.045  7252  7293 W pkr     : CaptureResult is present COLOR_CORRECTION_GAINS NEUTRAL.
09-28 17:36:35.057  7252  7293 W pkr     : aeCrop exceeds preCorrectionActiveArraySize.
09-28 17:36:35.244  7252  7325 W pkr     : CaptureResult is present COLOR_CORRECTION_GAINS NEUTRAL.
09-28 17:36:35.258  7252  7325 W pkr     : aeCrop exceeds preCorrectionActiveArraySize.
09-28 17:36:35.375  7252  7747 D BufferPoolAccessor2.0: bufferpool2 0x78d6e45828 : 0(0 size) total buffers - 0(0 size) used buffers - 2/7 (recycle/alloc) - 5/82 (fetch/transfer)
09-28 17:36:35.375  7252  7747 D BufferPoolAccessor2.0: bufferpool2 0x78d72c8e28 : 5(384000 size) total buffers - 4(307200 size) used buffers - 0/5 (recycle/alloc) - 0/0 (fetch/transfer)
09-28 17:36:35.375  7252  7747 D BufferPoolAccessor2.0: evictor expired: 2, evicted: 2
09-28 17:36:35.442  7252  7293 W pkr     : CaptureResult is present COLOR_CORRECTION_GAINS NEUTRAL.
