09-28 17:36:38.710  7252  8315 I CCodecConfig: query failed after returning 10 values (BAD_INDEX)
09-28 17:36:38.710  7252  8315 D CCodecConfig: c2 config diff is Dict {
09-28 17:36:38.710  7252  8315 D CCodecConfig:   c2::u32 coded.bitrate.value = 64000
09-28 17:36:38.710  7252  8315 D CCodecConfig:   c2::u32 coded.pl.level = 0
09-28 17:36:38.710  7252  8315 D CCodecConfig:   c2::u32 coded.pl.profile = 8192
09-28 17:36:38.710  7252  8315 D CCodecConfig:   c2::u32 coding.aac-sbr-mode.value = 3
09-28 17:36:38.710  7252  8315 D CCodecConfig:   c2::u32 input.buffers.max-size.value = 2048
09-28 17:36:38.710  7252  8315 D CCodecConfig:   c2::u32 input.delay.value = 0
09-28 17:36:38.710  7252  8315 D CCodecConfig:   string input.media-type.value = "audio/raw"
09-28 17:36:38.710  7252  8315 D CCodecConfig:   c2::u32 output.large-frame.max-size = 0
09-28 17:36:38.710  7252  8315 D CCodecConfig:   c2::u32 output.large-frame.threshold-size = 0
09-28 17:36:38.710  7252  8315 D CCodecConfig:   string output.media-type.value = "audio/mp4a-latm"
09-28 17:36:38.710  7252  8315 D CCodecConfig:   c2::u32 raw.channel-count.value = 1
09-28 17:36:38.710  7252  8315 D CCodecConfig:   c2::u32 raw.sample-rate.value = 44100
09-28 17:36:38.710  7252  8315 D CCodecConfig: }
09-28 17:36:38.710  7252  8315 I MediaCodec: (0x78cd08a800) Component Allocated (c2.android.aac.encoder)
09-28 17:36:38.715  7252  8160 W CAM_A   : PHOTO > result sensor delay = 1,60 > 1,10
09-28 17:36:38.716  7252  8315 I MediaCodec: MediaCodec will operate in async mode
09-28 17:36:38.720  7252  7762 D MediaCodec: shapeMediaFormat: deltas(0): AMessage(what = 0x00000000) = {
09-28 17:36:38.720  7252  7762 D MediaCodec:   }
09-28 17:36:38.720  7252  7762 I MediaCodec: (0x78cd08a800) configure surface(0x0) crypto(0x0) flags(1)
09-28 17:36:38.720  7252  7762 D MediaCodec: (0x78cd08a800) configure format: AMessage(what = 0x00000000) = {
09-28 17:36:38.720  7252  7762 D MediaCodec:       int32_t oo.muxer.force_sequential = 1
09-28 17:36:38.720  7252  7762 D MediaCodec:       int32_t sample-rate = 48000
09-28 17:36:38.720  7252  7762 D MediaCodec:       string mime = "audio/mp4a-latm"
09-28 17:36:38.720  7252  7762 D MediaCodec:       int32_t channel-count = 2
09-28 17:36:38.720  7252  7762 D MediaCodec:       int32_t aac-profile = 2
09-28 17:36:38.720  7252  7762 D MediaCodec:       int32_t bitrate = 128000
09-28 17:36:38.720  7252  7762 D MediaCodec:       int32_t max-input-size = 76800
09-28 17:36:38.720  7252  7762 D MediaCodec:     }
09-28 17:36:38.721  7252  8315 D CCodec  : [c2.android.aac.encoder] buffers are bound to CCodec for this session
09-28 17:36:38.721  7252  8315 D CCodecConfig: no c2 equivalents for oo.muxer.force_sequential
09-28 17:36:38.721  7252  8315 D CCodecConfig: no c2 equivalents for flags
09-28 17:36:38.721  7252  8315 D CCodecConfig: no c2 equivalents for encoder
09-28 17:36:38.723  7252  8315 D CCodecConfig: c2 config diff is   c2::u32 coded.bitrate.value = 128000
09-28 17:36:38.723  7252  8315 D CCodecConfig:   c2::u32 input.buffers.max-size.value = 4096
09-28 17:36:38.723  7252  8315 D CCodecConfig:   c2::u32 raw.channel-count.value = 2
09-28 17:36:38.723  7252  8315 D CCodecConfig:   c2::u32 raw.sample-rate.value = 48000
09-28 17:36:38.723  7252  8315 W Codec2Client: query -- param skipped: index = 1107298332.
09-28 17:36:38.723  7252  8315 D CCodec  : encoding statistics level = 0
09-28 17:36:38.723  7252  8315 D CCodec  : setup formats input: AMessage(what = 0x00000000) = {
09-28 17:36:38.723  7252  8315 D CCodec  :   int32_t sample-rate = 48000
09-28 17:36:38.723  7252  8315 D CCodec  :   int32_t channel-count = 2
09-28 17:36:38.723  7252  8315 D CCodec  :   int32_t max-input-size = 76800
09-28 17:36:38.723  7252  8315 D CCodec  :   string mime = "audio/raw"
09-28 17:36:38.723  7252  8315 D CCodec  :   int32_t android._config-pcm-encoding = 2
09-28 17:36:38.723  7252  8315 D CCodec  : }
09-28 17:36:38.723  7252  8315 D CCodec  : setup formats output: AMessage(what = 0x00000000) = {
09-28 17:36:38.723  7252  8315 D CCodec  :   int32_t sample-rate = 48000
09-28 17:36:38.723  7252  8315 D CCodec  :   int32_t bitrate = 128000
09-28 17:36:38.723  7252  8315 D CCodec  :   int32_t buffer-batch-max-output-size = 0
09-28 17:36:38.723  7252  8315 D CCodec  :   int32_t buffer-batch-threshold-output-size = 0
09-28 17:36:38.723  7252  8315 D CCodec  :   int32_t channel-count = 2
09-28 17:36:38.723  7252  8315 D CCodec  :   int32_t level = 0
09-28 17:36:38.723  7252  8315 D CCodec  :   int32_t max-bitrate = 128000
09-28 17:36:38.723  7252  8315 D CCodec  :   string mime = "audio/mp4a-latm"
09-28 17:36:38.723  7252  8315 D CCodec  :   int32_t profile = 2
09-28 17:36:38.723  7252  8315 D CCodec  : }
09-28 17:36:38.723  7252  8315 I CCodecConfig: query failed after returning 10 values (BAD_INDEX)
09-28 17:36:38.724  7252  7762 I MediaCodec: (0x78cd08a800) start
09-28 17:36:38.724  7252  7762 D MediaCodec: keep callback message for reclaim
09-28 17:36:38.728  7252  8315 W Codec2Client: query -- param skipped: index = 1342179345.
09-28 17:36:38.728  7252  8315 W Codec2Client: query -- param skipped: index = 2415921170.
09-28 17:36:38.731  7252  8315 W Codec2Client: query -- param skipped: index = 3254792206.
09-28 17:36:38.731  7252  8315 W Codec2Client: query -- param skipped: index = 3254792194.
09-28 17:36:38.732  7252  8315 D CCodecBufferChannel: [c2.android.aac.encoder#411] Created input block pool with allocatorID 16 => poolID 20 - OK (0)
09-28 17:36:38.735  7252  8315 I CCodecBufferChannel: [c2.android.aac.encoder#411] Created output block pool with allocatorID 16 => poolID 2308 - OK
09-28 17:36:38.737  7252  8315 D CCodecBufferChannel: [c2.android.aac.encoder#411] Configured output block pool ids 2308 => OK
09-28 17:36:38.738  7252  8315 D CCodecBufferChannel: [c2.android.aac.encoder#411] start: updating output delay 0
09-28 17:36:38.744  7252  8160 W CAM_A   : PHOTO > rel Δ(result sensor timestamp) = 0,38 > 0,25
09-28 17:36:38.752  7252  7293 W pkr     : CaptureResult is present COLOR_CORRECTION_GAINS NEUTRAL.
09-28 17:36:38.764  7252  8315 I MediaCodec: (0x78cd08a800) kWhatStartCompleted
09-28 17:36:38.766  7252  8315 D CCodecBufferChannel: [c2.android.aac.encoder#411] sending CSD : output format changed to AMessage(what = 0x00000000) = {
09-28 17:36:38.766  7252  8315 D CCodecBufferChannel:   int32_t sample-rate = 48000
09-28 17:36:38.766  7252  8315 D CCodecBufferChannel:   int32_t bitrate = 128000
09-28 17:36:38.766  7252  8315 D CCodecBufferChannel:   int32_t buffer-batch-max-output-size = 0
09-28 17:36:38.766  7252  8315 D CCodecBufferChannel:   int32_t buffer-batch-threshold-output-size = 0
09-28 17:36:38.766  7252  8315 D CCodecBufferChannel:   int32_t channel-count = 2
09-28 17:36:38.766  7252  8315 D CCodecBufferChannel:   int32_t level = 0
09-28 17:36:38.766  7252  8315 D CCodecBufferChannel:   int32_t max-bitrate = 128000
09-28 17:36:38.766  7252  8315 D CCodecBufferChannel:   string mime = "audio/mp4a-latm"
09-28 17:36:38.766  7252  8315 D CCodecBufferChannel:   int32_t profile = 2
09-28 17:36:38.766  7252  8315 D CCodecBufferChannel:   Buffer csd-0 = {
09-28 17:36:38.766  7252  8315 D CCodecBufferChannel:     00000000:  11 90                                             ..
09-28 17:36:38.766  7252  8315 D CCodecBufferChannel:   }
09-28 17:36:38.766  7252  8315 D CCodecBufferChannel: }
09-28 17:36:38.767  7252  7293 W pkr     : aeCrop exceeds preCorrectionActiveArraySize.
09-28 17:36:38.948  7252  7325 W pkr     : CaptureResult is present COLOR_CORRECTION_GAINS NEUTRAL.
09-28 17:36:38.962  7252  7325 W pkr     : aeCrop exceeds preCorrectionActiveArraySize.
09-28 17:36:39.143  7252  7293 W pkr     : CaptureResult is present COLOR_CORRECTION_GAINS NEUTRAL.
09-28 17:36:39.156  7252  7293 W pkr     : aeCrop exceeds preCorrectionActiveArraySize.
09-28 17:36:39.341  7252  7293 W pkr     : CaptureResult is present COLOR_CORRECTION_GAINS NEUTRAL.
09-28 17:36:39.354  7252  7293 W pkr     : aeCrop exceeds preCorrectionActiveArraySize.
09-28 17:36:39.536  7252  7293 W pkr     : CaptureResult is present COLOR_CORRECTION_GAINS NEUTRAL.
09-28 17:36:39.544  7252  7293 W pkr     : aeCrop exceeds preCorrectionActiveArraySize.
09-28 17:36:39.746  7252  7325 W pkr     : CaptureResult is present COLOR_CORRECTION_GAINS NEUTRAL.
09-28 17:36:39.756  7252  7325 W pkr     : aeCrop exceeds preCorrectionActiveArraySize.
09-28 17:36:39.939  7252  7293 W pkr     : CaptureResult is present COLOR_CORRECTION_GAINS NEUTRAL.
09-28 17:36:39.945  7252  7293 W pkr     : aeCrop exceeds preCorrectionActiveArraySize.
09-28 17:36:40.141  7252  7325 W pkr     : CaptureResult is present COLOR_CORRECTION_GAINS NEUTRAL.
09-28 17:36:40.154  7252  7325 W pkr     : aeCrop exceeds preCorrectionActiveArraySize.
09-28 17:36:40.352  7252  7293 W pkr     : CaptureResult is present COLOR_CORRECTION_GAINS NEUTRAL.
09-28 17:36:40.358  7252  7293 W pkr     : aeCrop exceeds preCorrectionActiveArraySize.
09-28 17:36:40.527  7252  7293 W pkr     : CaptureResult is present COLOR_CORRECTION_GAINS NEUTRAL.
09-28 17:36:40.533  7252  7293 W pkr     : aeCrop exceeds preCorrectionActiveArraySize.
09-28 17:36:40.734  7252  7293 W pkr     : CaptureResult is present COLOR_CORRECTION_GAINS NEUTRAL.
09-28 17:36:40.742  7252  7293 W pkr     : aeCrop exceeds preCorrectionActiveArraySize.
09-28 17:36:40.940  7252  7325 W pkr     : CaptureResult is present COLOR_CORRECTION_GAINS NEUTRAL.
09-28 17:36:40.956  7252  7325 W pkr     : aeCrop exceeds preCorrectionActiveArraySize.
09-28 17:36:41.147  7252  7325 W pkr     : CaptureResult is present COLOR_CORRECTION_GAINS NEUTRAL.
09-28 17:36:41.156  7252  7325 W pkr     : aeCrop exceeds preCorrectionActiveArraySize.
09-28 17:36:41.337  7252  7293 W pkr     : CaptureResult is present COLOR_CORRECTION_GAINS NEUTRAL.
09-28 17:36:41.354  7252  7293 W pkr     : aeCrop exceeds preCorrectionActiveArraySize.
09-28 17:36:41.456  7252  7252 D CameraManager2: GotArray:0
09-28 17:36:41.456  7252  7252 D CameraManager2: GotArray:1
09-28 17:36:41.456  7252  7252 D CameraManager2: GotArray:2
09-28 17:36:41.456  7252  7252 D CameraManager2: GotArray:3
09-28 17:36:41.456  7252  7252 D CameraManager2: GotArray:4
09-28 17:36:41.456  7252  7252 D CameraManager2: GotArray:5
09-28 17:36:41.529  7252  7293 W pkr     : CaptureResult is present COLOR_CORRECTION_GAINS NEUTRAL.
09-28 17:36:41.537  7252  7293 W pkr     : aeCrop exceeds preCorrectionActiveArraySize.
09-28 17:36:41.741  7252  7325 W pkr     : CaptureResult is present COLOR_CORRECTION_GAINS NEUTRAL.
09-28 17:36:41.752  7252  7325 W pkr     : aeCrop exceeds preCorrectionActiveArraySize.
09-28 17:36:41.890  7252  7747 D BufferPoolAccessor2.0: evictor expired: 2, evicted: 0
09-28 17:36:41.952  7252  7325 W pkr     : CaptureResult is present COLOR_CORRECTION_GAINS NEUTRAL.
09-28 17:36:41.967  7252  7325 W pkr     : aeCrop exceeds preCorrectionActiveArraySize.
09-28 17:36:42.135  7252  7325 W pkr     : CaptureResult is present COLOR_CORRECTION_GAINS NEUTRAL.
09-28 17:36:42.151  7252  7325 W pkr     : aeCrop exceeds preCorrectionActiveArraySize.
09-28 17:36:42.344  7252  7325 W pkr     : CaptureResult is present COLOR_CORRECTION_GAINS NEUTRAL.
09-28 17:36:42.361  7252  7325 W pkr     : aeCrop exceeds preCorrectionActiveArraySize.
09-28 17:36:42.541  7252  7293 W pkr     : CaptureResult is present COLOR_CORRECTION_GAINS NEUTRAL.
09-28 17:36:42.562  7252  7293 W pkr     : aeCrop exceeds preCorrectionActiveArraySize.
09-28 17:36:42.735  7252  7325 W pkr     : CaptureResult is present COLOR_CORRECTION_GAINS NEUTRAL.
09-28 17:36:42.751  7252  7325 W pkr     : aeCrop exceeds preCorrectionActiveArraySize.
09-28 17:36:42.933  7252  7325 W pkr     : CaptureResult is present COLOR_CORRECTION_GAINS NEUTRAL.
09-28 17:36:42.969  7252  7325 W pkr     : aeCrop exceeds preCorrectionActiveArraySize.
09-28 17:36:43.136  7252  7293 W pkr     : CaptureResult is present COLOR_CORRECTION_GAINS NEUTRAL.
09-28 17:36:43.152  7252  7293 W pkr     : aeCrop exceeds preCorrectionActiveArraySize.
09-28 17:36:43.343  7252  8493 W pkr     : CaptureResult is present COLOR_CORRECTION_GAINS NEUTRAL.
09-28 17:36:43.344  7252  8493 W pkr     : aeCrop exceeds preCorrectionActiveArraySize.
09-28 17:36:43.352  7252  8493 W pkr     : CaptureResult is present COLOR_CORRECTION_GAINS NEUTRAL.
09-28 17:36:43.359  7252  8493 W pkr     : aeCrop exceeds preCorrectionActiveArraySize.
09-28 17:36:43.543  7252  7293 W pkr     : CaptureResult is present COLOR_CORRECTION_GAINS NEUTRAL.
09-28 17:36:43.587  7252  7293 W pkr     : aeCrop exceeds preCorrectionActiveArraySize.
09-28 17:36:43.658  7252  7259 W eCameraEngR18F1: Cleared Reference was only reachable from finalizer (only reported once)
09-28 17:36:43.673  7252  7259 I eCameraEngR18F1: NativeAlloc concurrent copying GC freed 30MB AllocSpace bytes, 38(34MB) LOS objects, 75% free, 19MB/77MB, paused 162us,52us total 112.552ms
09-28 17:36:43.689  7252  7261 I MediaCodec: (0x78ed32a000) release
09-28 17:36:43.692  7252  8518 I hw-BpHwBinder: onLastStrongRef automatically unlinking death recipients
09-28 17:36:43.723  7252  8493 W pkr     : CaptureResult is present COLOR_CORRECTION_GAINS NEUTRAL.
09-28 17:36:43.733  7252  7823 E libgcam : [camera_motion_blur_estimator.cc:57]: EstimateCameraMotionBlur: Can't estimate camera motion blur, because gyro data is missing.
09-28 17:36:43.778  7252  8160 W CAM_A   : PHOTO > rel Δ(result sensor timestamp) = 1,00 > 0,25
09-28 17:36:43.782  7252  8493 W pkr     : CaptureResult is present COLOR_CORRECTION_GAINS NEUTRAL.
09-28 17:36:43.792  7252  7823 E libgcam : [camera_motion_blur_estimator.cc:57]: EstimateCameraMotionBlur: Can't estimate camera motion blur, because gyro data is missing.
09-28 17:36:43.845  7252  8493 W pkr     : CaptureResult is present COLOR_CORRECTION_GAINS NEUTRAL.
09-28 17:36:43.857  7252  7823 E libgcam : [camera_motion_blur_estimator.cc:57]: EstimateCameraMotionBlur: Can't estimate camera motion blur, because gyro data is missing.
09-28 17:36:43.891  7252  7747 D BufferPoolAccessor2.0: bufferpool2 0x78ed5a8228 : 5(384000 size) total buffers - 4(307200 size) used buffers - 0/5 (recycle/alloc) - 0/0 (fetch/transfer)
09-28 17:36:43.891  7252  7747 D BufferPoolAccessor2.0: evictor expired: 1, evicted: 1
09-28 17:36:43.908  7252  8493 W pkr     : CaptureResult is present COLOR_CORRECTION_GAINS NEUTRAL.
09-28 17:36:43.917  7252  7823 E libgcam : [camera_motion_blur_estimator.cc:57]: EstimateCameraMotionBlur: Can't estimate camera motion blur, because gyro data is missing.
09-28 17:36:43.971  7252  8493 W pkr     : CaptureResult is present COLOR_CORRECTION_GAINS NEUTRAL.
09-28 17:36:43.978  7252  7823 E libgcam : [camera_motion_blur_estimator.cc:57]: EstimateCameraMotionBlur: Can't estimate camera motion blur, because gyro data is missing.
09-28 17:36:44.023  7252  8493 W pkr     : CaptureResult is present COLOR_CORRECTION_GAINS NEUTRAL.
09-28 17:36:44.030  7252  7823 E libgcam : [camera_motion_blur_estimator.cc:57]: EstimateCameraMotionBlur: Can't estimate camera motion blur, because gyro data is missing.
09-28 17:36:44.033  7252  7823 W libgcam : [shot_helper.cc:352]: LogViewfinderAeWarnings: viewfinder_short_tet (0.000ms) is further than expected from the capture TET (866.400ms). Relative error: 100%.
09-28 17:36:44.062  7252  8160 W CAM_A   : PHOTO > result sensor delay = 1,90 > 1,10
09-28 17:36:44.063  7252  8298 W CAM_A   : Could not find previous metadata for frame at 255611078328533
09-28 17:36:44.075  7252  7325 W pkr     : CaptureResult is present COLOR_CORRECTION_GAINS NEUTRAL.
09-28 17:36:44.083  7252  7325 W pkr     : aeCrop exceeds preCorrectionActiveArraySize.
09-28 17:36:44.092  7252  8160 W CAM_A   : PHOTO > rel Δ(result sensor timestamp) = 0,47 > 0,25
09-28 17:36:44.261  7252  7325 W pkr     : CaptureResult is present COLOR_CORRECTION_GAINS NEUTRAL.
09-28 17:36:44.272  7252  7325 W pkr     : aeCrop exceeds preCorrectionActiveArraySize.
09-28 17:36:44.318  7252  7252 W CAM_A   : isListed: unknown activity. mimeType=image/* className=com.facebook.timeline.stagingground.Fb4aProfilePictureShareActivityAlias
09-28 17:36:44.318  7252  7252 W CAM_A   : isListed: unknown activity. mimeType=image/* className=com.facebook.composer.shareintent.ImplicitShareIntentHandlerDefaultAlias
09-28 17:36:44.318  7252  7252 W CAM_A   : isListed: unknown activity. mimeType=image/* className=com.facebook.composer.shareintent.ShareToGroupsAlias
09-28 17:36:44.318  7252  7252 W CAM_A   : isListed: unknown activity. mimeType=image/* className=com.instagram.share.handleractivity.ShareHandlerActivity
09-28 17:36:44.318  7252  7252 W CAM_A   : isListed: unknown activity. mimeType=image/* className=com.instagram.share.handleractivity.ReelShareHandlerActivity
09-28 17:36:44.318  7252  7252 W CAM_A   : isListed: unknown activity. mimeType=image/* className=com.instagram.direct.share.handler.DirectExternalMediaShareActivityPhoto
09-28 17:36:44.318  7252  7252 W CAM_A   : isListed: unknown activity. mimeType=image/* className=com.whatsapp.contact.ui.picker.ContactPicker
09-28 17:36:44.325  7252  7252 W CAM_A   : isListed: unknown activity. mimeType=video/* className=com.facebook.composer.shareintent.ImplicitShareIntentHandlerDefaultAlias
09-28 17:36:44.325  7252  7252 W CAM_A   : isListed: unknown activity. mimeType=video/* className=com.facebook.composer.shareintent.ShareToGroupsAlias
09-28 17:36:44.325  7252  7252 W CAM_A   : isListed: unknown activity. mimeType=video/* className=com.facebook.inspiration.fbshorts.shareintent.InpirationFbShortsShareAlias
09-28 17:36:44.325  7252  7252 W CAM_A   : isListed: unknown activity. mimeType=video/* className=com.instagram.share.handleractivity.ShareHandlerActivity
09-28 17:36:44.325  7252  7252 W CAM_A   : isListed: unknown activity. mimeType=video/* className=com.instagram.share.handleractivity.ReelShareHandlerActivity
09-28 17:36:44.325  7252  7252 W CAM_A   : isListed: unknown activity. mimeType=video/* className=com.instagram.direct.share.handler.DirectExternalMediaShareActivityVideo
09-28 17:36:44.325  7252  7252 W CAM_A   : isListed: unknown activity. mimeType=video/* className=com.whatsapp.contact.ui.picker.ContactPicker
09-28 17:36:44.476  7252  7293 W pkr     : CaptureResult is present COLOR_CORRECTION_GAINS NEUTRAL.
09-28 17:36:44.520  7252  7293 W pkr     : aeCrop exceeds preCorrectionActiveArraySize.
09-28 17:36:44.560  7252  8160 W CAM_A   : PHOTO > rel Δ(result sensor timestamp) = 1,00 > 0,25
09-28 17:36:44.560  7252  8160 W CAM_A   : PHOTO > result sensor delay = 2,00 > 1,10
09-28 17:36:44.589  7252  8160 W CAM_A   : PHOTO > rel Δ(result sensor timestamp) = 0,50 > 0,25
09-28 17:36:44.690  7252  7293 W pkr     : CaptureResult is present COLOR_CORRECTION_GAINS NEUTRAL.
09-28 17:36:44.695  7252  7293 W pkr     : aeCrop exceeds preCorrectionActiveArraySize.
09-28 17:36:44.894  7252  7325 W pkr     : CaptureResult is present COLOR_CORRECTION_GAINS NEUTRAL.
09-28 17:36:44.905  7252  7325 W pkr     : aeCrop exceeds preCorrectionActiveArraySize.
09-28 17:36:45.068  7252  7513 W CAM_A   : Ignored Rectiface warpfield re-initialization.
09-28 17:36:45.069  7252  7513 W native  : W0928 17:36:45.068919    7513 rectiface_hdrplus_option_factory.cc:94] Invalid device_os_version string!motorola/fogos_gpn/fogos:15/V1UGS35H.75-14-9-1/2ca1c2-18a86:user/release-keys
09-28 17:36:45.069  7252  7513 W native  : W0928 17:36:45.069222    7513 rectiface_hdrplus.cc:290] Rectiface: empty face landmarks - FrameMetadata may be outdated. Support will be deprecated soon.
09-28 17:36:45.069  7252  7504 E GoLog   : W0928 17:36:45.068919    7513 rectiface_hdrplus_option_factory.cc:94] Invalid device_os_version string!motorola/fogos_gpn/fogos:15/V1UGS35H.75-14-9-1/2ca1c2-18a86:user/release-keys
09-28 17:36:45.069  7252  7504 E GoLog   : W0928 17:36:45.069222    7513 rectiface_hdrplus.cc:290] Rectiface: empty face landmarks - FrameMetadata may be outdated. Support will be deprecated soon.
09-28 17:36:45.072  7252  7799 W native  : W0928 17:36:45.071937    7799 face_tracker_gcam.cc:71] Ignore max_num_faces in face detection.
09-28 17:36:45.072  7252  7504 E GoLog   : W0928 17:36:45.071937    7799 face_tracker_gcam.cc:71] Ignore max_num_faces in face detection.
09-28 17:36:45.078  7252  7799 W native  : W0928 17:36:45.078199    7799 face_tracker_gcam.cc:91] Ignore roll_angle in landmark detection.
09-28 17:36:45.078  7252  7504 E GoLog   : W0928 17:36:45.078199    7799 face_tracker_gcam.cc:91] Ignore roll_angle in landmark detection.
09-28 17:36:45.088  7252  7293 W pkr     : CaptureResult is present COLOR_CORRECTION_GAINS NEUTRAL.
09-28 17:36:45.095  7252  8524 W native  : W0928 17:36:45.094964    8524 plane_utils.cc:233] Image is reallocated due to the change of size.
09-28 17:36:45.096  7252  8524 W native  : W0928 17:36:45.096803    8524 plane_utils.cc:233] Image is reallocated due to the change of size.
09-28 17:36:45.098  7252  7504 E GoLog   : W0928 17:36:45.094964    8524 plane_utils.cc:233] Image is reallocated due to the change of size.
09-28 17:36:45.098  7252  7504 E GoLog   : W0928 17:36:45.096803    8524 plane_utils.cc:233] Image is reallocated due to the change of size.
09-28 17:36:45.099  7252  7799 W native  : W0928 17:36:45.099455    7799 face_tracker_gcam.cc:107] Memcpy incurred. This may hurt performance.
09-28 17:36:45.099  7252  7504 E GoLog   : W0928 17:36:45.099455    7799 face_tracker_gcam.cc:107] Memcpy incurred. This may hurt performance.
09-28 17:36:45.105  7252  7293 W pkr     : aeCrop exceeds preCorrectionActiveArraySize.
09-28 17:36:45.128  7252  7799 W native  : W0928 17:36:45.128565    7799 rectiface_processor.cc:1252] Rectiface expects fully populated external landmark. FrameMetadata may be outdated. Support will be deprecated soon.
09-28 17:36:45.128  7252  7504 E GoLog   : W0928 17:36:45.128565    7799 rectiface_processor.cc:1252] Rectiface expects fully populated external landmark. FrameMetadata may be outdated. Support will be deprecated soon.
09-28 17:36:45.322  7252  8160 W CAM_A   : PHOTO > rel Δ(result sensor timestamp) = 1,00 > 0,25
09-28 17:36:45.322  7252  8160 W CAM_A   : PHOTO > result sensor delay = 2,00 > 1,10
09-28 17:36:45.328  7252  7325 W pkr     : CaptureResult is present COLOR_CORRECTION_GAINS NEUTRAL.
09-28 17:36:45.359  7252  7325 W pkr     : aeCrop exceeds preCorrectionActiveArraySize.
09-28 17:36:45.362  7252  8160 W CAM_A   : PHOTO > rel Δ(result sensor timestamp) = 0,50 > 0,25
09-28 17:36:45.390  7252  7252 W CAM_A   : Placeholder drawable removed: key=ShotId-1 evicted=false
09-28 17:36:45.456  7252  8160 W CAM_A   : PHOTO > rel Δ(result sensor timestamp) = 1,00 > 0,25
09-28 17:36:45.456  7252  8160 W CAM_A   : PHOTO > result sensor delay = 2,00 > 1,10
09-28 17:36:45.459  7252  7252 W CAM_A   : isListed: unknown activity. mimeType=image/* className=com.facebook.timeline.stagingground.Fb4aProfilePictureShareActivityAlias
09-28 17:36:45.459  7252  7252 W CAM_A   : isListed: unknown activity. mimeType=image/* className=com.facebook.composer.shareintent.ImplicitShareIntentHandlerDefaultAlias
09-28 17:36:45.459  7252  7252 W CAM_A   : isListed: unknown activity. mimeType=image/* className=com.facebook.composer.shareintent.ShareToGroupsAlias
09-28 17:36:45.459  7252  7252 W CAM_A   : isListed: unknown activity. mimeType=image/* className=com.instagram.share.handleractivity.ShareHandlerActivity
09-28 17:36:45.459  7252  7252 W CAM_A   : isListed: unknown activity. mimeType=image/* className=com.instagram.share.handleractivity.ReelShareHandlerActivity
09-28 17:36:45.459  7252  7252 W CAM_A   : isListed: unknown activity. mimeType=image/* className=com.instagram.direct.share.handler.DirectExternalMediaShareActivityPhoto
09-28 17:36:45.459  7252  7252 W CAM_A   : isListed: unknown activity. mimeType=image/* className=com.whatsapp.contact.ui.picker.ContactPicker
09-28 17:36:45.466  7252  7252 W CAM_A   : isListed: unknown activity. mimeType=video/* className=com.facebook.composer.shareintent.ImplicitShareIntentHandlerDefaultAlias
09-28 17:36:45.466  7252  7252 W CAM_A   : isListed: unknown activity. mimeType=video/* className=com.facebook.composer.shareintent.ShareToGroupsAlias
09-28 17:36:45.466  7252  7252 W CAM_A   : isListed: unknown activity. mimeType=video/* className=com.facebook.inspiration.fbshorts.shareintent.InpirationFbShortsShareAlias
09-28 17:36:45.466  7252  7252 W CAM_A   : isListed: unknown activity. mimeType=video/* className=com.instagram.share.handleractivity.ShareHandlerActivity
09-28 17:36:45.466  7252  7252 W CAM_A   : isListed: unknown activity. mimeType=video/* className=com.instagram.share.handleractivity.ReelShareHandlerActivity
09-28 17:36:45.466  7252  7252 W CAM_A   : isListed: unknown activity. mimeType=video/* className=com.instagram.direct.share.handler.DirectExternalMediaShareActivityVideo
09-28 17:36:45.466  7252  7252 W CAM_A   : isListed: unknown activity. mimeType=video/* className=com.whatsapp.contact.ui.picker.ContactPicker
09-28 17:36:45.491  7252  8160 W CAM_A   : PHOTO > rel Δ(result sensor timestamp) = 0,50 > 0,25
09-28 17:36:45.573  7252  7293 W pkr     : CaptureResult is present COLOR_CORRECTION_GAINS NEUTRAL.
09-28 17:36:45.584  7252  7293 W pkr     : aeCrop exceeds preCorrectionActiveArraySize.
09-28 17:36:45.752  7252  7293 W pkr     : CaptureResult is present COLOR_CORRECTION_GAINS NEUTRAL.
09-28 17:36:45.760  7252  7293 W pkr     : aeCrop exceeds preCorrectionActiveArraySize.
09-28 17:36:45.984  7252  7325 W pkr     : CaptureResult is present COLOR_CORRECTION_GAINS NEUTRAL.
09-28 17:36:46.000  7252  7325 W pkr     : aeCrop exceeds preCorrectionActiveArraySize.
09-28 17:36:46.161  7252  7325 W pkr     : CaptureResult is present COLOR_CORRECTION_GAINS NEUTRAL.
09-28 17:36:46.176  7252  7325 W pkr     : aeCrop exceeds preCorrectionActiveArraySize.
09-28 17:36:46.348  7252  7293 W pkr     : CaptureResult is present COLOR_CORRECTION_GAINS NEUTRAL.
09-28 17:36:46.358  7252  7293 W pkr     : aeCrop exceeds preCorrectionActiveArraySize.
09-28 17:36:46.570  7252  7293 W pkr     : CaptureResult is present COLOR_CORRECTION_GAINS NEUTRAL.
09-28 17:36:46.582  7252  7293 W pkr     : aeCrop exceeds preCorrectionActiveArraySize.
09-28 17:36:46.767  7252  7293 W pkr     : CaptureResult is present COLOR_CORRECTION_GAINS NEUTRAL.
09-28 17:36:46.778  7252  7293 W pkr     : aeCrop exceeds preCorrectionActiveArraySize.
09-28 17:36:46.964  7252  7293 W pkr     : CaptureResult is present COLOR_CORRECTION_GAINS NEUTRAL.
09-28 17:36:46.976  7252  7293 W pkr     : aeCrop exceeds preCorrectionActiveArraySize.
09-28 17:36:47.155  7252  7293 W pkr     : CaptureResult is present COLOR_CORRECTION_GAINS NEUTRAL.
09-28 17:36:47.169  7252  7293 W pkr     : aeCrop exceeds preCorrectionActiveArraySize.
09-28 17:36:47.353  7252  7293 W pkr     : CaptureResult is present COLOR_CORRECTION_GAINS NEUTRAL.
09-28 17:36:47.365  7252  7293 W pkr     : aeCrop exceeds preCorrectionActiveArraySize.
09-28 17:36:47.557  7252  7325 W pkr     : CaptureResult is present COLOR_CORRECTION_GAINS NEUTRAL.
09-28 17:36:47.571  7252  7325 W pkr     : aeCrop exceeds preCorrectionActiveArraySize.
09-28 17:36:47.755  7252  7293 W pkr     : CaptureResult is present COLOR_CORRECTION_GAINS NEUTRAL.
09-28 17:36:47.764  7252  7293 W pkr     : aeCrop exceeds preCorrectionActiveArraySize.
09-28 17:36:47.956  7252  7293 W pkr     : CaptureResult is present COLOR_CORRECTION_GAINS NEUTRAL.
09-28 17:36:47.971  7252  7293 W pkr     : aeCrop exceeds preCorrectionActiveArraySize.
09-28 17:36:48.156  7252  7293 W pkr     : CaptureResult is present COLOR_CORRECTION_GAINS NEUTRAL.
09-28 17:36:48.171  7252  7293 W pkr     : aeCrop exceeds preCorrectionActiveArraySize.
09-28 17:36:48.353  7252  7325 W pkr     : CaptureResult is present COLOR_CORRECTION_GAINS NEUTRAL.
09-28 17:36:48.364  7252  7325 W pkr     : aeCrop exceeds preCorrectionActiveArraySize.
09-28 17:36:48.551  7252  7293 W pkr     : CaptureResult is present COLOR_CORRECTION_GAINS NEUTRAL.
09-28 17:36:48.561  7252  7293 W pkr     : aeCrop exceeds preCorrectionActiveArraySize.
09-28 17:36:48.756  7252  7325 W pkr     : CaptureResult is present COLOR_CORRECTION_GAINS NEUTRAL.
09-28 17:36:48.766  7252  7325 W pkr     : aeCrop exceeds preCorrectionActiveArraySize.
09-28 17:36:48.954  7252  7293 W pkr     : CaptureResult is present COLOR_CORRECTION_GAINS NEUTRAL.
09-28 17:36:48.975  7252  7293 W pkr     : aeCrop exceeds preCorrectionActiveArraySize.
09-28 17:36:49.159  7252  7325 W pkr     : CaptureResult is present COLOR_CORRECTION_GAINS NEUTRAL.
09-28 17:36:49.178  7252  7325 W pkr     : aeCrop exceeds preCorrectionActiveArraySize.
09-28 17:36:49.354  7252  7293 W pkr     : CaptureResult is present COLOR_CORRECTION_GAINS NEUTRAL.
09-28 17:36:49.364  7252  7293 W pkr     : aeCrop exceeds preCorrectionActiveArraySize.
09-28 17:36:49.548  7252  7325 W pkr     : CaptureResult is present COLOR_CORRECTION_GAINS NEUTRAL.
09-28 17:36:49.560  7252  7325 W pkr     : aeCrop exceeds preCorrectionActiveArraySize.
09-28 17:36:49.664  7252  7293 E PhenotypeFlagCommitter: Retrieving snapshot for com.google.android.apps.camera#com.google.android.GoogleCameraEngR18F1 failed
09-28 17:36:49.664  7252  7293 E PhenotypeFlagCommitter: java.util.concurrent.ExecutionException: java.lang.SecurityException: GoogleCertificatesRslt: not allowed: pkg=com.google.android.GoogleCameraEngR18F1, sha256=[a40da80a59d170caa950cf15c18c454d47a39b26989d8b640ecd745ba71bf5dc], atk=false, ver=253830035.true (go/gsrlt)
09-28 17:36:49.664  7252  7293 E PhenotypeFlagCommitter: 	at mip.fb(Unknown Source:27)
09-28 17:36:49.664  7252  7293 E PhenotypeFlagCommitter: 	at mip.cd(Unknown Source:63)
09-28 17:36:49.664  7252  7293 E PhenotypeFlagCommitter: 	at kuc.c(Unknown Source:12)
09-28 17:36:49.664  7252  7293 E PhenotypeFlagCommitter: 	at kuc.e(Unknown Source:35)
09-28 17:36:49.664  7252  7293 E PhenotypeFlagCommitter: 	at kuc.b(Unknown Source:1)
09-28 17:36:49.664  7252  7293 E PhenotypeFlagCommitter: 	at gvh.a(Unknown Source:35)
09-28 17:36:49.664  7252  7293 E PhenotypeFlagCommitter: 	at gvj.run(Unknown Source:9)
09-28 17:36:49.664  7252  7293 E PhenotypeFlagCommitter: 	at law.run(Unknown Source:2)
09-28 17:36:49.664  7252  7293 E PhenotypeFlagCommitter: 	at java.util.concurrent.Executors$RunnableAdapter.call(Executors.java:524)
09-28 17:36:49.664  7252  7293 E PhenotypeFlagCommitter: 	at pio.a(Unknown Source:2)
09-28 17:36:49.664  7252  7293 E PhenotypeFlagCommitter: 	at phs.run(Unknown Source:20)
09-28 17:36:49.664  7252  7293 E PhenotypeFlagCommitter: 	at pip.run(Unknown Source:4)
09-28 17:36:49.664  7252  7293 E PhenotypeFlagCommitter: 	at java.util.concurrent.Executors$RunnableAdapter.call(Executors.java:524)
09-28 17:36:49.664  7252  7293 E PhenotypeFlagCommitter: 	at java.util.concurrent.FutureTask.run(FutureTask.java:317)
09-28 17:36:49.664  7252  7293 E PhenotypeFlagCommitter: 	at java.util.concurrent.ScheduledThreadPoolExecutor$ScheduledFutureTask.run(ScheduledThreadPoolExecutor.java:348)
09-28 17:36:49.664  7252  7293 E PhenotypeFlagCommitter: 	at lbh.run(Unknown Source:2)
09-28 17:36:49.664  7252  7293 E PhenotypeFlagCommitter: 	at lbg.run(Unknown Source:0)
09-28 17:36:49.664  7252  7293 E PhenotypeFlagCommitter: 	at java.util.concurrent.ThreadPoolExecutor.runWorker(ThreadPoolExecutor.java:1156)
09-28 17:36:49.664  7252  7293 E PhenotypeFlagCommitter: 	at java.util.concurrent.ThreadPoolExecutor$Worker.run(ThreadPoolExecutor.java:651)
09-28 17:36:49.664  7252  7293 E PhenotypeFlagCommitter: 	at java.lang.Thread.run(Thread.java:1119)
09-28 17:36:49.664  7252  7293 E PhenotypeFlagCommitter: 	at lab.run(Unknown Source:5)
09-28 17:36:49.664  7252  7293 E PhenotypeFlagCommitter: Caused by: java.lang.SecurityException: GoogleCertificatesRslt: not allowed: pkg=com.google.android.GoogleCameraEngR18F1, sha256=[a40da80a59d170caa950cf15c18c454d47a39b26989d8b640ecd745ba71bf5dc], atk=false, ver=253830035.true (go/gsrlt)
09-28 17:36:49.664  7252  7293 E PhenotypeFlagCommitter: 	at android.os.Parcel.createExceptionOrNull(Parcel.java:3242)
09-28 17:36:49.664  7252  7293 E PhenotypeFlagCommitter: 	at android.os.Parcel.createException(Parcel.java:3226)
09-28 17:36:49.664  7252  7293 E PhenotypeFlagCommitter: 	at android.os.Parcel.readException(Parcel.java:3209)
09-28 17:36:49.664  7252  7293 E PhenotypeFlagCommitter: 	at android.os.Parcel.readException(Parcel.java:3151)
09-28 17:36:49.664  7252  7293 E PhenotypeFlagCommitter: 	at bmn.z(Unknown Source:10)
09-28 17:36:49.664  7252  7293 E PhenotypeFlagCommitter: 	at ktz.a(Unknown Source:38)
09-28 17:36:49.664  7252  7293 E PhenotypeFlagCommitter: 	at kjd.f(Unknown Source:10)
09-28 17:36:49.664  7252  7293 E PhenotypeFlagCommitter: 	at kkc.t(Unknown Source:9)
09-28 17:36:49.664  7252  7293 E PhenotypeFlagCommitter: 	at kkc.u(Unknown Source:22)
09-28 17:36:49.664  7252  7293 E PhenotypeFlagCommitter: 	at kkc.e(Unknown Source:15)
09-28 17:36:49.664  7252  7293 E PhenotypeFlagCommitter: 	at kkg.handleMessage(Unknown Source:920)
09-28 17:36:49.664  7252  7293 E PhenotypeFlagCommitter: 	at android.os.Handler.dispatchMessage(Handler.java:108)
09-28 17:36:49.664  7252  7293 E PhenotypeFlagCommitter: 	at ksg.b(Unknown Source:0)
09-28 17:36:49.664  7252  7293 E PhenotypeFlagCommitter: 	at ksg.dispatchMessage(Unknown Source:0)
09-28 17:36:49.664  7252  7293 E PhenotypeFlagCommitter: 	at android.os.Looper.loopOnce(Looper.java:268)
09-28 17:36:49.664  7252  7293 E PhenotypeFlagCommitter: 	at android.os.Looper.loop(Looper.java:384)
09-28 17:36:49.664  7252  7293 E PhenotypeFlagCommitter: 	at android.os.HandlerThread.run(HandlerThread.java:103)
09-28 17:36:49.795  7252  7293 W pkr     : CaptureResult is present COLOR_CORRECTION_GAINS NEUTRAL.
09-28 17:36:49.813  7252  7293 W pkr     : aeCrop exceeds preCorrectionActiveArraySize.
09-28 17:36:49.820  7252  8160 W CAM_A   : PHOTO > rel Δ(result sensor timestamp) = 1,00 > 0,25
09-28 17:36:49.821  7252  8160 W CAM_A   : PHOTO > result sensor delay = 2,00 > 1,10
09-28 17:36:49.859  7252  8160 W CAM_A   : PHOTO > rel Δ(result sensor timestamp) = 0,50 > 0,25
09-28 17:36:49.943  7252  8160 W CAM_A   : PHOTO > rel Δ(result sensor timestamp) = 1,00 > 0,25
09-28 17:36:49.943  7252  8160 W CAM_A   : PHOTO > result sensor delay = 2,00 > 1,10
09-28 17:36:49.984  7252  8160 W CAM_A   : PHOTO > rel Δ(result sensor timestamp) = 0,50 > 0,25
09-28 17:36:50.012  7252  7293 W pkr     : CaptureResult is present COLOR_CORRECTION_GAINS NEUTRAL.
09-28 17:36:50.041  7252  7293 W pkr     : aeCrop exceeds preCorrectionActiveArraySize.
09-28 17:36:50.214  7252  7293 W pkr     : CaptureResult is present COLOR_CORRECTION_GAINS NEUTRAL.
09-28 17:36:50.220  7252  7293 W pkr     : aeCrop exceeds preCorrectionActiveArraySize.
09-28 17:36:50.424  7252  7252 D Surface : Surface::disconnect
09-28 17:36:50.424  7252  7252 D BufferQueueProducer: [SurfaceView[com.google.android.GoogleCameraEngR18F1/com.google.android.apps.camera.legacy.app.activity.main.CameraActivity](BLAST)#45108(BLAST Consumer)pid:7252](id:1c540000000b,api:4,p:1734,c:7252) disconnect: api -1
09-28 17:36:50.433  7252  7325 W pkr     : CaptureResult is present COLOR_CORRECTION_GAINS NEUTRAL.
09-28 17:36:50.439  7252  7252 W CAM_A   : Duplicate call to stopModule; skipping stop.
09-28 17:36:50.440  7252  7716 E BufferQueueProducer: [SurfaceView[com.google.android.GoogleCameraEngR18F1/com.google.android.apps.camera.legacy.app.activity.main.CameraActivity](BLAST)#45108(BLAST Consumer)pid:7252](id:1c540000000b,api:4,p:1734,c:7252) queueBuffer: BufferQueue has been abandoned
09-28 17:36:50.453  7252  7504 E GoLog   : E0928 17:36:50.453066    8493 jni_environment.cc:81] Failed to detach current thread from the JVM. JavaVM::DetachCurrentThread returned: -1
09-28 17:36:50.454  7252  7325 W pkr     : aeCrop exceeds preCorrectionActiveArraySize.
09-28 17:36:50.454  7252  8493 E native  : E0928 17:36:50.453066    8493 jni_environment.cc:81] Failed to detach current thread from the JVM. JavaVM::DetachCurrentThread returned: -1
09-28 17:36:50.454  7252  7716 E BufferQueueProducer: [SurfaceView[com.google.android.GoogleCameraEngR18F1/com.google.android.apps.camera.legacy.app.activity.main.CameraActivity](BLAST)#45108(BLAST Consumer)pid:7252](id:1c540000000b,api:4,p:1734,c:7252) dequeueBuffer: BufferQueue has been abandoned
09-28 17:36:50.459  7252  7271 E BufferQueueProducer: [SurfaceView[com.google.android.GoogleCameraEngR18F1/com.google.android.apps.camera.legacy.app.activity.main.CameraActivity](BLAST)#45108(BLAST Consumer)pid:7252](id:1c540000000b,api:4,p:1734,c:7252) cancelBuffer: BufferQueue has been abandoned
09-28 17:36:50.461  7252  7252 W CAM_FrameServer: Attempted to invoke unlock3A on FrameServer-1 after close()
09-28 17:36:50.469  7252  7271 E BufferQueueProducer: [SurfaceView[com.google.android.GoogleCameraEngR18F1/com.google.android.apps.camera.legacy.app.activity.main.CameraActivity](BLAST)#45108(BLAST Consumer)pid:7252](id:1c540000000b,api:4,p:1734,c:7252) cancelBuffer: BufferQueue has been abandoned
09-28 17:36:50.480  7252  7271 E BufferQueueProducer: [SurfaceView[com.google.android.GoogleCameraEngR18F1/com.google.android.apps.camera.legacy.app.activity.main.CameraActivity](BLAST)#45108(BLAST Consumer)pid:7252](id:1c540000000b,api:4,p:1734,c:7252) cancelBuffer: BufferQueue has been abandoned
09-28 17:36:50.484  7252  8272 D Surface : Surface::disconnect
09-28 17:36:50.484  7252  8272 D BufferQueueProducer: [GraphicBufferSource](id:1c540000000c,api:1,p:7252,c:7252) disconnect: api 1
09-28 17:36:50.484  7252  8272 W GraphicBufferSource: released unpopulated slots: [0, 1, 2, 3, 4, 5, 6, 7, 8, 9, 10, 11, 12, 13, 14, 15, 16, 17, 18, 19, 20, 21, 22, 23, 24, 25, 26, 27, 28, 29, 30, 31, 32, 33, 34, 35, 36, 37, 38, 39, 40, 41, 42, 43, 44, 45, 46, 47, 48, 49, 50, 51, 52, 53, 54, 55, 56, 57, 58, 59, 60, 61, 62, 63]
09-28 17:36:50.485  7252  7300 D Surface : Surface::disconnect
09-28 17:36:50.485  7252  7300 D BufferQueueProducer: [com.google.android.GoogleCameraEngR18F1/com.google.android.apps.camera.legacy.app.activity.main.CameraActivity#45102(BLAST Consumer)pid:7252](id:1c5400000008,api:1,p:7252,c:7252) disconnect: api 1
09-28 17:36:50.486  7252  7716 E BufferQueueProducer: [SurfaceView[com.google.android.GoogleCameraEngR18F1/com.google.android.apps.camera.legacy.app.activity.main.CameraActivity](BLAST)#45108(BLAST Consumer)pid:7252](id:1c540000000b,api:4,p:1734,c:7252) cancelBuffer: BufferQueue has been abandoned
09-28 17:36:50.487  7252  8271 I MediaCodec: (0x78ed32b800) signalEndOfInputStream
09-28 17:36:50.487  7252  7748 D BufferPoolAccessor2.0: bufferpool2 0x78d72c8e28 : 3(230400 size) total buffers - 3(230400 size) used buffers - 0/5 (recycle/alloc) - 0/0 (fetch/transfer)
09-28 17:36:50.487  7252  7748 D BufferPoolAccessor2.0: bufferpool2 0x78ed5a8228 : 4(307200 size) total buffers - 3(230400 size) used buffers - 0/5 (recycle/alloc) - 0/0 (fetch/transfer)
09-28 17:36:50.488  7252  7716 E BufferQueueProducer: [SurfaceView[com.google.android.GoogleCameraEngR18F1/com.google.android.apps.camera.legacy.app.activity.main.CameraActivity](BLAST)#45108(BLAST Consumer)pid:7252](id:1c540000000b,api:4,p:1734,c:7252) cancelBuffer: BufferQueue has been abandoned
09-28 17:36:50.489  7252  7716 E BufferQueueProducer: [SurfaceView[com.google.android.GoogleCameraEngR18F1/com.google.android.apps.camera.legacy.app.activity.main.CameraActivity](BLAST)#45108(BLAST Consumer)pid:7252](id:1c540000000b,api:4,p:1734,c:7252) cancelBuffer: BufferQueue has been abandoned
09-28 17:36:50.492  7252  8294 I MediaCodec: [0x78ed32b800] dequeue 1 output frames in last 135513026 ms, eos
09-28 17:36:50.494  7252  8270 I MediaCodec: (0x78ed32b800) stop
09-28 17:36:50.497  7252  7716 E BufferQueueProducer: [SurfaceView[com.google.android.GoogleCameraEngR18F1/com.google.android.apps.camera.legacy.app.activity.main.CameraActivity](BLAST)#45108(BLAST Consumer)pid:7252](id:1c540000000b,api:4,p:1734,c:7252) cancelBuffer: BufferQueue has been abandoned
09-28 17:36:50.510  7252  8270 I MediaCodec: (0x78ed32b800) releaseAsync
09-28 17:36:50.524  7252  8295 I hw-BpHwBinder: onLastStrongRef automatically unlinking death recipients
09-28 17:36:50.696  7252  7346 D BufferQueueProducer: [SurfaceView[com.google.android.GoogleCameraEngR18F1/com.google.android.apps.camera.legacy.app.activity.main.CameraActivity](BLAST)#45108(BLAST Consumer)pid:7252](id:1c540000000b,api:4,p:1734,c:7252) disconnect: api 4
09-28 17:36:50.697  7252  7346 D BufferQueueProducer: [ImageReader-2320x1740f25m56-7252-2](id:1c5400000006,api:4,p:1734,c:7252) disconnect: api 4
09-28 17:36:50.709  7252  7346 D BufferQueueProducer: [ImageReader-640x480f23m52-7252-3](id:1c5400000007,api:4,p:1734,c:7252) disconnect: api 4
09-28 17:36:58.800  7252  7300 I HWUI    : setGrContext validptr-->nullptr
09-28 17:36:58.971  7252  7261 W MessageQueue: Handler (android.os.Handler) {f00ded5} sending message to a Handler on a dead thread
09-28 17:36:58.971  7252  7261 W MessageQueue: java.lang.IllegalStateException: Handler (android.os.Handler) {f00ded5} sending message to a Handler on a dead thread
09-28 17:36:58.971  7252  7261 W MessageQueue: 	at android.os.MessageQueue.enqueueMessage(MessageQueue.java:607)
09-28 17:36:58.971  7252  7261 W MessageQueue: 	at android.os.Handler.enqueueMessage(Handler.java:805)
09-28 17:36:58.971  7252  7261 W MessageQueue: 	at android.os.Handler.sendMessageAtTime(Handler.java:747)
09-28 17:36:58.971  7252  7261 W MessageQueue: 	at android.os.Handler.sendMessageDelayed(Handler.java:717)
09-28 17:36:58.971  7252  7261 W MessageQueue: 	at android.os.Handler.post(Handler.java:447)
09-28 17:36:58.971  7252  7261 W MessageQueue: 	at android.hardware.camera2.impl.CameraDeviceImpl$CameraHandlerExecutor.execute(CameraDeviceImpl.java:2559)
09-28 17:36:58.971  7252  7261 W MessageQueue: 	at android.hardware.camera2.impl.CallbackProxies$SessionStateCallbackProxy.onClosed(CallbackProxies.java:104)
09-28 17:36:58.971  7252  7261 W MessageQueue: 	at android.hardware.camera2.impl.CameraCaptureSessionImpl.close(CameraCaptureSessionImpl.java:589)
09-28 17:36:58.971  7252  7261 W MessageQueue: 	at android.hardware.camera2.impl.CameraCaptureSessionImpl.finalize(CameraCaptureSessionImpl.java:895)
09-28 17:36:58.971  7252  7261 W MessageQueue: 	at java.lang.Daemons$FinalizerDaemon.doFinalize(Daemons.java:387)
09-28 17:36:58.971  7252  7261 W MessageQueue: 	at java.lang.Daemons$FinalizerDaemon.processReference(Daemons.java:367)
09-28 17:36:58.971  7252  7261 W MessageQueue: 	at java.lang.